check	Set up job	﻿2026-09-05T04:07:19.5823383Z Current runner version: '2.337.0'
check	Set up job	2026-09-05T04:07:19.5858158Z ##[group]Runner Image Provisioner
check	Set up job	2026-09-05T04:07:19.5859664Z Hosted Compute Agent
check	Set up job	2026-09-05T04:07:19.5860606Z Version: 20260828.587
check	Set up job	2026-09-05T04:07:19.5861634Z Commit: abac92662cab4cc7352de4f9f9d2e2419aad9c29
check	Set up job	2026-09-05T04:07:19.5863255Z Build Date: 2026-08-28T16:44:25Z
check	Set up job	2026-09-05T04:07:19.5864382Z Worker ID: {073b7bbd-5649-4822-b895-ab03e7206183}
check	Set up job	2026-09-05T04:07:19.5865747Z Azure Region: eastus
check	Set up job	2026-09-05T04:07:19.5866717Z ##[endgroup]
check	Set up job	2026-09-05T04:07:19.5869595Z ##[group]Operating System
check	Set up job	2026-09-05T04:07:19.5870637Z Ubuntu
check	Set up job	2026-09-05T04:07:19.5871451Z 24.04.4
check	Set up job	2026-09-05T04:07:19.5872367Z LTS
check	Set up job	2026-09-05T04:07:19.5873516Z ##[endgroup]
check	Set up job	2026-09-05T04:07:19.5874425Z ##[group]Runner Image
check	Set up job	2026-09-05T04:07:19.5875502Z Image: ubuntu-24.04
check	Set up job	2026-09-05T04:07:19.5876446Z Version: 20260831.293.1
check	Set up job	2026-09-05T04:07:19.5878370Z Included Software: https://github.com/actions/runner-images/blob/ubuntu24/20260831.293/images/ubuntu/Ubuntu2404-Readme.md
check	Set up job	2026-09-05T04:07:19.5881400Z Image Release: https://github.com/actions/runner-images/releases/tag/ubuntu24%2F20260831.293
check	Set up job	2026-09-05T04:07:19.5883419Z ##[endgroup]
check	Set up job	2026-09-05T04:07:19.5885690Z ##[group]GITHUB_TOKEN Permissions
check	Set up job	2026-09-05T04:07:19.5888674Z Actions: write
check	Set up job	2026-09-05T04:07:19.5889803Z Contents: read
check	Set up job	2026-09-05T04:07:19.5890748Z Issues: write
check	Set up job	2026-09-05T04:07:19.5891639Z Metadata: read
check	Set up job	2026-09-05T04:07:19.5892632Z ##[endgroup]
check	Set up job	2026-09-05T04:07:19.5895913Z Secret source: Actions
check	Set up job	2026-09-05T04:07:19.5898123Z Prepare workflow directory
check	Set up job	2026-09-05T04:07:19.6371156Z Prepare all required actions
check	Set up job	2026-09-05T04:07:19.6442258Z Getting action download info
check	Set up job	2026-09-05T04:07:19.8256356Z Download action repository 'actions/checkout@3d3c42e5aac5ba805825da76410c181273ba90b1' (SHA:3d3c42e5aac5ba805825da76410c181273ba90b1)
check	Set up job	2026-09-05T04:07:20.0757161Z Complete job name: check
check	Run actions/checkout@3d3c42e5aac5ba805825da76410c181273ba90b1	﻿2026-09-05T04:07:20.1580712Z ##[group]Run actions/checkout@3d3c42e5aac5ba805825da76410c181273ba90b1
check	Run actions/checkout@3d3c42e5aac5ba805825da76410c181273ba90b1	2026-09-05T04:07:20.1581820Z with:
check	Run actions/checkout@3d3c42e5aac5ba805825da76410c181273ba90b1	2026-09-05T04:07:20.1582313Z   persist-credentials: false
check	Run actions/checkout@3d3c42e5aac5ba805825da76410c181273ba90b1	2026-09-05T04:07:20.1582938Z   repository: stranske/Fine-Art-Archive
check	Run actions/checkout@3d3c42e5aac5ba805825da76410c181273ba90b1	2026-09-05T04:07:20.1586855Z   token: ***
check	Run actions/checkout@3d3c42e5aac5ba805825da76410c181273ba90b1	2026-09-05T04:07:20.1587303Z   ssh-strict: true
check	Run actions/checkout@3d3c42e5aac5ba805825da76410c181273ba90b1	2026-09-05T04:07:20.1587778Z   ssh-user: git
check	Run actions/checkout@3d3c42e5aac5ba805825da76410c181273ba90b1	2026-09-05T04:07:20.1588275Z   clean: true
check	Run actions/checkout@3d3c42e5aac5ba805825da76410c181273ba90b1	2026-09-05T04:07:20.1588739Z   sparse-checkout-cone-mode: true
check	Run actions/checkout@3d3c42e5aac5ba805825da76410c181273ba90b1	2026-09-05T04:07:20.1589295Z   fetch-depth: 1
check	Run actions/checkout@3d3c42e5aac5ba805825da76410c181273ba90b1	2026-09-05T04:07:20.1589736Z   fetch-tags: false
check	Run actions/checkout@3d3c42e5aac5ba805825da76410c181273ba90b1	2026-09-05T04:07:20.1590189Z   show-progress: true
check	Run actions/checkout@3d3c42e5aac5ba805825da76410c181273ba90b1	2026-09-05T04:07:20.1590708Z   lfs: false
check	Run actions/checkout@3d3c42e5aac5ba805825da76410c181273ba90b1	2026-09-05T04:07:20.1591164Z   submodules: false
check	Run actions/checkout@3d3c42e5aac5ba805825da76410c181273ba90b1	2026-09-05T04:07:20.1591623Z   set-safe-directory: true
check	Run actions/checkout@3d3c42e5aac5ba805825da76410c181273ba90b1	2026-09-05T04:07:20.1592145Z   allow-unsafe-pr-checkout: false
check	Run actions/checkout@3d3c42e5aac5ba805825da76410c181273ba90b1	2026-09-05T04:07:20.1593185Z ##[endgroup]
check	Run actions/checkout@3d3c42e5aac5ba805825da76410c181273ba90b1	2026-09-05T04:07:20.2564099Z Syncing repository: stranske/Fine-Art-Archive
check	Run actions/checkout@3d3c42e5aac5ba805825da76410c181273ba90b1	2026-09-05T04:07:20.2565992Z ##[group]Getting Git version info
check	Run actions/checkout@3d3c42e5aac5ba805825da76410c181273ba90b1	2026-09-05T04:07:20.2566909Z Working directory is '/home/runner/work/Fine-Art-Archive/Fine-Art-Archive'
check	Run actions/checkout@3d3c42e5aac5ba805825da76410c181273ba90b1	2026-09-05T04:07:20.2568309Z [command]/usr/bin/git version
check	Run actions/checkout@3d3c42e5aac5ba805825da76410c181273ba90b1	2026-09-05T04:07:20.2637432Z git version 2.55.0
check	Run actions/checkout@3d3c42e5aac5ba805825da76410c181273ba90b1	2026-09-05T04:07:20.2658755Z ##[endgroup]
check	Run actions/checkout@3d3c42e5aac5ba805825da76410c181273ba90b1	2026-09-05T04:07:20.2670260Z Temporarily overriding HOME='/home/runner/work/_temp/4ac40b1b-94d0-4328-b565-afe2f1d59863' before making global git config changes
check	Run actions/checkout@3d3c42e5aac5ba805825da76410c181273ba90b1	2026-09-05T04:07:20.2675495Z Adding repository directory to the temporary git global config as a safe directory
check	Run actions/checkout@3d3c42e5aac5ba805825da76410c181273ba90b1	2026-09-05T04:07:20.2676814Z [command]/usr/bin/git config --global --add safe.directory /home/runner/work/Fine-Art-Archive/Fine-Art-Archive
check	Run actions/checkout@3d3c42e5aac5ba805825da76410c181273ba90b1	2026-09-05T04:07:20.2728869Z Deleting the contents of '/home/runner/work/Fine-Art-Archive/Fine-Art-Archive'
check	Run actions/checkout@3d3c42e5aac5ba805825da76410c181273ba90b1	2026-09-05T04:07:20.2732918Z ##[group]Determining repository object format
check	Run actions/checkout@3d3c42e5aac5ba805825da76410c181273ba90b1	2026-09-05T04:07:20.2734930Z ##[endgroup]
check	Run actions/checkout@3d3c42e5aac5ba805825da76410c181273ba90b1	2026-09-05T04:07:20.2736322Z ##[group]Initializing the repository
check	Run actions/checkout@3d3c42e5aac5ba805825da76410c181273ba90b1	2026-09-05T04:07:20.2739740Z [command]/usr/bin/git init /home/runner/work/Fine-Art-Archive/Fine-Art-Archive
check	Run actions/checkout@3d3c42e5aac5ba805825da76410c181273ba90b1	2026-09-05T04:07:20.2873934Z hint: Using 'master' as the name for the initial branch. This default branch name
check	Run actions/checkout@3d3c42e5aac5ba805825da76410c181273ba90b1	2026-09-05T04:07:20.2876510Z hint: will change to "main" in Git 3.0. To configure the initial branch name
check	Run actions/checkout@3d3c42e5aac5ba805825da76410c181273ba90b1	2026-09-05T04:07:20.2878309Z hint: to use in all of your new repositories, which will suppress this warning,
check	Run actions/checkout@3d3c42e5aac5ba805825da76410c181273ba90b1	2026-09-05T04:07:20.2880103Z hint: call:
check	Run actions/checkout@3d3c42e5aac5ba805825da76410c181273ba90b1	2026-09-05T04:07:20.2881048Z hint:
check	Run actions/checkout@3d3c42e5aac5ba805825da76410c181273ba90b1	2026-09-05T04:07:20.2882155Z hint: 	git config --global init.defaultBranch <name>
check	Run actions/checkout@3d3c42e5aac5ba805825da76410c181273ba90b1	2026-09-05T04:07:20.2883812Z hint:
check	Run actions/checkout@3d3c42e5aac5ba805825da76410c181273ba90b1	2026-09-05T04:07:20.2885212Z hint: Names commonly chosen instead of 'master' are 'main', 'trunk' and
check	Run actions/checkout@3d3c42e5aac5ba805825da76410c181273ba90b1	2026-09-05T04:07:20.2886866Z hint: 'development'. The just-created branch can be renamed via this command:
check	Run actions/checkout@3d3c42e5aac5ba805825da76410c181273ba90b1	2026-09-05T04:07:20.2888307Z hint:
check	Run actions/checkout@3d3c42e5aac5ba805825da76410c181273ba90b1	2026-09-05T04:07:20.2889204Z hint: 	git branch -m <name>
check	Run actions/checkout@3d3c42e5aac5ba805825da76410c181273ba90b1	2026-09-05T04:07:20.2890154Z hint:
check	Run actions/checkout@3d3c42e5aac5ba805825da76410c181273ba90b1	2026-09-05T04:07:20.2891337Z hint: Disable this message with "git config set advice.defaultBranchName false"
check	Run actions/checkout@3d3c42e5aac5ba805825da76410c181273ba90b1	2026-09-05T04:07:20.2893464Z Initialized empty Git repository in /home/runner/work/Fine-Art-Archive/Fine-Art-Archive/.git/
check	Run actions/checkout@3d3c42e5aac5ba805825da76410c181273ba90b1	2026-09-05T04:07:20.2896785Z [command]/usr/bin/git remote add origin https://github.com/stranske/Fine-Art-Archive
check	Run actions/checkout@3d3c42e5aac5ba805825da76410c181273ba90b1	2026-09-05T04:07:20.2937222Z ##[endgroup]
check	Run actions/checkout@3d3c42e5aac5ba805825da76410c181273ba90b1	2026-09-05T04:07:20.2938664Z ##[group]Disabling automatic garbage collection
check	Run actions/checkout@3d3c42e5aac5ba805825da76410c181273ba90b1	2026-09-05T04:07:20.2940789Z [command]/usr/bin/git config --local gc.auto 0
check	Run actions/checkout@3d3c42e5aac5ba805825da76410c181273ba90b1	2026-09-05T04:07:20.2970464Z ##[endgroup]
check	Run actions/checkout@3d3c42e5aac5ba805825da76410c181273ba90b1	2026-09-05T04:07:20.2971940Z ##[group]Setting up auth
check	Run actions/checkout@3d3c42e5aac5ba805825da76410c181273ba90b1	2026-09-05T04:07:20.2972917Z Removing SSH command configuration
check	Run actions/checkout@3d3c42e5aac5ba805825da76410c181273ba90b1	2026-09-05T04:07:20.2977432Z [command]/usr/bin/git config --local --name-only --get-regexp core\.sshCommand
check	Run actions/checkout@3d3c42e5aac5ba805825da76410c181273ba90b1	2026-09-05T04:07:20.3008089Z [command]/usr/bin/git submodule foreach --recursive sh -c "git config --local --name-only --get-regexp 'core\.sshCommand' && git config --local --unset-all 'core.sshCommand' || :"
check	Run actions/checkout@3d3c42e5aac5ba805825da76410c181273ba90b1	2026-09-05T04:07:20.3351985Z Removing HTTP extra header
check	Run actions/checkout@3d3c42e5aac5ba805825da76410c181273ba90b1	2026-09-05T04:07:20.3357800Z [command]/usr/bin/git config --local --name-only --get-regexp http\.https\:\/\/github\.com\/\.extraheader
check	Run actions/checkout@3d3c42e5aac5ba805825da76410c181273ba90b1	2026-09-05T04:07:20.3387963Z [command]/usr/bin/git submodule foreach --recursive sh -c "git config --local --name-only --get-regexp 'http\.https\:\/\/github\.com\/\.extraheader' && git config --local --unset-all 'http.https://github.com/.extraheader' || :"
check	Run actions/checkout@3d3c42e5aac5ba805825da76410c181273ba90b1	2026-09-05T04:07:20.3597015Z Removing includeIf entries pointing to credentials config files
check	Run actions/checkout@3d3c42e5aac5ba805825da76410c181273ba90b1	2026-09-05T04:07:20.3601683Z [command]/usr/bin/git config --local --name-only --get-regexp ^includeIf\.gitdir:
check	Run actions/checkout@3d3c42e5aac5ba805825da76410c181273ba90b1	2026-09-05T04:07:20.3634590Z [command]/usr/bin/git submodule foreach --recursive git config --local --show-origin --name-only --get-regexp remote.origin.url
check	Run actions/checkout@3d3c42e5aac5ba805825da76410c181273ba90b1	2026-09-05T04:07:20.3849339Z [command]/usr/bin/git config --file /home/runner/work/_temp/git-credentials-be912fa8-b359-494c-8e7b-9184386308c0.config http.https://github.com/.extraheader AUTHORIZATION: basic ***
check	Run actions/checkout@3d3c42e5aac5ba805825da76410c181273ba90b1	2026-09-05T04:07:20.3885086Z [command]/usr/bin/git config --local includeIf.gitdir:/home/runner/work/Fine-Art-Archive/Fine-Art-Archive/.git.path /home/runner/work/_temp/git-credentials-be912fa8-b359-494c-8e7b-9184386308c0.config
check	Run actions/checkout@3d3c42e5aac5ba805825da76410c181273ba90b1	2026-09-05T04:07:20.3914409Z [command]/usr/bin/git config --local includeIf.gitdir:/home/runner/work/Fine-Art-Archive/Fine-Art-Archive/.git/worktrees/*.path /home/runner/work/_temp/git-credentials-be912fa8-b359-494c-8e7b-9184386308c0.config
check	Run actions/checkout@3d3c42e5aac5ba805825da76410c181273ba90b1	2026-09-05T04:07:20.3944346Z [command]/usr/bin/git config --local includeIf.gitdir:/github/workspace/.git.path /github/runner_temp/git-credentials-be912fa8-b359-494c-8e7b-9184386308c0.config
check	Run actions/checkout@3d3c42e5aac5ba805825da76410c181273ba90b1	2026-09-05T04:07:20.3975925Z [command]/usr/bin/git config --local includeIf.gitdir:/github/workspace/.git/worktrees/*.path /github/runner_temp/git-credentials-be912fa8-b359-494c-8e7b-9184386308c0.config
check	Run actions/checkout@3d3c42e5aac5ba805825da76410c181273ba90b1	2026-09-05T04:07:20.4001308Z ##[endgroup]
check	Run actions/checkout@3d3c42e5aac5ba805825da76410c181273ba90b1	2026-09-05T04:07:20.4002113Z ##[group]Fetching the repository
check	Run actions/checkout@3d3c42e5aac5ba805825da76410c181273ba90b1	2026-09-05T04:07:20.4009769Z [command]/usr/bin/git -c protocol.version=2 fetch --no-tags --prune --no-recurse-submodules --depth=1 origin +d149861964fa4093d4228ef424853fa5de1dced0:refs/remotes/origin/main
check	Run actions/checkout@3d3c42e5aac5ba805825da76410c181273ba90b1	2026-09-05T04:07:20.7083943Z From https://github.com/stranske/Fine-Art-Archive
check	Run actions/checkout@3d3c42e5aac5ba805825da76410c181273ba90b1	2026-09-05T04:07:20.7085695Z  * [new ref]         d149861964fa4093d4228ef424853fa5de1dced0 -> origin/main
check	Run actions/checkout@3d3c42e5aac5ba805825da76410c181273ba90b1	2026-09-05T04:07:20.7092567Z [command]/usr/bin/git branch --list --remote origin/main
check	Run actions/checkout@3d3c42e5aac5ba805825da76410c181273ba90b1	2026-09-05T04:07:20.7117210Z   origin/main
check	Run actions/checkout@3d3c42e5aac5ba805825da76410c181273ba90b1	2026-09-05T04:07:20.7125298Z [command]/usr/bin/git rev-parse refs/remotes/origin/main
check	Run actions/checkout@3d3c42e5aac5ba805825da76410c181273ba90b1	2026-09-05T04:07:20.7146223Z d149861964fa4093d4228ef424853fa5de1dced0
check	Run actions/checkout@3d3c42e5aac5ba805825da76410c181273ba90b1	2026-09-05T04:07:20.7174242Z ##[endgroup]
check	Run actions/checkout@3d3c42e5aac5ba805825da76410c181273ba90b1	2026-09-05T04:07:20.7175820Z ##[group]Determining the checkout info
check	Run actions/checkout@3d3c42e5aac5ba805825da76410c181273ba90b1	2026-09-05T04:07:20.7177564Z ##[endgroup]
check	Run actions/checkout@3d3c42e5aac5ba805825da76410c181273ba90b1	2026-09-05T04:07:20.7178407Z [command]/usr/bin/git sparse-checkout disable
check	Run actions/checkout@3d3c42e5aac5ba805825da76410c181273ba90b1	2026-09-05T04:07:20.7205200Z [command]/usr/bin/git config --local --unset-all extensions.worktreeConfig
check	Run actions/checkout@3d3c42e5aac5ba805825da76410c181273ba90b1	2026-09-05T04:07:20.7233871Z ##[group]Checking out the ref
check	Run actions/checkout@3d3c42e5aac5ba805825da76410c181273ba90b1	2026-09-05T04:07:20.7237818Z [command]/usr/bin/git checkout --progress --force -B main refs/remotes/origin/main
check	Run actions/checkout@3d3c42e5aac5ba805825da76410c181273ba90b1	2026-09-05T04:07:20.7954908Z Switched to a new branch 'main'
check	Run actions/checkout@3d3c42e5aac5ba805825da76410c181273ba90b1	2026-09-05T04:07:20.7959725Z branch 'main' set up to track 'origin/main'.
check	Run actions/checkout@3d3c42e5aac5ba805825da76410c181273ba90b1	2026-09-05T04:07:20.8000025Z ##[endgroup]
check	Run actions/checkout@3d3c42e5aac5ba805825da76410c181273ba90b1	2026-09-05T04:07:20.8044287Z [command]/usr/bin/git log -1 --format=%H
check	Run actions/checkout@3d3c42e5aac5ba805825da76410c181273ba90b1	2026-09-05T04:07:20.8068953Z d149861964fa4093d4228ef424853fa5de1dced0
check	Run actions/checkout@3d3c42e5aac5ba805825da76410c181273ba90b1	2026-09-05T04:07:20.8077938Z ##[group]Removing auth
check	Run actions/checkout@3d3c42e5aac5ba805825da76410c181273ba90b1	2026-09-05T04:07:20.8078639Z Removing SSH command configuration
check	Run actions/checkout@3d3c42e5aac5ba805825da76410c181273ba90b1	2026-09-05T04:07:20.8081697Z [command]/usr/bin/git config --local --name-only --get-regexp core\.sshCommand
check	Run actions/checkout@3d3c42e5aac5ba805825da76410c181273ba90b1	2026-09-05T04:07:20.8111600Z [command]/usr/bin/git submodule foreach --recursive sh -c "git config --local --name-only --get-regexp 'core\.sshCommand' && git config --local --unset-all 'core.sshCommand' || :"
check	Run actions/checkout@3d3c42e5aac5ba805825da76410c181273ba90b1	2026-09-05T04:07:20.8328617Z Removing HTTP extra header
check	Run actions/checkout@3d3c42e5aac5ba805825da76410c181273ba90b1	2026-09-05T04:07:20.8331994Z [command]/usr/bin/git config --local --name-only --get-regexp http\.https\:\/\/github\.com\/\.extraheader
check	Run actions/checkout@3d3c42e5aac5ba805825da76410c181273ba90b1	2026-09-05T04:07:20.8362006Z [command]/usr/bin/git submodule foreach --recursive sh -c "git config --local --name-only --get-regexp 'http\.https\:\/\/github\.com\/\.extraheader' && git config --local --unset-all 'http.https://github.com/.extraheader' || :"
check	Run actions/checkout@3d3c42e5aac5ba805825da76410c181273ba90b1	2026-09-05T04:07:20.8589080Z Removing includeIf entries pointing to credentials config files
check	Run actions/checkout@3d3c42e5aac5ba805825da76410c181273ba90b1	2026-09-05T04:07:20.8593332Z [command]/usr/bin/git config --local --name-only --get-regexp ^includeIf\.gitdir:
check	Run actions/checkout@3d3c42e5aac5ba805825da76410c181273ba90b1	2026-09-05T04:07:20.8622253Z includeif.gitdir:/home/runner/work/Fine-Art-Archive/Fine-Art-Archive/.git.path
check	Run actions/checkout@3d3c42e5aac5ba805825da76410c181273ba90b1	2026-09-05T04:07:20.8625004Z includeif.gitdir:/home/runner/work/Fine-Art-Archive/Fine-Art-Archive/.git/worktrees/*.path
check	Run actions/checkout@3d3c42e5aac5ba805825da76410c181273ba90b1	2026-09-05T04:07:20.8626890Z includeif.gitdir:/github/workspace/.git.path
check	Run actions/checkout@3d3c42e5aac5ba805825da76410c181273ba90b1	2026-09-05T04:07:20.8628325Z includeif.gitdir:/github/workspace/.git/worktrees/*.path
check	Run actions/checkout@3d3c42e5aac5ba805825da76410c181273ba90b1	2026-09-05T04:07:20.8634345Z [command]/usr/bin/git config --local --get-all includeif.gitdir:/home/runner/work/Fine-Art-Archive/Fine-Art-Archive/.git.path
check	Run actions/checkout@3d3c42e5aac5ba805825da76410c181273ba90b1	2026-09-05T04:07:20.8656581Z /home/runner/work/_temp/git-credentials-be912fa8-b359-494c-8e7b-9184386308c0.config
check	Run actions/checkout@3d3c42e5aac5ba805825da76410c181273ba90b1	2026-09-05T04:07:20.8667862Z [command]/usr/bin/git config --local --unset includeif.gitdir:/home/runner/work/Fine-Art-Archive/Fine-Art-Archive/.git.path \/home\/runner\/work\/_temp\/git\-credentials\-be912fa8\-b359\-494c\-8e7b\-9184386308c0\.config
check	Run actions/checkout@3d3c42e5aac5ba805825da76410c181273ba90b1	2026-09-05T04:07:20.8701011Z [command]/usr/bin/git config --local --get-all includeif.gitdir:/home/runner/work/Fine-Art-Archive/Fine-Art-Archive/.git/worktrees/*.path
check	Run actions/checkout@3d3c42e5aac5ba805825da76410c181273ba90b1	2026-09-05T04:07:20.8722741Z /home/runner/work/_temp/git-credentials-be912fa8-b359-494c-8e7b-9184386308c0.config
check	Run actions/checkout@3d3c42e5aac5ba805825da76410c181273ba90b1	2026-09-05T04:07:20.8732174Z [command]/usr/bin/git config --local --unset includeif.gitdir:/home/runner/work/Fine-Art-Archive/Fine-Art-Archive/.git/worktrees/*.path \/home\/runner\/work\/_temp\/git\-credentials\-be912fa8\-b359\-494c\-8e7b\-9184386308c0\.config
check	Run actions/checkout@3d3c42e5aac5ba805825da76410c181273ba90b1	2026-09-05T04:07:20.8765287Z [command]/usr/bin/git config --local --get-all includeif.gitdir:/github/workspace/.git.path
check	Run actions/checkout@3d3c42e5aac5ba805825da76410c181273ba90b1	2026-09-05T04:07:20.8789485Z /github/runner_temp/git-credentials-be912fa8-b359-494c-8e7b-9184386308c0.config
check	Run actions/checkout@3d3c42e5aac5ba805825da76410c181273ba90b1	2026-09-05T04:07:20.8799492Z [command]/usr/bin/git config --local --unset includeif.gitdir:/github/workspace/.git.path \/github\/runner_temp\/git\-credentials\-be912fa8\-b359\-494c\-8e7b\-9184386308c0\.config
check	Run actions/checkout@3d3c42e5aac5ba805825da76410c181273ba90b1	2026-09-05T04:07:20.8828552Z [command]/usr/bin/git config --local --get-all includeif.gitdir:/github/workspace/.git/worktrees/*.path
check	Run actions/checkout@3d3c42e5aac5ba805825da76410c181273ba90b1	2026-09-05T04:07:20.8848918Z /github/runner_temp/git-credentials-be912fa8-b359-494c-8e7b-9184386308c0.config
check	Run actions/checkout@3d3c42e5aac5ba805825da76410c181273ba90b1	2026-09-05T04:07:20.8856427Z [command]/usr/bin/git config --local --unset includeif.gitdir:/github/workspace/.git/worktrees/*.path \/github\/runner_temp\/git\-credentials\-be912fa8\-b359\-494c\-8e7b\-9184386308c0\.config
check	Run actions/checkout@3d3c42e5aac5ba805825da76410c181273ba90b1	2026-09-05T04:07:20.8887447Z [command]/usr/bin/git submodule foreach --recursive git config --local --show-origin --name-only --get-regexp remote.origin.url
check	Run actions/checkout@3d3c42e5aac5ba805825da76410c181273ba90b1	2026-09-05T04:07:20.9103429Z Removing credentials config '/home/runner/work/_temp/git-credentials-be912fa8-b359-494c-8e7b-9184386308c0.config'
check	Run actions/checkout@3d3c42e5aac5ba805825da76410c181273ba90b1	2026-09-05T04:07:20.9109986Z ##[endgroup]
check	Resolve issue	﻿2026-09-05T04:07:20.9350523Z ##[group]Run set -euo pipefail
check	Resolve issue	2026-09-05T04:07:20.9351469Z ^[[36;1mset -euo pipefail^[[0m
check	Resolve issue	2026-09-05T04:07:20.9352451Z ^[[36;1mgh issue view "$NUMBER" --repo "$GITHUB_REPOSITORY" \^[[0m
check	Resolve issue	2026-09-05T04:07:20.9354144Z ^[[36;1m  --json number,body,labels,state,author > issue.json^[[0m
check	Resolve issue	2026-09-05T04:07:20.9355304Z ^[[36;1mjq -r '.body // ""' issue.json > body.md^[[0m
check	Resolve issue	2026-09-05T04:07:20.9356193Z ^[[36;1mexempt=false^[[0m
check	Resolve issue	2026-09-05T04:07:20.9356788Z ^[[36;1mheld=false^[[0m
check	Resolve issue	2026-09-05T04:07:20.9357810Z ^[[36;1m# A closed issue has nothing left to format. Routing one to the optimizer^[[0m
check	Resolve issue	2026-09-05T04:07:20.9359558Z ^[[36;1m# produces a body edit, that edit re-fires this guard, and the pair loops^[[0m
check	Resolve issue	2026-09-05T04:07:20.9361336Z ^[[36;1m# against work that is already delivered — see Fine-Art-Archive#464, which^[[0m
check	Resolve issue	2026-09-05T04:07:20.9362906Z ^[[36;1m# kept formatting for 17.5 hours after it was closed.^[[0m
check	Resolve issue	2026-09-05T04:07:20.9364639Z ^[[36;1mif [[ "$(jq -r '.state // "" | ascii_downcase' issue.json)" == "closed" ]]; then^[[0m
check	Resolve issue	2026-09-05T04:07:20.9366129Z ^[[36;1m  echo "Issue is closed — nothing to format."^[[0m
check	Resolve issue	2026-09-05T04:07:20.9367083Z ^[[36;1m  exempt=true^[[0m
check	Resolve issue	2026-09-05T04:07:20.9367698Z ^[[36;1mfi^[[0m
check	Resolve issue	2026-09-05T04:07:20.9369330Z ^[[36;1mif jq -e '[.labels[].name] | any(. == "tracker:durable" or . == "wontfix" or . == "automated")' issue.json >/dev/null; then exempt=true; fi^[[0m
check	Resolve issue	2026-09-05T04:07:20.9372346Z ^[[36;1mif jq -e '[.labels[].name] | any(. == "agents:auto-pilot-pause" or . == "needs-human")' issue.json >/dev/null; then held=true; fi^[[0m
check	Resolve issue	2026-09-05T04:07:20.9375311Z ^[[36;1mif jq -er '.author.login // ""' issue.json | grep -qiE '(\[bot\]|^renovate$|^dependabot$)'; then exempt=true; fi^[[0m
check	Resolve issue	2026-09-05T04:07:20.9377662Z ^[[36;1mif grep -qiE 'do not dispatch|not a (repo|cloud) coding task' body.md; then exempt=true; fi^[[0m
check	Resolve issue	2026-09-05T04:07:20.9379134Z ^[[36;1m{^[[0m
check	Resolve issue	2026-09-05T04:07:20.9379656Z ^[[36;1m  echo "number=$NUMBER"^[[0m
check	Resolve issue	2026-09-05T04:07:20.9380405Z ^[[36;1m  echo "exempt=$exempt"^[[0m
check	Resolve issue	2026-09-05T04:07:20.9381163Z ^[[36;1m  echo "held=$held"^[[0m
check	Resolve issue	2026-09-05T04:07:20.9382008Z ^[[36;1m  echo "state=$(jq -r '.state' issue.json)"^[[0m
check	Resolve issue	2026-09-05T04:07:20.9383103Z ^[[36;1m} >> "$GITHUB_OUTPUT"^[[0m
check	Resolve issue	2026-09-05T04:07:20.9424693Z shell: /usr/bin/bash -e {0}
check	Resolve issue	2026-09-05T04:07:20.9425424Z env:
check	Resolve issue	2026-09-05T04:07:20.9434334Z   GH_TOKEN: ***
check	Resolve issue	2026-09-05T04:07:20.9434889Z   NUMBER: 694
check	Resolve issue	2026-09-05T04:07:20.9435398Z ##[endgroup]
check	Setup API client	﻿2026-09-05T04:07:23.0546786Z Prepare all required actions
check	Setup API client	2026-09-05T04:07:23.0828435Z ##[group]Run ./.github/actions/setup-api-client
check	Setup API client	2026-09-05T04:07:23.0828844Z with:
check	Setup API client	2026-09-05T04:07:23.0831607Z   github_token: ***
check	Setup API client	2026-09-05T04:07:23.0831899Z   skip_deps: false
check	Setup API client	2026-09-05T04:07:23.0832164Z   verbose: false
check	Setup API client	2026-09-05T04:07:23.0832424Z ##[endgroup]
check	Setup API client	2026-09-05T04:07:23.0890913Z ##[start-action display=Install API client dependencies;id=__self.__run]
check	Setup API client	2026-09-05T04:07:23.0945639Z ##[group]Run set -euo pipefail
check	Setup API client	2026-09-05T04:07:23.0946492Z ^[[36;1mset -euo pipefail^[[0m
check	Setup API client	2026-09-05T04:07:23.0946789Z ^[[36;1m^[[0m
check	Setup API client	2026-09-05T04:07:23.0947088Z ^[[36;1m# Use dedicated scripts dir, create if needed^[[0m
check	Setup API client	2026-09-05T04:07:23.0947461Z ^[[36;1mINSTALL_DIR=""^[[0m
check	Setup API client	2026-09-05T04:07:23.0947767Z ^[[36;1mif [ -z "$INSTALL_DIR" ]; then^[[0m
check	Setup API client	2026-09-05T04:07:23.0948400Z ^[[36;1m  INSTALL_DIR="${GITHUB_WORKSPACE}/.github/scripts"^[[0m
check	Setup API client	2026-09-05T04:07:23.0948822Z ^[[36;1mfi^[[0m
check	Setup API client	2026-09-05T04:07:23.0949087Z ^[[36;1mmkdir -p "$INSTALL_DIR"^[[0m
check	Setup API client	2026-09-05T04:07:23.0949421Z ^[[36;1m^[[0m
check	Setup API client	2026-09-05T04:07:23.0949788Z ^[[36;1mecho "📦 Installing @octokit dependencies in $INSTALL_DIR..."^[[0m
check	Setup API client	2026-09-05T04:07:23.0950236Z ^[[36;1mcd "$INSTALL_DIR"^[[0m
check	Setup API client	2026-09-05T04:07:23.0950515Z ^[[36;1m^[[0m
check	Setup API client	2026-09-05T04:07:23.0950785Z ^[[36;1mdeclare -a VENDORED_ALIAS_DIRS=()^[[0m
check	Setup API client	2026-09-05T04:07:23.0951114Z ^[[36;1m^[[0m
check	Setup API client	2026-09-05T04:07:23.0951371Z ^[[36;1mcleanup_vendor_aliases() {^[[0m
check	Setup API client	2026-09-05T04:07:23.0951748Z ^[[36;1m  if [ "${#VENDORED_ALIAS_DIRS[@]}" -eq 0 ]; then^[[0m
check	Setup API client	2026-09-05T04:07:23.0952108Z ^[[36;1m    return 0^[[0m
check	Setup API client	2026-09-05T04:07:23.0952366Z ^[[36;1m  fi^[[0m
check	Setup API client	2026-09-05T04:07:23.0952603Z ^[[36;1m^[[0m
check	Setup API client	2026-09-05T04:07:23.0952872Z ^[[36;1m  local cleanup_dir="$INSTALL_DIR"^[[0m
check	Setup API client	2026-09-05T04:07:23.0953467Z ^[[36;1m  if [ -z "$cleanup_dir" ]; then^[[0m
check	Setup API client	2026-09-05T04:07:23.0953982Z ^[[36;1m    echo "::warning::Install dir is empty, skipping vendored alias cleanup"^[[0m
check	Setup API client	2026-09-05T04:07:23.0954435Z ^[[36;1m    return 0^[[0m
check	Setup API client	2026-09-05T04:07:23.0954695Z ^[[36;1m  fi^[[0m
check	Setup API client	2026-09-05T04:07:23.0954939Z ^[[36;1m^[[0m
check	Setup API client	2026-09-05T04:07:23.0955244Z ^[[36;1m  if ! pushd "$cleanup_dir" >/dev/null 2>&1; then^[[0m
check	Setup API client	2026-09-05T04:07:23.0955811Z ^[[36;1m    echo "::warning::Failed to enter install dir \"$cleanup_dir\"; skipping vendored alias cleanup"^[[0m
check	Setup API client	2026-09-05T04:07:23.0956334Z ^[[36;1m    return 0^[[0m
check	Setup API client	2026-09-05T04:07:23.0956593Z ^[[36;1m  fi^[[0m
check	Setup API client	2026-09-05T04:07:23.0956846Z ^[[36;1m^[[0m
check	Setup API client	2026-09-05T04:07:23.0957159Z ^[[36;1m  for vendored_alias in "${VENDORED_ALIAS_DIRS[@]}"; do^[[0m
check	Setup API client	2026-09-05T04:07:23.0957589Z ^[[36;1m    if [ -z "$vendored_alias" ]; then^[[0m
check	Setup API client	2026-09-05T04:07:23.0957927Z ^[[36;1m      continue^[[0m
check	Setup API client	2026-09-05T04:07:23.0958199Z ^[[36;1m    fi^[[0m
check	Setup API client	2026-09-05T04:07:23.0958499Z ^[[36;1m    rm -rf -- "$vendored_alias" || true^[[0m
check	Setup API client	2026-09-05T04:07:23.0958853Z ^[[36;1m    local parent_dir^[[0m
check	Setup API client	2026-09-05T04:07:23.0959187Z ^[[36;1m    parent_dir=$(dirname "$vendored_alias")^[[0m
check	Setup API client	2026-09-05T04:07:23.0959713Z ^[[36;1m    # Remove empty parent directories that may have been created for scoped packages^[[0m
check	Setup API client	2026-09-05T04:07:23.0960302Z ^[[36;1m    while [ "$parent_dir" != "." ] && [ "$parent_dir" != "/" ]; do^[[0m
check	Setup API client	2026-09-05T04:07:23.0960764Z ^[[36;1m      rmdir -- "$parent_dir" 2>/dev/null || break^[[0m
check	Setup API client	2026-09-05T04:07:23.0961161Z ^[[36;1m      parent_dir=$(dirname "$parent_dir")^[[0m
check	Setup API client	2026-09-05T04:07:23.0961502Z ^[[36;1m    done^[[0m
check	Setup API client	2026-09-05T04:07:23.0961759Z ^[[36;1m  done^[[0m
check	Setup API client	2026-09-05T04:07:23.0962002Z ^[[36;1m^[[0m
check	Setup API client	2026-09-05T04:07:23.0962259Z ^[[36;1m  popd >/dev/null 2>&1 || true^[[0m
check	Setup API client	2026-09-05T04:07:23.0962573Z ^[[36;1m}^[[0m
check	Setup API client	2026-09-05T04:07:23.0962807Z ^[[36;1m^[[0m
check	Setup API client	2026-09-05T04:07:23.0963360Z ^[[36;1mtrap cleanup_vendor_aliases EXIT^[[0m
check	Setup API client	2026-09-05T04:07:23.0963780Z ^[[36;1m^[[0m
check	Setup API client	2026-09-05T04:07:23.0964025Z ^[[36;1mcreate_vendor_aliases() {^[[0m
check	Setup API client	2026-09-05T04:07:23.0964357Z ^[[36;1m  if [ ! -f "package.json" ]; then^[[0m
check	Setup API client	2026-09-05T04:07:23.0964697Z ^[[36;1m    return 0^[[0m
check	Setup API client	2026-09-05T04:07:23.0964954Z ^[[36;1m  fi^[[0m
check	Setup API client	2026-09-05T04:07:23.0965194Z ^[[36;1m^[[0m
check	Setup API client	2026-09-05T04:07:23.0965429Z ^[[36;1m  local alias_tmp^[[0m
check	Setup API client	2026-09-05T04:07:23.0965953Z ^[[36;1m  alias_tmp=$(mktemp)^[[0m
check	Setup API client	2026-09-05T04:07:23.0966241Z ^[[36;1m^[[0m
check	Setup API client	2026-09-05T04:07:23.0966726Z ^[[36;1m  local helper_root="${GITHUB_ACTION_PATH:-${GITHUB_WORKSPACE}/.github/actions/setup-api-client}"^[[0m
check	Setup API client	2026-09-05T04:07:23.0967396Z ^[[36;1m  local alias_helper="${helper_root}/create_vendor_aliases.js"^[[0m
check	Setup API client	2026-09-05T04:07:23.0967841Z ^[[36;1m  if [ ! -f "$alias_helper" ]; then^[[0m
check	Setup API client	2026-09-05T04:07:23.0968257Z ^[[36;1m    echo "::error::Missing vendored alias helper: $alias_helper"^[[0m
check	Setup API client	2026-09-05T04:07:23.0968674Z ^[[36;1m    rm -f "$alias_tmp"^[[0m
check	Setup API client	2026-09-05T04:07:23.0968962Z ^[[36;1m    return 1^[[0m
check	Setup API client	2026-09-05T04:07:23.0969218Z ^[[36;1m  fi^[[0m
check	Setup API client	2026-09-05T04:07:23.0969451Z ^[[36;1m^[[0m
check	Setup API client	2026-09-05T04:07:23.0969761Z ^[[36;1m  if node "$alias_helper" "$INSTALL_DIR" >"$alias_tmp"; then^[[0m
check	Setup API client	2026-09-05T04:07:23.0970277Z ^[[36;1m    :^[[0m
check	Setup API client	2026-09-05T04:07:23.0970512Z ^[[36;1m  else^[[0m
check	Setup API client	2026-09-05T04:07:23.0970857Z ^[[36;1m    echo "::error::Failed to prepare vendored dependency aliases"^[[0m
check	Setup API client	2026-09-05T04:07:23.0971292Z ^[[36;1m    rm -f "$alias_tmp"^[[0m
check	Setup API client	2026-09-05T04:07:23.0971582Z ^[[36;1m    return 1^[[0m
check	Setup API client	2026-09-05T04:07:23.0971838Z ^[[36;1m  fi^[[0m
check	Setup API client	2026-09-05T04:07:23.0972082Z ^[[36;1m^[[0m
check	Setup API client	2026-09-05T04:07:23.0972349Z ^[[36;1m  while IFS= read -r vendored_alias; do^[[0m
check	Setup API client	2026-09-05T04:07:23.0972712Z ^[[36;1m    if [ -z "$vendored_alias" ]; then^[[0m
check	Setup API client	2026-09-05T04:07:23.0973243Z ^[[36;1m      continue^[[0m
check	Setup API client	2026-09-05T04:07:23.0973513Z ^[[36;1m    fi^[[0m
check	Setup API client	2026-09-05T04:07:23.0973807Z ^[[36;1m    VENDORED_ALIAS_DIRS+=("$vendored_alias")^[[0m
check	Setup API client	2026-09-05T04:07:23.0974166Z ^[[36;1m  done <"$alias_tmp"^[[0m
check	Setup API client	2026-09-05T04:07:23.0974453Z ^[[36;1m^[[0m
check	Setup API client	2026-09-05T04:07:23.0974693Z ^[[36;1m  rm -f "$alias_tmp"^[[0m
check	Setup API client	2026-09-05T04:07:23.0974966Z ^[[36;1m}^[[0m
check	Setup API client	2026-09-05T04:07:23.0975203Z ^[[36;1m^[[0m
check	Setup API client	2026-09-05T04:07:23.0975448Z ^[[36;1mcreate_vendor_aliases^[[0m
check	Setup API client	2026-09-05T04:07:23.0975731Z ^[[36;1m^[[0m
check	Setup API client	2026-09-05T04:07:23.0976108Z ^[[36;1m# Strip unresolvable file: dependencies from package.json so npm install^[[0m
check	Setup API client	2026-09-05T04:07:23.0976684Z ^[[36;1m# doesn't choke when vendored packages are missing (e.g. sparse checkout^[[0m
check	Setup API client	2026-09-05T04:07:23.0977249Z ^[[36;1m# that doesn't include node_modules/).  Back up the original first so we^[[0m
check	Setup API client	2026-09-05T04:07:23.0977807Z ^[[36;1m# can restore it after npm install — avoids leaking modified state into^[[0m
check	Setup API client	2026-09-05T04:07:23.0978304Z ^[[36;1m# downstream steps that expect a clean workspace.^[[0m
check	Setup API client	2026-09-05T04:07:23.0978689Z ^[[36;1mSTRIPPED_PKG_JSON=false^[[0m
check	Setup API client	2026-09-05T04:07:23.0979003Z ^[[36;1mif [ -f "package.json" ]; then^[[0m
check	Setup API client	2026-09-05T04:07:23.0979322Z ^[[36;1m  node -e '^[[0m
check	Setup API client	2026-09-05T04:07:23.0979589Z ^[[36;1m    const fs = require("fs");^[[0m
check	Setup API client	2026-09-05T04:07:23.0979918Z ^[[36;1m    const path = require("path");^[[0m
check	Setup API client	2026-09-05T04:07:23.0980316Z ^[[36;1m    const raw = fs.readFileSync("package.json", "utf8");^[[0m
check	Setup API client	2026-09-05T04:07:23.0980731Z ^[[36;1m    const pkg = JSON.parse(raw);^[[0m
check	Setup API client	2026-09-05T04:07:23.0981061Z ^[[36;1m    let changed = false;^[[0m
check	Setup API client	2026-09-05T04:07:23.0981444Z ^[[36;1m    for (const section of ["dependencies", "devDependencies"]) {^[[0m
check	Setup API client	2026-09-05T04:07:23.0981895Z ^[[36;1m      if (!pkg[section]) continue;^[[0m
check	Setup API client	2026-09-05T04:07:23.0982311Z ^[[36;1m      for (const [name, spec] of Object.entries(pkg[section])) {^[[0m
check	Setup API client	2026-09-05T04:07:23.0982809Z ^[[36;1m        if (typeof spec === "string" && spec.startsWith("file:")) {^[[0m
check	Setup API client	2026-09-05T04:07:23.0983430Z ^[[36;1m          const target = path.resolve(spec.slice(5));^[[0m
check	Setup API client	2026-09-05T04:07:23.0983823Z ^[[36;1m          if (!fs.existsSync(target)) {^[[0m
check	Setup API client	2026-09-05T04:07:23.0984183Z ^[[36;1m            delete pkg[section][name];^[[0m
check	Setup API client	2026-09-05T04:07:23.0984524Z ^[[36;1m            changed = true;^[[0m
check	Setup API client	2026-09-05T04:07:23.0985028Z ^[[36;1m            console.log("::notice::Stripped unresolvable vendored dep: " + name + " (" + spec + ")");^[[0m
check	Setup API client	2026-09-05T04:07:23.0985545Z ^[[36;1m          }^[[0m
check	Setup API client	2026-09-05T04:07:23.0985795Z ^[[36;1m        }^[[0m
check	Setup API client	2026-09-05T04:07:23.0986039Z ^[[36;1m      }^[[0m
check	Setup API client	2026-09-05T04:07:23.0986379Z ^[[36;1m      if (pkg[section] && Object.keys(pkg[section]).length === 0) {^[[0m
check	Setup API client	2026-09-05T04:07:23.0986981Z ^[[36;1m        delete pkg[section];^[[0m
check	Setup API client	2026-09-05T04:07:23.0987281Z ^[[36;1m      }^[[0m
check	Setup API client	2026-09-05T04:07:23.0987524Z ^[[36;1m    }^[[0m
check	Setup API client	2026-09-05T04:07:23.0987772Z ^[[36;1m    if (changed) {^[[0m
check	Setup API client	2026-09-05T04:07:23.0988134Z ^[[36;1m      fs.copyFileSync("package.json", "package.json.bak");^[[0m
check	Setup API client	2026-09-05T04:07:23.0988664Z ^[[36;1m      fs.writeFileSync("package.json", JSON.stringify(pkg, null, 2) + "\n");^[[0m
check	Setup API client	2026-09-05T04:07:23.0989150Z ^[[36;1m      process.stdout.write("STRIPPED");^[[0m
check	Setup API client	2026-09-05T04:07:23.0989484Z ^[[36;1m    }^[[0m
check	Setup API client	2026-09-05T04:07:23.0989720Z ^[[36;1m  '^[[0m
check	Setup API client	2026-09-05T04:07:23.0989989Z ^[[36;1m  if [ -f "package.json.bak" ]; then^[[0m
check	Setup API client	2026-09-05T04:07:23.0990343Z ^[[36;1m    STRIPPED_PKG_JSON=true^[[0m
check	Setup API client	2026-09-05T04:07:23.0990766Z ^[[36;1m  fi^[[0m
check	Setup API client	2026-09-05T04:07:23.0991006Z ^[[36;1mfi^[[0m
check	Setup API client	2026-09-05T04:07:23.0991236Z ^[[36;1m^[[0m
check	Setup API client	2026-09-05T04:07:23.0991651Z ^[[36;1m# Vendored packages often ship lifecycle scripts (tshy builds, custom bundlers, etc.)^[[0m
check	Setup API client	2026-09-05T04:07:23.0992345Z ^[[36;1m# that expect repo-specific tooling. Disable lifecycle scripts globally so npm install^[[0m
check	Setup API client	2026-09-05T04:07:23.0992873Z ^[[36;1m# never invokes those hooks inside CI.^[[0m
check	Setup API client	2026-09-05T04:07:23.0993389Z ^[[36;1mexport npm_config_ignore_scripts=true^[[0m
check	Setup API client	2026-09-05T04:07:23.0993723Z ^[[36;1m^[[0m
check	Setup API client	2026-09-05T04:07:23.0994037Z ^[[36;1m# Track if we create package.json so we can clean it up^[[0m
check	Setup API client	2026-09-05T04:07:23.0994449Z ^[[36;1mCREATED_PACKAGE_JSON=false^[[0m
check	Setup API client	2026-09-05T04:07:23.0994774Z ^[[36;1mif [ ! -f "package.json" ]; then^[[0m
check	Setup API client	2026-09-05T04:07:23.0995126Z ^[[36;1m  echo '{"private":true}' > package.json^[[0m
check	Setup API client	2026-09-05T04:07:23.0995475Z ^[[36;1m  CREATED_PACKAGE_JSON=true^[[0m
check	Setup API client	2026-09-05T04:07:23.0995772Z ^[[36;1mfi^[[0m
check	Setup API client	2026-09-05T04:07:23.0996008Z ^[[36;1m^[[0m
check	Setup API client	2026-09-05T04:07:23.0996350Z ^[[36;1m# Check if already installed (including lru-cache@10.4.3, a required^[[0m
check	Setup API client	2026-09-05T04:07:23.0996912Z ^[[36;1m# transitive dep of @octokit/auth-app used for GitHub App token minting).^[[0m
check	Setup API client	2026-09-05T04:07:23.0997513Z ^[[36;1mif [ -d "node_modules/@octokit/rest" ] && [ -d "node_modules/lru-cache" ]; then^[[0m
check	Setup API client	2026-09-05T04:07:23.0998016Z ^[[36;1m  echo "✅ @octokit/rest already installed"^[[0m
check	Setup API client	2026-09-05T04:07:23.0998356Z ^[[36;1melse^[[0m
check	Setup API client	2026-09-05T04:07:23.0998688Z ^[[36;1m  # Snapshot vendored package metadata before npm install.^[[0m
check	Setup API client	2026-09-05T04:07:23.0999176Z ^[[36;1m  # npm may overwrite transitive deps (e.g. minimatch) that are^[[0m
check	Setup API client	2026-09-05T04:07:23.0999689Z ^[[36;1m  # committed as vendored packages with intentional version pins.^[[0m
check	Setup API client	2026-09-05T04:07:23.1000119Z ^[[36;1m  VENDORED_SNAPSHOT=""^[[0m
check	Setup API client	2026-09-05T04:07:23.1000485Z ^[[36;1m  if [ -f "node_modules/minimatch/package.json" ]; then^[[0m
check	Setup API client	2026-09-05T04:07:23.1000885Z ^[[36;1m    VENDORED_SNAPSHOT=$(mktemp -d)^[[0m
check	Setup API client	2026-09-05T04:07:23.1001268Z ^[[36;1m    for pkg_dir in node_modules/*/; do^[[0m
check	Setup API client	2026-09-05T04:07:23.1001646Z ^[[36;1m      if [ -f "${pkg_dir}package.json" ]; then^[[0m
check	Setup API client	2026-09-05T04:07:23.1002023Z ^[[36;1m        pkg_name=$(basename "$pkg_dir")^[[0m
check	Setup API client	2026-09-05T04:07:23.1002435Z ^[[36;1m        mkdir -p "${VENDORED_SNAPSHOT}/${pkg_name}"^[[0m
check	Setup API client	2026-09-05T04:07:23.1003115Z ^[[36;1m        cp "${pkg_dir}package.json" "${VENDORED_SNAPSHOT}/${pkg_name}/package.json"^[[0m
check	Setup API client	2026-09-05T04:07:23.1003770Z ^[[36;1m      fi^[[0m
check	Setup API client	2026-09-05T04:07:23.1004026Z ^[[36;1m    done^[[0m
check	Setup API client	2026-09-05T04:07:23.1004341Z ^[[36;1m    echo "📸 Snapshotted vendored package metadata"^[[0m
check	Setup API client	2026-09-05T04:07:23.1004717Z ^[[36;1m  fi^[[0m
check	Setup API client	2026-09-05T04:07:23.1004959Z ^[[36;1m^[[0m
check	Setup API client	2026-09-05T04:07:23.1005254Z ^[[36;1m  # Install with pinned versions for consistency.^[[0m
check	Setup API client	2026-09-05T04:07:23.1005764Z ^[[36;1m  # lru-cache is an explicit transitive dep of @octokit/auth-app required for^[[0m
check	Setup API client	2026-09-05T04:07:23.1006373Z ^[[36;1m  # GitHub App token minting; pin it here so npm always hoists a specific version^[[0m
check	Setup API client	2026-09-05T04:07:23.1006947Z ^[[36;1m  # even if a prior cached node_modules state is missing it.^[[0m
check	Setup API client	2026-09-05T04:07:23.1007336Z ^[[36;1m  #^[[0m
check	Setup API client	2026-09-05T04:07:23.1007716Z ^[[36;1m  # Retry with exponential backoff to survive transient npm registry errors^[[0m
check	Setup API client	2026-09-05T04:07:23.1008466Z ^[[36;1m  # (e.g. 403 Forbidden from CDN/rate-limit on safe-buffer, undici, etc.).^[[0m
check	Setup API client	2026-09-05T04:07:23.1008923Z ^[[36;1m  NPM_PACKAGES=(^[[0m
check	Setup API client	2026-09-05T04:07:23.1009213Z ^[[36;1m    @octokit/rest@20.0.2^[[0m
check	Setup API client	2026-09-05T04:07:23.1009532Z ^[[36;1m    @octokit/plugin-retry@6.0.1^[[0m
check	Setup API client	2026-09-05T04:07:23.1009889Z ^[[36;1m    @octokit/plugin-paginate-rest@9.1.5^[[0m
check	Setup API client	2026-09-05T04:07:23.1010249Z ^[[36;1m    @octokit/auth-app@6.0.3^[[0m
check	Setup API client	2026-09-05T04:07:23.1010560Z ^[[36;1m    lru-cache@10.4.3^[[0m
check	Setup API client	2026-09-05T04:07:23.1010836Z ^[[36;1m  )^[[0m
check	Setup API client	2026-09-05T04:07:23.1011083Z ^[[36;1m  NPM_MAX_RETRIES=3^[[0m
check	Setup API client	2026-09-05T04:07:23.1011429Z ^[[36;1m  NPM_BACKOFF=5  # seconds; doubles each retry (5, 10)^[[0m
check	Setup API client	2026-09-05T04:07:23.1011959Z ^[[36;1m  npm_installed=false^[[0m
check	Setup API client	2026-09-05T04:07:23.1012241Z ^[[36;1m^[[0m
check	Setup API client	2026-09-05T04:07:23.1012557Z ^[[36;1m  for (( attempt=1; attempt<=NPM_MAX_RETRIES; attempt++ )); do^[[0m
check	Setup API client	2026-09-05T04:07:23.1013119Z ^[[36;1m    npm_output=$(mktemp)^[[0m
check	Setup API client	2026-09-05T04:07:23.1013426Z ^[[36;1m^[[0m
check	Setup API client	2026-09-05T04:07:23.1013842Z ^[[36;1m    if npm install --no-save --location=project "${NPM_PACKAGES[@]}" 2>"$npm_output"; then^[[0m
check	Setup API client	2026-09-05T04:07:23.1014346Z ^[[36;1m      rm -f "$npm_output"^[[0m
check	Setup API client	2026-09-05T04:07:23.1014656Z ^[[36;1m      npm_installed=true^[[0m
check	Setup API client	2026-09-05T04:07:23.1014949Z ^[[36;1m      break^[[0m
check	Setup API client	2026-09-05T04:07:23.1015205Z ^[[36;1m    fi^[[0m
check	Setup API client	2026-09-05T04:07:23.1015438Z ^[[36;1m^[[0m
check	Setup API client	2026-09-05T04:07:23.1015701Z ^[[36;1m    npm_err=$(cat "$npm_output")^[[0m
check	Setup API client	2026-09-05T04:07:23.1016038Z ^[[36;1m    rm -f "$npm_output"^[[0m
check	Setup API client	2026-09-05T04:07:23.1016496Z ^[[36;1m    echo "::warning::npm install attempt $attempt/$NPM_MAX_RETRIES failed (see logs)"^[[0m
check	Setup API client	2026-09-05T04:07:23.1017051Z ^[[36;1m    echo "::group::npm stderr (attempt $attempt)"^[[0m
check	Setup API client	2026-09-05T04:07:23.1017416Z ^[[36;1m    echo "$npm_err"^[[0m
check	Setup API client	2026-09-05T04:07:23.1017705Z ^[[36;1m    echo "::endgroup::"^[[0m
check	Setup API client	2026-09-05T04:07:23.1017989Z ^[[36;1m^[[0m
check	Setup API client	2026-09-05T04:07:23.1018335Z ^[[36;1m    # On peer-dep / ERESOLVE failures, also try --legacy-peer-deps^[[0m
check	Setup API client	2026-09-05T04:07:23.1018940Z ^[[36;1m    if echo "$npm_err" | grep -qiE 'ERESOLVE|peer dep|Could not resolve dependency'; then^[[0m
check	Setup API client	2026-09-05T04:07:23.1019622Z ^[[36;1m      echo "::warning::Detected peer dependency conflict, retrying with --legacy-peer-deps"^[[0m
check	Setup API client	2026-09-05T04:07:23.1020141Z ^[[36;1m      npm_output=$(mktemp)^[[0m
check	Setup API client	2026-09-05T04:07:23.1020704Z ^[[36;1m      if npm install --no-save --legacy-peer-deps --location=project "${NPM_PACKAGES[@]}" 2>"$npm_output"; then^[[0m
check	Setup API client	2026-09-05T04:07:23.1021279Z ^[[36;1m        rm -f "$npm_output"^[[0m
check	Setup API client	2026-09-05T04:07:23.1021607Z ^[[36;1m        npm_installed=true^[[0m
check	Setup API client	2026-09-05T04:07:23.1021908Z ^[[36;1m        break^[[0m
check	Setup API client	2026-09-05T04:07:23.1022181Z ^[[36;1m      fi^[[0m
check	Setup API client	2026-09-05T04:07:23.1022472Z ^[[36;1m      npm_err_legacy=$(cat "$npm_output")^[[0m
check	Setup API client	2026-09-05T04:07:23.1022824Z ^[[36;1m      rm -f "$npm_output"^[[0m
check	Setup API client	2026-09-05T04:07:23.1023380Z ^[[36;1m      echo "::warning::npm install with --legacy-peer-deps failed (see logs)"^[[0m
check	Setup API client	2026-09-05T04:07:23.1023902Z ^[[36;1m      echo "::group::npm stderr (--legacy-peer-deps)"^[[0m
check	Setup API client	2026-09-05T04:07:23.1024280Z ^[[36;1m      echo "$npm_err_legacy"^[[0m
check	Setup API client	2026-09-05T04:07:23.1024598Z ^[[36;1m      echo "::endgroup::"^[[0m
check	Setup API client	2026-09-05T04:07:23.1024889Z ^[[36;1m    fi^[[0m
check	Setup API client	2026-09-05T04:07:23.1025127Z ^[[36;1m^[[0m
check	Setup API client	2026-09-05T04:07:23.1025412Z ^[[36;1m    if [ "$attempt" -lt "$NPM_MAX_RETRIES" ]; then^[[0m
check	Setup API client	2026-09-05T04:07:23.1025848Z ^[[36;1m      echo "::notice::Waiting ${NPM_BACKOFF}s before retry..."^[[0m
check	Setup API client	2026-09-05T04:07:23.1026250Z ^[[36;1m      sleep "$NPM_BACKOFF"^[[0m
check	Setup API client	2026-09-05T04:07:23.1026573Z ^[[36;1m      NPM_BACKOFF=$((NPM_BACKOFF * 2))^[[0m
check	Setup API client	2026-09-05T04:07:23.1026911Z ^[[36;1m    fi^[[0m
check	Setup API client	2026-09-05T04:07:23.1027152Z ^[[36;1m  done^[[0m
check	Setup API client	2026-09-05T04:07:23.1027389Z ^[[36;1m^[[0m
check	Setup API client	2026-09-05T04:07:23.1027654Z ^[[36;1m  if [ "$npm_installed" != "true" ]; then^[[0m
check	Setup API client	2026-09-05T04:07:23.1028095Z ^[[36;1m    echo "::error::npm install failed after $NPM_MAX_RETRIES attempts"^[[0m
check	Setup API client	2026-09-05T04:07:23.1028657Z ^[[36;1m    exit 1^[[0m
check	Setup API client	2026-09-05T04:07:23.1028904Z ^[[36;1m  fi^[[0m
check	Setup API client	2026-09-05T04:07:23.1029135Z ^[[36;1m^[[0m
check	Setup API client	2026-09-05T04:07:23.1029485Z ^[[36;1m  # Restore vendored package metadata that npm may have overwritten^[[0m
check	Setup API client	2026-09-05T04:07:23.1030023Z ^[[36;1m  if [ -n "${VENDORED_SNAPSHOT:-}" ] && [ -d "${VENDORED_SNAPSHOT}" ]; then^[[0m
check	Setup API client	2026-09-05T04:07:23.1030512Z ^[[36;1m    for pkg_backup in "${VENDORED_SNAPSHOT}"/*/; do^[[0m
check	Setup API client	2026-09-05T04:07:23.1030907Z ^[[36;1m      pkg_name=$(basename "$pkg_backup")^[[0m
check	Setup API client	2026-09-05T04:07:23.1031316Z ^[[36;1m      if [ -f "node_modules/${pkg_name}/package.json" ] && \^[[0m
check	Setup API client	2026-09-05T04:07:23.1031750Z ^[[36;1m         [ -f "${pkg_backup}package.json" ]; then^[[0m
check	Setup API client	2026-09-05T04:07:23.1032227Z ^[[36;1m        cp "${pkg_backup}package.json" "node_modules/${pkg_name}/package.json"^[[0m
check	Setup API client	2026-09-05T04:07:23.1032810Z ^[[36;1m      fi^[[0m
check	Setup API client	2026-09-05T04:07:23.1033184Z ^[[36;1m    done^[[0m
check	Setup API client	2026-09-05T04:07:23.1033463Z ^[[36;1m    rm -rf "${VENDORED_SNAPSHOT}"^[[0m
check	Setup API client	2026-09-05T04:07:23.1033853Z ^[[36;1m    echo "📸 Restored vendored package metadata"^[[0m
check	Setup API client	2026-09-05T04:07:23.1034211Z ^[[36;1m  fi^[[0m
check	Setup API client	2026-09-05T04:07:23.1034443Z ^[[36;1m^[[0m
check	Setup API client	2026-09-05T04:07:23.1034713Z ^[[36;1m  echo "✅ @octokit dependencies installed"^[[0m
check	Setup API client	2026-09-05T04:07:23.1035051Z ^[[36;1mfi^[[0m
check	Setup API client	2026-09-05T04:07:23.1035278Z ^[[36;1m^[[0m
check	Setup API client	2026-09-05T04:07:23.1035630Z ^[[36;1m# Restore original package.json if we stripped file: deps earlier,^[[0m
check	Setup API client	2026-09-05T04:07:23.1036122Z ^[[36;1m# so downstream steps see an unmodified workspace.^[[0m
check	Setup API client	2026-09-05T04:07:23.1036612Z ^[[36;1mif [ "$STRIPPED_PKG_JSON" = "true" ] && [ -f "package.json.bak" ]; then^[[0m
check	Setup API client	2026-09-05T04:07:23.1037084Z ^[[36;1m  mv "package.json.bak" "package.json"^[[0m
check	Setup API client	2026-09-05T04:07:23.1037418Z ^[[36;1mfi^[[0m
check	Setup API client	2026-09-05T04:07:23.1037668Z ^[[36;1m^[[0m
check	Setup API client	2026-09-05T04:07:23.1037913Z ^[[36;1mcleanup_vendor_aliases^[[0m
check	Setup API client	2026-09-05T04:07:23.1038213Z ^[[36;1mtrap - EXIT^[[0m
check	Setup API client	2026-09-05T04:07:23.1079295Z shell: /usr/bin/bash --noprofile --norc -e -o pipefail {0}
check	Setup API client	2026-09-05T04:07:23.1079765Z ##[endgroup]
check	Setup API client	2026-09-05T04:07:23.1152902Z 📦 Installing @octokit dependencies in /home/runner/work/Fine-Art-Archive/Fine-Art-Archive/.github/scripts...
check	Setup API client	2026-09-05T04:07:25.2881815Z 📸 Snapshotted vendored package metadata
check	Setup API client	2026-09-05T04:07:30.0439827Z 
check	Setup API client	2026-09-05T04:07:30.0440659Z added 66 packages, changed 1 package, and audited 70 packages in 4s
check	Setup API client	2026-09-05T04:07:30.0441061Z 
check	Setup API client	2026-09-05T04:07:30.0441196Z 2 packages are looking for funding
check	Setup API client	2026-09-05T04:07:30.0441637Z   run `npm fund` for details
check	Setup API client	2026-09-05T04:07:30.0463741Z 
check	Setup API client	2026-09-05T04:07:30.0464071Z 2 vulnerabilities (1 moderate, 1 high)
check	Setup API client	2026-09-05T04:07:30.0464505Z 
check	Setup API client	2026-09-05T04:07:30.0464824Z To address issues that do not require attention, run:
check	Setup API client	2026-09-05T04:07:30.0465493Z   npm audit fix
check	Setup API client	2026-09-05T04:07:30.0465704Z 
check	Setup API client	2026-09-05T04:07:30.0465827Z To address all issues, run:
check	Setup API client	2026-09-05T04:07:30.0466145Z   npm audit fix --force
check	Setup API client	2026-09-05T04:07:30.0466360Z 
check	Setup API client	2026-09-05T04:07:30.0466479Z Run `npm audit` for details.
check	Setup API client	2026-09-05T04:07:30.1042089Z 📸 Restored vendored package metadata
check	Setup API client	2026-09-05T04:07:30.1042813Z ✅ @octokit dependencies installed
check	Setup API client	2026-09-05T04:07:30.1090812Z ##[end-action id=__self.__run;outcome=success;conclusion=success;duration_ms=7019]
check	Setup API client	2026-09-05T04:07:30.1094155Z ##[start-action display=Export NODE_PATH for shared deps;id=__self.__run_2]
check	Setup API client	2026-09-05T04:07:30.1112416Z ##[group]Run set -euo pipefail
check	Setup API client	2026-09-05T04:07:30.1112727Z ^[[36;1mset -euo pipefail^[[0m
check	Setup API client	2026-09-05T04:07:30.1113244Z ^[[36;1mINSTALL_DIR=""^[[0m
check	Setup API client	2026-09-05T04:07:30.1113502Z ^[[36;1mif [ -z "$INSTALL_DIR" ]; then^[[0m
check	Setup API client	2026-09-05T04:07:30.1113830Z ^[[36;1m  INSTALL_DIR="${GITHUB_WORKSPACE}/.github/scripts"^[[0m
check	Setup API client	2026-09-05T04:07:30.1114146Z ^[[36;1mfi^[[0m
check	Setup API client	2026-09-05T04:07:30.1114380Z ^[[36;1mif [ -d "${INSTALL_DIR}/node_modules" ]; then^[[0m
check	Setup API client	2026-09-05T04:07:30.1114709Z ^[[36;1m  if [ -n "${NODE_PATH:-}" ]; then^[[0m
check	Setup API client	2026-09-05T04:07:30.1115111Z ^[[36;1m    echo "NODE_PATH=${INSTALL_DIR}/node_modules:${NODE_PATH}" >> "$GITHUB_ENV"^[[0m
check	Setup API client	2026-09-05T04:07:30.1115501Z ^[[36;1m  else^[[0m
check	Setup API client	2026-09-05T04:07:30.1115970Z ^[[36;1m    echo "NODE_PATH=${INSTALL_DIR}/node_modules" >> "$GITHUB_ENV"^[[0m
check	Setup API client	2026-09-05T04:07:30.1116322Z ^[[36;1m  fi^[[0m
check	Setup API client	2026-09-05T04:07:30.1116508Z ^[[36;1melse^[[0m
check	Setup API client	2026-09-05T04:07:30.1116930Z ^[[36;1m  echo "::notice::setup-api-client: ${INSTALL_DIR}/node_modules not found; skipping NODE_PATH export."^[[0m
check	Setup API client	2026-09-05T04:07:30.1117407Z ^[[36;1mfi^[[0m
check	Setup API client	2026-09-05T04:07:30.1152572Z shell: /usr/bin/bash --noprofile --norc -e -o pipefail {0}
check	Setup API client	2026-09-05T04:07:30.1173448Z ##[endgroup]
check	Setup API client	2026-09-05T04:07:30.1235510Z ##[end-action id=__self.__run_2;outcome=success;conclusion=success;duration_ms=14]
check	Setup API client	2026-09-05T04:07:30.1242747Z ##[start-action display=Export load balancer tokens;id=__self.export-tokens]
check	Setup API client	2026-09-05T04:07:30.1257685Z ##[group]Run set -euo pipefail
check	Setup API client	2026-09-05T04:07:30.1258288Z ^[[36;1mset -euo pipefail^[[0m
check	Setup API client	2026-09-05T04:07:30.1258517Z ^[[36;1m^[[0m
check	Setup API client	2026-09-05T04:07:30.1258706Z ^[[36;1mtoken_count=0^[[0m
check	Setup API client	2026-09-05T04:07:30.1258932Z ^[[36;1mavailable_tokens=""^[[0m
check	Setup API client	2026-09-05T04:07:30.1259172Z ^[[36;1m^[[0m
check	Setup API client	2026-09-05T04:07:30.1259388Z ^[[36;1m# Export a variable to GITHUB_ENV^[[0m
check	Setup API client	2026-09-05T04:07:30.1259805Z ^[[36;1m# Note: Empty values are intentionally not counted as available tokens^[[0m
check	Setup API client	2026-09-05T04:07:30.1260197Z ^[[36;1mexport_var() {^[[0m
check	Setup API client	2026-09-05T04:07:30.1260425Z ^[[36;1m  local name="$1"^[[0m
check	Setup API client	2026-09-05T04:07:30.1260663Z ^[[36;1m  local value="${2-}"^[[0m
check	Setup API client	2026-09-05T04:07:30.1260909Z ^[[36;1m  if [ -z "${value}" ]; then^[[0m
check	Setup API client	2026-09-05T04:07:30.1261165Z ^[[36;1m    return 0^[[0m
check	Setup API client	2026-09-05T04:07:30.1261374Z ^[[36;1m  fi^[[0m
check	Setup API client	2026-09-05T04:07:30.1261559Z ^[[36;1m^[[0m
check	Setup API client	2026-09-05T04:07:30.1261793Z ^[[36;1m  # Handle multiline values (like private keys)^[[0m
check	Setup API client	2026-09-05T04:07:30.1262119Z ^[[36;1m  if [[ "${value}" == *$'\n'* ]]; then^[[0m
check	Setup API client	2026-09-05T04:07:30.1262396Z ^[[36;1m    {^[[0m
check	Setup API client	2026-09-05T04:07:30.1262591Z ^[[36;1m      echo "${name}<<EOF"^[[0m
check	Setup API client	2026-09-05T04:07:30.1262849Z ^[[36;1m      printf '%s\n' "${value}"^[[0m
check	Setup API client	2026-09-05T04:07:30.1263436Z ^[[36;1m      echo "EOF"^[[0m
check	Setup API client	2026-09-05T04:07:30.1263676Z ^[[36;1m    } >>"${GITHUB_ENV}"^[[0m
check	Setup API client	2026-09-05T04:07:30.1263905Z ^[[36;1m  else^[[0m
check	Setup API client	2026-09-05T04:07:30.1264168Z ^[[36;1m    printf '%s=%s\n' "${name}" "${value}" >>"${GITHUB_ENV}"^[[0m
check	Setup API client	2026-09-05T04:07:30.1264487Z ^[[36;1m  fi^[[0m
check	Setup API client	2026-09-05T04:07:30.1264667Z ^[[36;1m^[[0m
check	Setup API client	2026-09-05T04:07:30.1264864Z ^[[36;1m  token_count=$((token_count + 1))^[[0m
check	Setup API client	2026-09-05T04:07:30.1265166Z ^[[36;1m  if [ -n "$available_tokens" ]; then^[[0m
check	Setup API client	2026-09-05T04:07:30.1265495Z ^[[36;1m    available_tokens="${available_tokens},${name}"^[[0m
check	Setup API client	2026-09-05T04:07:30.1265794Z ^[[36;1m  else^[[0m
check	Setup API client	2026-09-05T04:07:30.1265997Z ^[[36;1m    available_tokens="${name}"^[[0m
check	Setup API client	2026-09-05T04:07:30.1266246Z ^[[36;1m  fi^[[0m
check	Setup API client	2026-09-05T04:07:30.1266423Z ^[[36;1m^[[0m
check	Setup API client	2026-09-05T04:07:30.1266633Z ^[[36;1m  if [ "${INPUT_VERBOSE}" = "true" ]; then^[[0m
check	Setup API client	2026-09-05T04:07:30.1266935Z ^[[36;1m    echo "  ✅ ${name} exported"^[[0m
check	Setup API client	2026-09-05T04:07:30.1267189Z ^[[36;1m  fi^[[0m
check	Setup API client	2026-09-05T04:07:30.1267376Z ^[[36;1m}^[[0m
check	Setup API client	2026-09-05T04:07:30.1267561Z ^[[36;1m^[[0m
check	Setup API client	2026-09-05T04:07:30.1267793Z ^[[36;1mecho "🔐 Exporting tokens to environment..."^[[0m
check	Setup API client	2026-09-05T04:07:30.1268081Z ^[[36;1m^[[0m
check	Setup API client	2026-09-05T04:07:30.1268323Z ^[[36;1m# Try to extract from JSON secrets first (requires jq)^[[0m
check	Setup API client	2026-09-05T04:07:30.1268747Z ^[[36;1mif [ -n "${INPUT_SECRETS:-}" ] && [ "${INPUT_SECRETS}" != "null" ]; then^[[0m
check	Setup API client	2026-09-05T04:07:30.1269141Z ^[[36;1m  if ! command -v jq >/dev/null 2>&1; then^[[0m
check	Setup API client	2026-09-05T04:07:30.1269685Z ^[[36;1m    echo "::warning::'jq' is not installed; falling back to individual token inputs instead of parsing JSON secrets."^[[0m
check	Setup API client	2026-09-05T04:07:30.1270277Z ^[[36;1m    # Fall back to individual inputs when jq is unavailable^[[0m
check	Setup API client	2026-09-05T04:07:30.1270668Z ^[[36;1m    SERVICE_BOT_PAT="${INPUT_SERVICE_BOT_PAT:-}"^[[0m
check	Setup API client	2026-09-05T04:07:30.1271025Z ^[[36;1m    ACTIONS_BOT_PAT="${INPUT_ACTIONS_BOT_PAT:-}"^[[0m
check	Setup API client	2026-09-05T04:07:30.1271358Z ^[[36;1m    OWNER_PR_PAT="${INPUT_OWNER_PR_PAT:-}"^[[0m
check	Setup API client	2026-09-05T04:07:30.1271727Z ^[[36;1m    AGENTS_AUTOMATION_PAT="${INPUT_AGENTS_AUTOMATION_PAT:-}"^[[0m
check	Setup API client	2026-09-05T04:07:30.1272292Z ^[[36;1m    WORKFLOWS_APP_ID="${INPUT_WORKFLOWS_APP_ID:-}"^[[0m
check	Setup API client	2026-09-05T04:07:30.1272719Z ^[[36;1m    WORKFLOWS_APP_PRIVATE_KEY="${INPUT_WORKFLOWS_APP_PRIVATE_KEY:-}"^[[0m
check	Setup API client	2026-09-05T04:07:30.1273439Z ^[[36;1m    KEEPALIVE_APP_ID="${INPUT_KEEPALIVE_APP_ID:-}"^[[0m
check	Setup API client	2026-09-05T04:07:30.1273868Z ^[[36;1m    KEEPALIVE_APP_PRIVATE_KEY="${INPUT_KEEPALIVE_APP_PRIVATE_KEY:-}"^[[0m
check	Setup API client	2026-09-05T04:07:30.1274267Z ^[[36;1m    GH_APP_ID="${INPUT_GH_APP_ID:-}"^[[0m
check	Setup API client	2026-09-05T04:07:30.1274599Z ^[[36;1m    GH_APP_PRIVATE_KEY="${INPUT_GH_APP_PRIVATE_KEY:-}"^[[0m
check	Setup API client	2026-09-05T04:07:30.1274935Z ^[[36;1m    APP_1_ID="${INPUT_APP_1_ID:-}"^[[0m
check	Setup API client	2026-09-05T04:07:30.1275258Z ^[[36;1m    APP_1_PRIVATE_KEY="${INPUT_APP_1_PRIVATE_KEY:-}"^[[0m
check	Setup API client	2026-09-05T04:07:30.1275718Z ^[[36;1m    APP_2_ID="${INPUT_APP_2_ID:-}"^[[0m
check	Setup API client	2026-09-05T04:07:30.1276032Z ^[[36;1m    APP_2_PRIVATE_KEY="${INPUT_APP_2_PRIVATE_KEY:-}"^[[0m
check	Setup API client	2026-09-05T04:07:30.1276333Z ^[[36;1m  else^[[0m
check	Setup API client	2026-09-05T04:07:30.1276549Z ^[[36;1m    # Parse JSON secrets using jq^[[0m
check	Setup API client	2026-09-05T04:07:30.1276831Z ^[[36;1m    extract_secret() {^[[0m
check	Setup API client	2026-09-05T04:07:30.1277071Z ^[[36;1m      local key="$1"^[[0m
check	Setup API client	2026-09-05T04:07:30.1277418Z ^[[36;1m      echo "${INPUT_SECRETS}" | jq -r ".${key} // empty" 2>/dev/null || echo ""^[[0m
check	Setup API client	2026-09-05T04:07:30.1277795Z ^[[36;1m    }^[[0m
check	Setup API client	2026-09-05T04:07:30.1277978Z ^[[36;1m^[[0m
check	Setup API client	2026-09-05T04:07:30.1278228Z ^[[36;1m    SERVICE_BOT_PAT=$(extract_secret "SERVICE_BOT_PAT")^[[0m
check	Setup API client	2026-09-05T04:07:30.1278605Z ^[[36;1m    ACTIONS_BOT_PAT=$(extract_secret "ACTIONS_BOT_PAT")^[[0m
check	Setup API client	2026-09-05T04:07:30.1278969Z ^[[36;1m    OWNER_PR_PAT=$(extract_secret "OWNER_PR_PAT")^[[0m
check	Setup API client	2026-09-05T04:07:30.1279379Z ^[[36;1m    AGENTS_AUTOMATION_PAT=$(extract_secret "AGENTS_AUTOMATION_PAT")^[[0m
check	Setup API client	2026-09-05T04:07:30.1279831Z ^[[36;1m    WORKFLOWS_APP_ID=$(extract_secret "WORKFLOWS_APP_ID")^[[0m
check	Setup API client	2026-09-05T04:07:30.1280293Z ^[[36;1m    WORKFLOWS_APP_PRIVATE_KEY=$(extract_secret "WORKFLOWS_APP_PRIVATE_KEY")^[[0m
check	Setup API client	2026-09-05T04:07:30.1280755Z ^[[36;1m    KEEPALIVE_APP_ID=$(extract_secret "KEEPALIVE_APP_ID")^[[0m
check	Setup API client	2026-09-05T04:07:30.1281206Z ^[[36;1m    KEEPALIVE_APP_PRIVATE_KEY=$(extract_secret "KEEPALIVE_APP_PRIVATE_KEY")^[[0m
check	Setup API client	2026-09-05T04:07:30.1281628Z ^[[36;1m    GH_APP_ID=$(extract_secret "GH_APP_ID")^[[0m
check	Setup API client	2026-09-05T04:07:30.1281987Z ^[[36;1m    GH_APP_PRIVATE_KEY=$(extract_secret "GH_APP_PRIVATE_KEY")^[[0m
check	Setup API client	2026-09-05T04:07:30.1282359Z ^[[36;1m    APP_1_ID=$(extract_secret "APP_1_ID")^[[0m
check	Setup API client	2026-09-05T04:07:30.1282721Z ^[[36;1m    APP_1_PRIVATE_KEY=$(extract_secret "APP_1_PRIVATE_KEY")^[[0m
check	Setup API client	2026-09-05T04:07:30.1283273Z ^[[36;1m    APP_2_ID=$(extract_secret "APP_2_ID")^[[0m
check	Setup API client	2026-09-05T04:07:30.1283623Z ^[[36;1m    APP_2_PRIVATE_KEY=$(extract_secret "APP_2_PRIVATE_KEY")^[[0m
check	Setup API client	2026-09-05T04:07:30.1283938Z ^[[36;1m  fi^[[0m
check	Setup API client	2026-09-05T04:07:30.1284121Z ^[[36;1melse^[[0m
check	Setup API client	2026-09-05T04:07:30.1284336Z ^[[36;1m  # Fall back to individual inputs^[[0m
check	Setup API client	2026-09-05T04:07:30.1284654Z ^[[36;1m  SERVICE_BOT_PAT="${INPUT_SERVICE_BOT_PAT:-}"^[[0m
check	Setup API client	2026-09-05T04:07:30.1285002Z ^[[36;1m  ACTIONS_BOT_PAT="${INPUT_ACTIONS_BOT_PAT:-}"^[[0m
check	Setup API client	2026-09-05T04:07:30.1285333Z ^[[36;1m  OWNER_PR_PAT="${INPUT_OWNER_PR_PAT:-}"^[[0m
check	Setup API client	2026-09-05T04:07:30.1285707Z ^[[36;1m  AGENTS_AUTOMATION_PAT="${INPUT_AGENTS_AUTOMATION_PAT:-}"^[[0m
check	Setup API client	2026-09-05T04:07:30.1286095Z ^[[36;1m  WORKFLOWS_APP_ID="${INPUT_WORKFLOWS_APP_ID:-}"^[[0m
check	Setup API client	2026-09-05T04:07:30.1286503Z ^[[36;1m  WORKFLOWS_APP_PRIVATE_KEY="${INPUT_WORKFLOWS_APP_PRIVATE_KEY:-}"^[[0m
check	Setup API client	2026-09-05T04:07:30.1286919Z ^[[36;1m  KEEPALIVE_APP_ID="${INPUT_KEEPALIVE_APP_ID:-}"^[[0m
check	Setup API client	2026-09-05T04:07:30.1287324Z ^[[36;1m  KEEPALIVE_APP_PRIVATE_KEY="${INPUT_KEEPALIVE_APP_PRIVATE_KEY:-}"^[[0m
check	Setup API client	2026-09-05T04:07:30.1287709Z ^[[36;1m  GH_APP_ID="${INPUT_GH_APP_ID:-}"^[[0m
check	Setup API client	2026-09-05T04:07:30.1288037Z ^[[36;1m  GH_APP_PRIVATE_KEY="${INPUT_GH_APP_PRIVATE_KEY:-}"^[[0m
check	Setup API client	2026-09-05T04:07:30.1288372Z ^[[36;1m  APP_1_ID="${INPUT_APP_1_ID:-}"^[[0m
check	Setup API client	2026-09-05T04:07:30.1288696Z ^[[36;1m  APP_1_PRIVATE_KEY="${INPUT_APP_1_PRIVATE_KEY:-}"^[[0m
check	Setup API client	2026-09-05T04:07:30.1289015Z ^[[36;1m  APP_2_ID="${INPUT_APP_2_ID:-}"^[[0m
check	Setup API client	2026-09-05T04:07:30.1289322Z ^[[36;1m  APP_2_PRIVATE_KEY="${INPUT_APP_2_PRIVATE_KEY:-}"^[[0m
check	Setup API client	2026-09-05T04:07:30.1289745Z ^[[36;1mfi^[[0m
check	Setup API client	2026-09-05T04:07:30.1289919Z ^[[36;1m^[[0m
check	Setup API client	2026-09-05T04:07:30.1290208Z ^[[36;1m# Export GITHUB_TOKEN (GH_TOKEN is the same value, only count once)^[[0m
check	Setup API client	2026-09-05T04:07:30.1290606Z ^[[36;1mif [ -n "${INPUT_GITHUB_TOKEN:-}" ]; then^[[0m
check	Setup API client	2026-09-05T04:07:30.1290943Z ^[[36;1m  export_var "GITHUB_TOKEN" "${INPUT_GITHUB_TOKEN}"^[[0m
check	Setup API client	2026-09-05T04:07:30.1291306Z ^[[36;1m  # GH_TOKEN is exported but not double-counted^[[0m
check	Setup API client	2026-09-05T04:07:30.1291701Z ^[[36;1m  printf '%s=%s\n' "GH_TOKEN" "${INPUT_GITHUB_TOKEN}" >>"${GITHUB_ENV}"^[[0m
check	Setup API client	2026-09-05T04:07:30.1292044Z ^[[36;1mfi^[[0m
check	Setup API client	2026-09-05T04:07:30.1292220Z ^[[36;1m^[[0m
check	Setup API client	2026-09-05T04:07:30.1292403Z ^[[36;1m# Export PATs^[[0m
check	Setup API client	2026-09-05T04:07:30.1292795Z ^[[36;1mexport_var "SERVICE_BOT_PAT" "${SERVICE_BOT_PAT:-}"^[[0m
check	Setup API client	2026-09-05T04:07:30.1293370Z ^[[36;1mexport_var "ACTIONS_BOT_PAT" "${ACTIONS_BOT_PAT:-}"^[[0m
check	Setup API client	2026-09-05T04:07:30.1293719Z ^[[36;1mexport_var "OWNER_PR_PAT" "${OWNER_PR_PAT:-}"^[[0m
check	Setup API client	2026-09-05T04:07:30.1294121Z ^[[36;1mexport_var "AGENTS_AUTOMATION_PAT" "${AGENTS_AUTOMATION_PAT:-}"^[[0m
check	Setup API client	2026-09-05T04:07:30.1294653Z ^[[36;1m^[[0m
check	Setup API client	2026-09-05T04:07:30.1294847Z ^[[36;1m# Export App credentials^[[0m
check	Setup API client	2026-09-05T04:07:30.1295164Z ^[[36;1mexport_var "WORKFLOWS_APP_ID" "${WORKFLOWS_APP_ID:-}"^[[0m
check	Setup API client	2026-09-05T04:07:30.1295609Z ^[[36;1mexport_var "WORKFLOWS_APP_PRIVATE_KEY" "${WORKFLOWS_APP_PRIVATE_KEY:-}"^[[0m
check	Setup API client	2026-09-05T04:07:30.1296058Z ^[[36;1mexport_var "KEEPALIVE_APP_ID" "${KEEPALIVE_APP_ID:-}"^[[0m
check	Setup API client	2026-09-05T04:07:30.1296494Z ^[[36;1mexport_var "KEEPALIVE_APP_PRIVATE_KEY" "${KEEPALIVE_APP_PRIVATE_KEY:-}"^[[0m
check	Setup API client	2026-09-05T04:07:30.1296912Z ^[[36;1mexport_var "GH_APP_ID" "${GH_APP_ID:-}"^[[0m
check	Setup API client	2026-09-05T04:07:30.1297276Z ^[[36;1mexport_var "GH_APP_PRIVATE_KEY" "${GH_APP_PRIVATE_KEY:-}"^[[0m
check	Setup API client	2026-09-05T04:07:30.1297644Z ^[[36;1mexport_var "APP_1_ID" "${APP_1_ID:-}"^[[0m
check	Setup API client	2026-09-05T04:07:30.1297990Z ^[[36;1mexport_var "APP_1_PRIVATE_KEY" "${APP_1_PRIVATE_KEY:-}"^[[0m
check	Setup API client	2026-09-05T04:07:30.1298339Z ^[[36;1mexport_var "APP_2_ID" "${APP_2_ID:-}"^[[0m
check	Setup API client	2026-09-05T04:07:30.1298684Z ^[[36;1mexport_var "APP_2_PRIVATE_KEY" "${APP_2_PRIVATE_KEY:-}"^[[0m
check	Setup API client	2026-09-05T04:07:30.1298995Z ^[[36;1m^[[0m
check	Setup API client	2026-09-05T04:07:30.1299176Z ^[[36;1m# Output summary^[[0m
check	Setup API client	2026-09-05T04:07:30.1299466Z ^[[36;1mecho "token_count=${token_count}" >> "$GITHUB_OUTPUT"^[[0m
check	Setup API client	2026-09-05T04:07:30.1299877Z ^[[36;1mecho "available_tokens=${available_tokens}" >> "$GITHUB_OUTPUT"^[[0m
check	Setup API client	2026-09-05T04:07:30.1300229Z ^[[36;1m^[[0m
check	Setup API client	2026-09-05T04:07:30.1300439Z ^[[36;1minstall_dir="${INPUT_INSTALL_DIR:-}"^[[0m
check	Setup API client	2026-09-05T04:07:30.1300731Z ^[[36;1mif [ -z "$install_dir" ]; then^[[0m
check	Setup API client	2026-09-05T04:07:30.1301047Z ^[[36;1m  install_dir="${GITHUB_WORKSPACE}/.github/scripts"^[[0m
check	Setup API client	2026-09-05T04:07:30.1301345Z ^[[36;1mfi^[[0m
check	Setup API client	2026-09-05T04:07:30.1301532Z ^[[36;1msetup_contract="$(^[[0m
check	Setup API client	2026-09-05T04:07:30.1301805Z ^[[36;1m  AVAILABLE_TOKENS="${available_tokens}" \^[[0m
check	Setup API client	2026-09-05T04:07:30.1302109Z ^[[36;1m  TOKEN_COUNT="${token_count}" \^[[0m
check	Setup API client	2026-09-05T04:07:30.1302381Z ^[[36;1m  INSTALL_DIR="${install_dir}" \^[[0m
check	Setup API client	2026-09-05T04:07:30.1302646Z ^[[36;1m  node <<'NODE'^[[0m
check	Setup API client	2026-09-05T04:07:30.1302878Z ^[[36;1mconst fs = require('node:fs');^[[0m
check	Setup API client	2026-09-05T04:07:30.1303382Z ^[[36;1mconst path = require('node:path');^[[0m
check	Setup API client	2026-09-05T04:07:30.1303644Z ^[[36;1m^[[0m
check	Setup API client	2026-09-05T04:07:30.1303888Z ^[[36;1mconst installDir = process.env.INSTALL_DIR || '';^[[0m
check	Setup API client	2026-09-05T04:07:30.1304283Z ^[[36;1mconst tokenNames = (process.env.AVAILABLE_TOKENS || '')^[[0m
check	Setup API client	2026-09-05T04:07:30.1304608Z ^[[36;1m  .split(',')^[[0m
check	Setup API client	2026-09-05T04:07:30.1304837Z ^[[36;1m  .map((value) => value.trim())^[[0m
check	Setup API client	2026-09-05T04:07:30.1305100Z ^[[36;1m  .filter(Boolean);^[[0m
check	Setup API client	2026-09-05T04:07:30.1305356Z ^[[36;1mconst tokenSet = new Set(tokenNames);^[[0m
check	Setup API client	2026-09-05T04:07:30.1305645Z ^[[36;1mconst appPairs = [^[[0m
check	Setup API client	2026-09-05T04:07:30.1305974Z ^[[36;1m  ['WORKFLOWS_APP', 'WORKFLOWS_APP_ID', 'WORKFLOWS_APP_PRIVATE_KEY'],^[[0m
check	Setup API client	2026-09-05T04:07:30.1306444Z ^[[36;1m  ['KEEPALIVE_APP', 'KEEPALIVE_APP_ID', 'KEEPALIVE_APP_PRIVATE_KEY'],^[[0m
check	Setup API client	2026-09-05T04:07:30.1306846Z ^[[36;1m  ['GH_APP', 'GH_APP_ID', 'GH_APP_PRIVATE_KEY'],^[[0m
check	Setup API client	2026-09-05T04:07:30.1307309Z ^[[36;1m  ['APP_1', 'APP_1_ID', 'APP_1_PRIVATE_KEY'],^[[0m
check	Setup API client	2026-09-05T04:07:30.1307624Z ^[[36;1m  ['APP_2', 'APP_2_ID', 'APP_2_PRIVATE_KEY'],^[[0m
check	Setup API client	2026-09-05T04:07:30.1307900Z ^[[36;1m];^[[0m
check	Setup API client	2026-09-05T04:07:30.1308092Z ^[[36;1mconst authModes = [];^[[0m
check	Setup API client	2026-09-05T04:07:30.1308358Z ^[[36;1mif (tokenSet.has('GITHUB_TOKEN')) {^[[0m
check	Setup API client	2026-09-05T04:07:30.1308736Z ^[[36;1m  authModes.push({ source: 'GITHUB_TOKEN', mode: 'github-token' });^[[0m
check	Setup API client	2026-09-05T04:07:30.1309088Z ^[[36;1m}^[[0m
check	Setup API client	2026-09-05T04:07:30.1309285Z ^[[36;1mfor (const name of tokenNames) {^[[0m
check	Setup API client	2026-09-05T04:07:30.1309563Z ^[[36;1m  if (name.endsWith('_PAT')) {^[[0m
check	Setup API client	2026-09-05T04:07:30.1309870Z ^[[36;1m    authModes.push({ source: name, mode: 'pat' });^[[0m
check	Setup API client	2026-09-05T04:07:30.1310277Z ^[[36;1m  }^[[0m
check	Setup API client	2026-09-05T04:07:30.1310459Z ^[[36;1m}^[[0m
check	Setup API client	2026-09-05T04:07:30.1310703Z ^[[36;1mfor (const [source, idName, keyName] of appPairs) {^[[0m
check	Setup API client	2026-09-05T04:07:30.1311087Z ^[[36;1m  if (tokenSet.has(idName) && tokenSet.has(keyName)) {^[[0m
check	Setup API client	2026-09-05T04:07:30.1311421Z ^[[36;1m    authModes.push({^[[0m
check	Setup API client	2026-09-05T04:07:30.1311657Z ^[[36;1m      source,^[[0m
check	Setup API client	2026-09-05T04:07:30.1311884Z ^[[36;1m      mode: 'github-app',^[[0m
check	Setup API client	2026-09-05T04:07:30.1312168Z ^[[36;1m      credential_names: [idName, keyName],^[[0m
check	Setup API client	2026-09-05T04:07:30.1312447Z ^[[36;1m    });^[[0m
check	Setup API client	2026-09-05T04:07:30.1312632Z ^[[36;1m  }^[[0m
check	Setup API client	2026-09-05T04:07:30.1312813Z ^[[36;1m}^[[0m
check	Setup API client	2026-09-05T04:07:30.1313186Z ^[[36;1m^[[0m
check	Setup API client	2026-09-05T04:07:30.1313465Z ^[[36;1mconst moduleDir = path.join(installDir, 'node_modules');^[[0m
check	Setup API client	2026-09-05T04:07:30.1313971Z ^[[36;1mconst hasModule = (name) => fs.existsSync(path.join(moduleDir, ...name.split('/')));^[[0m
check	Setup API client	2026-09-05T04:07:30.1314402Z ^[[36;1mconst contract = {^[[0m
check	Setup API client	2026-09-05T04:07:30.1314686Z ^[[36;1m  schema: 'workflows-api-client-setup/v1',^[[0m
check	Setup API client	2026-09-05T04:07:30.1315106Z ^[[36;1m  token_count: Number.parseInt(process.env.TOKEN_COUNT || '0', 10) || 0,^[[0m
check	Setup API client	2026-09-05T04:07:30.1315519Z ^[[36;1m  available_token_names: tokenNames,^[[0m
check	Setup API client	2026-09-05T04:07:30.1315812Z ^[[36;1m  auth_modes: authModes,^[[0m
check	Setup API client	2026-09-05T04:07:30.1316067Z ^[[36;1m  dependency_state: {^[[0m
check	Setup API client	2026-09-05T04:07:30.1316354Z ^[[36;1m    node_path_ready: fs.existsSync(moduleDir),^[[0m
check	Setup API client	2026-09-05T04:07:30.1316713Z ^[[36;1m    octokit_rest_ready: hasModule('@octokit/rest'),^[[0m
check	Setup API client	2026-09-05T04:07:30.1317103Z ^[[36;1m    octokit_auth_app_ready: hasModule('@octokit/auth-app'),^[[0m
check	Setup API client	2026-09-05T04:07:30.1317484Z ^[[36;1m    lru_cache_ready: hasModule('lru-cache'),^[[0m
check	Setup API client	2026-09-05T04:07:30.1317767Z ^[[36;1m  },^[[0m
check	Setup API client	2026-09-05T04:07:30.1317948Z ^[[36;1m};^[[0m
check	Setup API client	2026-09-05T04:07:30.1318197Z ^[[36;1mprocess.stdout.write(JSON.stringify(contract));^[[0m
check	Setup API client	2026-09-05T04:07:30.1318502Z ^[[36;1mNODE^[[0m
check	Setup API client	2026-09-05T04:07:30.1318679Z ^[[36;1m)"^[[0m
check	Setup API client	2026-09-05T04:07:30.1318973Z ^[[36;1mprintf 'setup_contract=%s\n' "$setup_contract" >> "$GITHUB_OUTPUT"^[[0m
check	Setup API client	2026-09-05T04:07:30.1319332Z ^[[36;1m^[[0m
check	Setup API client	2026-09-05T04:07:30.1319505Z ^[[36;1mecho ""^[[0m
check	Setup API client	2026-09-05T04:07:30.1319729Z ^[[36;1mecho "📊 Token Setup Summary:"^[[0m
check	Setup API client	2026-09-05T04:07:30.1320046Z ^[[36;1mecho "  Total tokens exported: ${token_count}"^[[0m
check	Setup API client	2026-09-05T04:07:30.1320468Z ^[[36;1mecho "  Setup contract schema: workflows-api-client-setup/v1"^[[0m
check	Setup API client	2026-09-05T04:07:30.1320849Z ^[[36;1mif [ "${INPUT_VERBOSE}" = "true" ]; then^[[0m
check	Setup API client	2026-09-05T04:07:30.1321161Z ^[[36;1m  echo "  Available: ${available_tokens}"^[[0m
check	Setup API client	2026-09-05T04:07:30.1321481Z ^[[36;1m  echo "  Setup contract: ${setup_contract}"^[[0m
check	Setup API client	2026-09-05T04:07:30.1321758Z ^[[36;1mfi^[[0m
check	Setup API client	2026-09-05T04:07:30.1321930Z ^[[36;1m^[[0m
check	Setup API client	2026-09-05T04:07:30.1322132Z ^[[36;1m# Warn if no tokens were exported^[[0m
check	Setup API client	2026-09-05T04:07:30.1322420Z ^[[36;1mif [ "${token_count}" -eq 0 ]; then^[[0m
check	Setup API client	2026-09-05T04:07:30.1322780Z ^[[36;1m  echo "::warning::No tokens were exported! API calls may fail."^[[0m
check	Setup API client	2026-09-05T04:07:30.1323544Z ^[[36;1m  echo "::warning::Ensure secrets are passed to this action."^[[0m
check	Setup API client	2026-09-05T04:07:30.1323894Z ^[[36;1mfi^[[0m
check	Setup API client	2026-09-05T04:07:30.1355571Z shell: /usr/bin/bash --noprofile --norc -e -o pipefail {0}
check	Setup API client	2026-09-05T04:07:30.1355912Z env:
check	Setup API client	2026-09-05T04:07:30.1356458Z   NODE_PATH: /home/runner/work/Fine-Art-Archive/Fine-Art-Archive/.github/scripts/node_modules
check	Setup API client	2026-09-05T04:07:30.1356924Z   INPUT_SECRETS: 
check	Setup API client	2026-09-05T04:07:30.1359378Z   INPUT_GITHUB_TOKEN: ***
check	Setup API client	2026-09-05T04:07:30.1359631Z   INPUT_SERVICE_BOT_PAT: 
check	Setup API client	2026-09-05T04:07:30.1359857Z   INPUT_ACTIONS_BOT_PAT: 
check	Setup API client	2026-09-05T04:07:30.1360079Z   INPUT_OWNER_PR_PAT: 
check	Setup API client	2026-09-05T04:07:30.1360297Z   INPUT_AGENTS_AUTOMATION_PAT: 
check	Setup API client	2026-09-05T04:07:30.1360545Z   INPUT_WORKFLOWS_APP_ID: 
check	Setup API client	2026-09-05T04:07:30.1360783Z   INPUT_WORKFLOWS_APP_PRIVATE_KEY: 
check	Setup API client	2026-09-05T04:07:30.1361037Z   INPUT_KEEPALIVE_APP_ID: 
check	Setup API client	2026-09-05T04:07:30.1361275Z   INPUT_KEEPALIVE_APP_PRIVATE_KEY: 
check	Setup API client	2026-09-05T04:07:30.1361514Z   INPUT_GH_APP_ID: 
check	Setup API client	2026-09-05T04:07:30.1361840Z   INPUT_GH_APP_PRIVATE_KEY: 
check	Setup API client	2026-09-05T04:07:30.1362062Z   INPUT_APP_1_ID: 
check	Setup API client	2026-09-05T04:07:30.1362264Z   INPUT_APP_1_PRIVATE_KEY: 
check	Setup API client	2026-09-05T04:07:30.1362484Z   INPUT_APP_2_ID: 
check	Setup API client	2026-09-05T04:07:30.1362680Z   INPUT_APP_2_PRIVATE_KEY: 
check	Setup API client	2026-09-05T04:07:30.1362905Z   INPUT_INSTALL_DIR: 
check	Setup API client	2026-09-05T04:07:30.1363373Z   INPUT_VERBOSE: false
check	Setup API client	2026-09-05T04:07:30.1363584Z ##[endgroup]
check	Setup API client	2026-09-05T04:07:30.1417230Z 🔐 Exporting tokens to environment...
check	Setup API client	2026-09-05T04:07:30.1719592Z 
check	Setup API client	2026-09-05T04:07:30.1720282Z 📊 Token Setup Summary:
check	Setup API client	2026-09-05T04:07:30.1720667Z   Total tokens exported: 1
check	Setup API client	2026-09-05T04:07:30.1721111Z   Setup contract schema: workflows-api-client-setup/v1
check	Setup API client	2026-09-05T04:07:30.1729415Z ##[end-action id=__self.export-tokens;outcome=success;conclusion=success;duration_ms=48]
check	Validate against AGENT_ISSUE_FORMAT	﻿2026-09-05T04:07:30.1785747Z ##[group]Run set -euo pipefail
check	Validate against AGENT_ISSUE_FORMAT	2026-09-05T04:07:30.1786073Z ^[[36;1mset -euo pipefail^[[0m
check	Validate against AGENT_ISSUE_FORMAT	2026-09-05T04:07:30.1786349Z ^[[36;1mreport_file="$(mktemp)"^[[0m
check	Validate against AGENT_ISSUE_FORMAT	2026-09-05T04:07:30.1786602Z ^[[36;1merror_file="$(mktemp)"^[[0m
check	Validate against AGENT_ISSUE_FORMAT	2026-09-05T04:07:30.1786920Z ^[[36;1mtrap 'rm -f "$report_file" "$error_file"' EXIT^[[0m
check	Validate against AGENT_ISSUE_FORMAT	2026-09-05T04:07:30.1787302Z ^[[36;1mif [[ ! -f .github/scripts/issue_format.py ]]; then^[[0m
check	Validate against AGENT_ISSUE_FORMAT	2026-09-05T04:07:30.1787751Z ^[[36;1m  # Tolerated: a consumer repo mid-sync may not have the validator yet,^[[0m
check	Validate against AGENT_ISSUE_FORMAT	2026-09-05T04:07:30.1788251Z ^[[36;1m  # and hard-failing would block every issue there. But the job used to^[[0m
check	Validate against AGENT_ISSUE_FORMAT	2026-09-05T04:07:30.1788735Z ^[[36;1m  # exit GREEN having validated nothing, so a sync that dropped the^[[0m
check	Validate against AGENT_ISSUE_FORMAT	2026-09-05T04:07:30.1789194Z ^[[36;1m  # file removed the gate with no signal at all. Make it loud.^[[0m
check	Validate against AGENT_ISSUE_FORMAT	2026-09-05T04:07:30.1790033Z ^[[36;1m  echo "::warning title=Issue format guard inactive::.github/scripts/issue_format.py is missing, so this issue was NOT validated. Re-sync from stranske/Workflows to restore the gate."^[[0m
check	Validate against AGENT_ISSUE_FORMAT	2026-09-05T04:07:30.1790929Z ^[[36;1m  echo "validator absent — skipping while this repo is mid-sync"^[[0m
check	Validate against AGENT_ISSUE_FORMAT	2026-09-05T04:07:30.1791329Z ^[[36;1m  echo "rc=skip" >> "$GITHUB_OUTPUT"^[[0m
check	Validate against AGENT_ISSUE_FORMAT	2026-09-05T04:07:30.1791608Z ^[[36;1m  exit 0^[[0m
check	Validate against AGENT_ISSUE_FORMAT	2026-09-05T04:07:30.1791800Z ^[[36;1mfi^[[0m
check	Validate against AGENT_ISSUE_FORMAT	2026-09-05T04:07:30.1791979Z ^[[36;1mset +e^[[0m
check	Validate against AGENT_ISSUE_FORMAT	2026-09-05T04:07:30.1792341Z ^[[36;1mpython3 .github/scripts/issue_format.py body.md > "$report_file" 2> "$error_file"^[[0m
check	Validate against AGENT_ISSUE_FORMAT	2026-09-05T04:07:30.1792774Z ^[[36;1mrc=$?^[[0m
check	Validate against AGENT_ISSUE_FORMAT	2026-09-05T04:07:30.1793204Z ^[[36;1mset -e^[[0m
check	Validate against AGENT_ISSUE_FORMAT	2026-09-05T04:07:30.1793477Z ^[[36;1mecho "rc=$rc" >> "$GITHUB_OUTPUT"^[[0m
check	Validate against AGENT_ISSUE_FORMAT	2026-09-05T04:07:30.1793762Z ^[[36;1mcat "$report_file" || true^[[0m
check	Validate against AGENT_ISSUE_FORMAT	2026-09-05T04:07:30.1794058Z ^[[36;1mif [[ "$rc" -eq 1 && -s "$error_file" ]]; then^[[0m
check	Validate against AGENT_ISSUE_FORMAT	2026-09-05T04:07:30.1794439Z ^[[36;1m  echo "::error::issue-format validator failed unexpectedly"^[[0m
check	Validate against AGENT_ISSUE_FORMAT	2026-09-05T04:07:30.1794790Z ^[[36;1m  cat "$error_file" >&2^[[0m
check	Validate against AGENT_ISSUE_FORMAT	2026-09-05T04:07:30.1795024Z ^[[36;1m  exit 1^[[0m
check	Validate against AGENT_ISSUE_FORMAT	2026-09-05T04:07:30.1795223Z ^[[36;1mfi^[[0m
check	Validate against AGENT_ISSUE_FORMAT	2026-09-05T04:07:30.1795442Z ^[[36;1mif [[ "$rc" -ne 0 && "$rc" -ne 1 ]]; then^[[0m
check	Validate against AGENT_ISSUE_FORMAT	2026-09-05T04:07:30.1795725Z ^[[36;1m  cat "$error_file" >&2^[[0m
check	Validate against AGENT_ISSUE_FORMAT	2026-09-05T04:07:30.1795966Z ^[[36;1m  exit "$rc"^[[0m
check	Validate against AGENT_ISSUE_FORMAT	2026-09-05T04:07:30.1796173Z ^[[36;1mfi^[[0m
check	Validate against AGENT_ISSUE_FORMAT	2026-09-05T04:07:30.1796374Z ^[[36;1mcp "$report_file" report.md^[[0m
check	Validate against AGENT_ISSUE_FORMAT	2026-09-05T04:07:30.1830871Z shell: /usr/bin/bash -e {0}
check	Validate against AGENT_ISSUE_FORMAT	2026-09-05T04:07:30.1831116Z env:
check	Validate against AGENT_ISSUE_FORMAT	2026-09-05T04:07:30.1831495Z   NODE_PATH: /home/runner/work/Fine-Art-Archive/Fine-Art-Archive/.github/scripts/node_modules
check	Validate against AGENT_ISSUE_FORMAT	2026-09-05T04:07:30.1834535Z   GITHUB_TOKEN: ***
check	Validate against AGENT_ISSUE_FORMAT	2026-09-05T04:07:30.1836858Z   GH_TOKEN: ***
check	Validate against AGENT_ISSUE_FORMAT	2026-09-05T04:07:30.1837063Z ##[endgroup]
check	Validate against AGENT_ISSUE_FORMAT	2026-09-05T04:07:30.2372807Z Issue body is agent-processable with advisories.
check	Validate against AGENT_ISSUE_FORMAT	2026-09-05T04:07:30.2373409Z 
check	Validate against AGENT_ISSUE_FORMAT	2026-09-05T04:07:30.2373419Z 
check	Validate against AGENT_ISSUE_FORMAT	2026-09-05T04:07:30.2373526Z _Advisory:_
check	Validate against AGENT_ISSUE_FORMAT	2026-09-05T04:07:30.2374521Z - 1 cited path(s) do not exist yet: `src/fine_art_archive/api/store.py:artist_qid` — expected when a task creates them; check for typos otherwise.
check	Clear the stale format trigger	﻿2026-09-05T04:07:30.2472272Z ##[group]Run set -euo pipefail
check	Clear the stale format trigger	2026-09-05T04:07:30.2472605Z ^[[36;1mset -euo pipefail^[[0m
check	Clear the stale format trigger	2026-09-05T04:07:30.2473145Z ^[[36;1mgh issue view "$NUMBER" --repo "$GITHUB_REPOSITORY" --json labels \^[[0m
check	Clear the stale format trigger	2026-09-05T04:07:30.2473757Z ^[[36;1m  --jq '.labels[].name' > labels.txt^[[0m
check	Clear the stale format trigger	2026-09-05T04:07:30.2474092Z ^[[36;1mif grep -qx 'agents:format' labels.txt; then^[[0m
check	Clear the stale format trigger	2026-09-05T04:07:30.2474556Z ^[[36;1m  gh issue edit "$NUMBER" --repo "$GITHUB_REPOSITORY" --remove-label "agents:format"^[[0m
check	Clear the stale format trigger	2026-09-05T04:07:30.2475036Z ^[[36;1m  echo "Conforms now — cleared agents:format."^[[0m
check	Clear the stale format trigger	2026-09-05T04:07:30.2475334Z ^[[36;1mfi^[[0m
check	Clear the stale format trigger	2026-09-05T04:07:30.2511404Z shell: /usr/bin/bash -e {0}
check	Clear the stale format trigger	2026-09-05T04:07:30.2511654Z env:
check	Clear the stale format trigger	2026-09-05T04:07:30.2512095Z   NODE_PATH: /home/runner/work/Fine-Art-Archive/Fine-Art-Archive/.github/scripts/node_modules
check	Clear the stale format trigger	2026-09-05T04:07:30.2515002Z   GITHUB_TOKEN: ***
check	Clear the stale format trigger	2026-09-05T04:07:30.2517488Z   GH_TOKEN: ***
check	Clear the stale format trigger	2026-09-05T04:07:30.2517845Z   NUMBER: 694
check	Clear the stale format trigger	2026-09-05T04:07:30.2518158Z ##[endgroup]
check	Post Run actions/checkout@3d3c42e5aac5ba805825da76410c181273ba90b1	﻿2026-09-05T04:07:30.6130694Z Post job cleanup.
check	Post Run actions/checkout@3d3c42e5aac5ba805825da76410c181273ba90b1	2026-09-05T04:07:30.6930451Z [command]/usr/bin/git version
check	Post Run actions/checkout@3d3c42e5aac5ba805825da76410c181273ba90b1	2026-09-05T04:07:30.6974454Z git version 2.55.0
check	Post Run actions/checkout@3d3c42e5aac5ba805825da76410c181273ba90b1	2026-09-05T04:07:30.7011218Z Temporarily overriding HOME='/home/runner/work/_temp/8a516b8a-6226-47ec-98b9-02c686787217' before making global git config changes
check	Post Run actions/checkout@3d3c42e5aac5ba805825da76410c181273ba90b1	2026-09-05T04:07:30.7012635Z Adding repository directory to the temporary git global config as a safe directory
check	Post Run actions/checkout@3d3c42e5aac5ba805825da76410c181273ba90b1	2026-09-05T04:07:30.7017226Z [command]/usr/bin/git config --global --add safe.directory /home/runner/work/Fine-Art-Archive/Fine-Art-Archive
check	Post Run actions/checkout@3d3c42e5aac5ba805825da76410c181273ba90b1	2026-09-05T04:07:30.7047886Z Removing SSH command configuration
check	Post Run actions/checkout@3d3c42e5aac5ba805825da76410c181273ba90b1	2026-09-05T04:07:30.7054512Z [command]/usr/bin/git config --local --name-only --get-regexp core\.sshCommand
check	Post Run actions/checkout@3d3c42e5aac5ba805825da76410c181273ba90b1	2026-09-05T04:07:30.7087035Z [command]/usr/bin/git submodule foreach --recursive sh -c "git config --local --name-only --get-regexp 'core\.sshCommand' && git config --local --unset-all 'core.sshCommand' || :"
check	Post Run actions/checkout@3d3c42e5aac5ba805825da76410c181273ba90b1	2026-09-05T04:07:30.7302725Z Removing HTTP extra header
check	Post Run actions/checkout@3d3c42e5aac5ba805825da76410c181273ba90b1	2026-09-05T04:07:30.7307592Z [command]/usr/bin/git config --local --name-only --get-regexp http\.https\:\/\/github\.com\/\.extraheader
check	Post Run actions/checkout@3d3c42e5aac5ba805825da76410c181273ba90b1	2026-09-05T04:07:30.7340816Z [command]/usr/bin/git submodule foreach --recursive sh -c "git config --local --name-only --get-regexp 'http\.https\:\/\/github\.com\/\.extraheader' && git config --local --unset-all 'http.https://github.com/.extraheader' || :"
check	Post Run actions/checkout@3d3c42e5aac5ba805825da76410c181273ba90b1	2026-09-05T04:07:30.7554969Z Removing includeIf entries pointing to credentials config files
check	Post Run actions/checkout@3d3c42e5aac5ba805825da76410c181273ba90b1	2026-09-05T04:07:30.7561549Z [command]/usr/bin/git config --local --name-only --get-regexp ^includeIf\.gitdir:
check	Post Run actions/checkout@3d3c42e5aac5ba805825da76410c181273ba90b1	2026-09-05T04:07:30.7593603Z [command]/usr/bin/git submodule foreach --recursive git config --local --show-origin --name-only --get-regexp remote.origin.url
check	Complete job	﻿2026-09-05T04:07:30.7940910Z Cleaning up orphan processes
