check	Set up job	﻿2026-09-05T04:07:19.4782014Z Current runner version: '2.337.0'
check	Set up job	2026-09-05T04:07:19.4803769Z ##[group]Runner Image Provisioner
check	Set up job	2026-09-05T04:07:19.4804701Z Hosted Compute Agent
check	Set up job	2026-09-05T04:07:19.4805243Z Version: 20260828.587
check	Set up job	2026-09-05T04:07:19.4805904Z Commit: abac92662cab4cc7352de4f9f9d2e2419aad9c29
check	Set up job	2026-09-05T04:07:19.4806598Z Build Date: 2026-08-28T16:44:25Z
check	Set up job	2026-09-05T04:07:19.4807226Z Worker ID: {bc2d6d4c-c2dd-4da9-ab80-5e8575162b3e}
check	Set up job	2026-09-05T04:07:19.4807908Z Azure Region: westus3
check	Set up job	2026-09-05T04:07:19.4808430Z ##[endgroup]
check	Set up job	2026-09-05T04:07:19.4809686Z ##[group]Operating System
check	Set up job	2026-09-05T04:07:19.4810280Z Ubuntu
check	Set up job	2026-09-05T04:07:19.4810760Z 24.04.4
check	Set up job	2026-09-05T04:07:19.4811241Z LTS
check	Set up job	2026-09-05T04:07:19.4811730Z ##[endgroup]
check	Set up job	2026-09-05T04:07:19.4812284Z ##[group]Runner Image
check	Set up job	2026-09-05T04:07:19.4812857Z Image: ubuntu-24.04
check	Set up job	2026-09-05T04:07:19.4813502Z Version: 20260831.293.1
check	Set up job	2026-09-05T04:07:19.4814569Z Included Software: https://github.com/actions/runner-images/blob/ubuntu24/20260831.293/images/ubuntu/Ubuntu2404-Readme.md
check	Set up job	2026-09-05T04:07:19.4816148Z Image Release: https://github.com/actions/runner-images/releases/tag/ubuntu24%2F20260831.293
check	Set up job	2026-09-05T04:07:19.4817058Z ##[endgroup]
check	Set up job	2026-09-05T04:07:19.4818204Z ##[group]GITHUB_TOKEN Permissions
check	Set up job	2026-09-05T04:07:19.4820265Z Actions: write
check	Set up job	2026-09-05T04:07:19.4820834Z Contents: read
check	Set up job	2026-09-05T04:07:19.4821360Z Issues: write
check	Set up job	2026-09-05T04:07:19.4821882Z Metadata: read
check	Set up job	2026-09-05T04:07:19.4822392Z ##[endgroup]
check	Set up job	2026-09-05T04:07:19.4824474Z Secret source: Actions
check	Set up job	2026-09-05T04:07:19.4825797Z Prepare workflow directory
check	Set up job	2026-09-05T04:07:19.5117129Z Prepare all required actions
check	Set up job	2026-09-05T04:07:19.5169225Z Getting action download info
check	Set up job	2026-09-05T04:07:19.8261531Z Download action repository 'actions/checkout@3d3c42e5aac5ba805825da76410c181273ba90b1' (SHA:3d3c42e5aac5ba805825da76410c181273ba90b1)
check	Set up job	2026-09-05T04:07:20.0079411Z Complete job name: check
check	Run actions/checkout@3d3c42e5aac5ba805825da76410c181273ba90b1	﻿2026-09-05T04:07:20.0688593Z ##[group]Run actions/checkout@3d3c42e5aac5ba805825da76410c181273ba90b1
check	Run actions/checkout@3d3c42e5aac5ba805825da76410c181273ba90b1	2026-09-05T04:07:20.0689457Z with:
check	Run actions/checkout@3d3c42e5aac5ba805825da76410c181273ba90b1	2026-09-05T04:07:20.0689973Z   persist-credentials: false
check	Run actions/checkout@3d3c42e5aac5ba805825da76410c181273ba90b1	2026-09-05T04:07:20.0690499Z   repository: stranske/Fine-Art-Archive
check	Run actions/checkout@3d3c42e5aac5ba805825da76410c181273ba90b1	2026-09-05T04:07:20.0694086Z   token: ***
check	Run actions/checkout@3d3c42e5aac5ba805825da76410c181273ba90b1	2026-09-05T04:07:20.0694771Z   ssh-strict: true
check	Run actions/checkout@3d3c42e5aac5ba805825da76410c181273ba90b1	2026-09-05T04:07:20.0695211Z   ssh-user: git
check	Run actions/checkout@3d3c42e5aac5ba805825da76410c181273ba90b1	2026-09-05T04:07:20.0695649Z   clean: true
check	Run actions/checkout@3d3c42e5aac5ba805825da76410c181273ba90b1	2026-09-05T04:07:20.0696090Z   sparse-checkout-cone-mode: true
check	Run actions/checkout@3d3c42e5aac5ba805825da76410c181273ba90b1	2026-09-05T04:07:20.0696584Z   fetch-depth: 1
check	Run actions/checkout@3d3c42e5aac5ba805825da76410c181273ba90b1	2026-09-05T04:07:20.0697094Z   fetch-tags: false
check	Run actions/checkout@3d3c42e5aac5ba805825da76410c181273ba90b1	2026-09-05T04:07:20.0697529Z   show-progress: true
check	Run actions/checkout@3d3c42e5aac5ba805825da76410c181273ba90b1	2026-09-05T04:07:20.0697975Z   lfs: false
check	Run actions/checkout@3d3c42e5aac5ba805825da76410c181273ba90b1	2026-09-05T04:07:20.0698382Z   submodules: false
check	Run actions/checkout@3d3c42e5aac5ba805825da76410c181273ba90b1	2026-09-05T04:07:20.0698809Z   set-safe-directory: true
check	Run actions/checkout@3d3c42e5aac5ba805825da76410c181273ba90b1	2026-09-05T04:07:20.0699342Z   allow-unsafe-pr-checkout: false
check	Run actions/checkout@3d3c42e5aac5ba805825da76410c181273ba90b1	2026-09-05T04:07:20.0699973Z ##[endgroup]
check	Run actions/checkout@3d3c42e5aac5ba805825da76410c181273ba90b1	2026-09-05T04:07:20.1556193Z Syncing repository: stranske/Fine-Art-Archive
check	Run actions/checkout@3d3c42e5aac5ba805825da76410c181273ba90b1	2026-09-05T04:07:20.1558550Z ##[group]Getting Git version info
check	Run actions/checkout@3d3c42e5aac5ba805825da76410c181273ba90b1	2026-09-05T04:07:20.1559423Z Working directory is '/home/runner/work/Fine-Art-Archive/Fine-Art-Archive'
check	Run actions/checkout@3d3c42e5aac5ba805825da76410c181273ba90b1	2026-09-05T04:07:20.1560563Z [command]/usr/bin/git version
check	Run actions/checkout@3d3c42e5aac5ba805825da76410c181273ba90b1	2026-09-05T04:07:20.1593199Z git version 2.55.0
check	Run actions/checkout@3d3c42e5aac5ba805825da76410c181273ba90b1	2026-09-05T04:07:20.1611118Z ##[endgroup]
check	Run actions/checkout@3d3c42e5aac5ba805825da76410c181273ba90b1	2026-09-05T04:07:20.1617341Z Temporarily overriding HOME='/home/runner/work/_temp/ed4729c2-dd27-4c9f-9936-868772edab73' before making global git config changes
check	Run actions/checkout@3d3c42e5aac5ba805825da76410c181273ba90b1	2026-09-05T04:07:20.1619084Z Adding repository directory to the temporary git global config as a safe directory
check	Run actions/checkout@3d3c42e5aac5ba805825da76410c181273ba90b1	2026-09-05T04:07:20.1621081Z [command]/usr/bin/git config --global --add safe.directory /home/runner/work/Fine-Art-Archive/Fine-Art-Archive
check	Run actions/checkout@3d3c42e5aac5ba805825da76410c181273ba90b1	2026-09-05T04:07:20.1658060Z Deleting the contents of '/home/runner/work/Fine-Art-Archive/Fine-Art-Archive'
check	Run actions/checkout@3d3c42e5aac5ba805825da76410c181273ba90b1	2026-09-05T04:07:20.1661435Z ##[group]Determining repository object format
check	Run actions/checkout@3d3c42e5aac5ba805825da76410c181273ba90b1	2026-09-05T04:07:20.1662704Z ##[endgroup]
check	Run actions/checkout@3d3c42e5aac5ba805825da76410c181273ba90b1	2026-09-05T04:07:20.1664009Z ##[group]Initializing the repository
check	Run actions/checkout@3d3c42e5aac5ba805825da76410c181273ba90b1	2026-09-05T04:07:20.1666927Z [command]/usr/bin/git init /home/runner/work/Fine-Art-Archive/Fine-Art-Archive
check	Run actions/checkout@3d3c42e5aac5ba805825da76410c181273ba90b1	2026-09-05T04:07:20.1734979Z hint: Using 'master' as the name for the initial branch. This default branch name
check	Run actions/checkout@3d3c42e5aac5ba805825da76410c181273ba90b1	2026-09-05T04:07:20.1736575Z hint: will change to "main" in Git 3.0. To configure the initial branch name
check	Run actions/checkout@3d3c42e5aac5ba805825da76410c181273ba90b1	2026-09-05T04:07:20.1737794Z hint: to use in all of your new repositories, which will suppress this warning,
check	Run actions/checkout@3d3c42e5aac5ba805825da76410c181273ba90b1	2026-09-05T04:07:20.1738508Z hint: call:
check	Run actions/checkout@3d3c42e5aac5ba805825da76410c181273ba90b1	2026-09-05T04:07:20.1738948Z hint:
check	Run actions/checkout@3d3c42e5aac5ba805825da76410c181273ba90b1	2026-09-05T04:07:20.1739497Z hint: 	git config --global init.defaultBranch <name>
check	Run actions/checkout@3d3c42e5aac5ba805825da76410c181273ba90b1	2026-09-05T04:07:20.1740088Z hint:
check	Run actions/checkout@3d3c42e5aac5ba805825da76410c181273ba90b1	2026-09-05T04:07:20.1740638Z hint: Names commonly chosen instead of 'master' are 'main', 'trunk' and
check	Run actions/checkout@3d3c42e5aac5ba805825da76410c181273ba90b1	2026-09-05T04:07:20.1741664Z hint: 'development'. The just-created branch can be renamed via this command:
check	Run actions/checkout@3d3c42e5aac5ba805825da76410c181273ba90b1	2026-09-05T04:07:20.1742488Z hint:
check	Run actions/checkout@3d3c42e5aac5ba805825da76410c181273ba90b1	2026-09-05T04:07:20.1742968Z hint: 	git branch -m <name>
check	Run actions/checkout@3d3c42e5aac5ba805825da76410c181273ba90b1	2026-09-05T04:07:20.1743635Z hint:
check	Run actions/checkout@3d3c42e5aac5ba805825da76410c181273ba90b1	2026-09-05T04:07:20.1744432Z hint: Disable this message with "git config set advice.defaultBranchName false"
check	Run actions/checkout@3d3c42e5aac5ba805825da76410c181273ba90b1	2026-09-05T04:07:20.1745556Z Initialized empty Git repository in /home/runner/work/Fine-Art-Archive/Fine-Art-Archive/.git/
check	Run actions/checkout@3d3c42e5aac5ba805825da76410c181273ba90b1	2026-09-05T04:07:20.1747604Z [command]/usr/bin/git remote add origin https://github.com/stranske/Fine-Art-Archive
check	Run actions/checkout@3d3c42e5aac5ba805825da76410c181273ba90b1	2026-09-05T04:07:20.1776786Z ##[endgroup]
check	Run actions/checkout@3d3c42e5aac5ba805825da76410c181273ba90b1	2026-09-05T04:07:20.1777589Z ##[group]Disabling automatic garbage collection
check	Run actions/checkout@3d3c42e5aac5ba805825da76410c181273ba90b1	2026-09-05T04:07:20.1779587Z [command]/usr/bin/git config --local gc.auto 0
check	Run actions/checkout@3d3c42e5aac5ba805825da76410c181273ba90b1	2026-09-05T04:07:20.1801535Z ##[endgroup]
check	Run actions/checkout@3d3c42e5aac5ba805825da76410c181273ba90b1	2026-09-05T04:07:20.1802457Z ##[group]Setting up auth
check	Run actions/checkout@3d3c42e5aac5ba805825da76410c181273ba90b1	2026-09-05T04:07:20.1803122Z Removing SSH command configuration
check	Run actions/checkout@3d3c42e5aac5ba805825da76410c181273ba90b1	2026-09-05T04:07:20.1806243Z [command]/usr/bin/git config --local --name-only --get-regexp core\.sshCommand
check	Run actions/checkout@3d3c42e5aac5ba805825da76410c181273ba90b1	2026-09-05T04:07:20.1828774Z [command]/usr/bin/git submodule foreach --recursive sh -c "git config --local --name-only --get-regexp 'core\.sshCommand' && git config --local --unset-all 'core.sshCommand' || :"
check	Run actions/checkout@3d3c42e5aac5ba805825da76410c181273ba90b1	2026-09-05T04:07:20.2328998Z Removing HTTP extra header
check	Run actions/checkout@3d3c42e5aac5ba805825da76410c181273ba90b1	2026-09-05T04:07:20.2333872Z [command]/usr/bin/git config --local --name-only --get-regexp http\.https\:\/\/github\.com\/\.extraheader
check	Run actions/checkout@3d3c42e5aac5ba805825da76410c181273ba90b1	2026-09-05T04:07:20.2357935Z [command]/usr/bin/git submodule foreach --recursive sh -c "git config --local --name-only --get-regexp 'http\.https\:\/\/github\.com\/\.extraheader' && git config --local --unset-all 'http.https://github.com/.extraheader' || :"
check	Run actions/checkout@3d3c42e5aac5ba805825da76410c181273ba90b1	2026-09-05T04:07:20.2518183Z Removing includeIf entries pointing to credentials config files
check	Run actions/checkout@3d3c42e5aac5ba805825da76410c181273ba90b1	2026-09-05T04:07:20.2522131Z [command]/usr/bin/git config --local --name-only --get-regexp ^includeIf\.gitdir:
check	Run actions/checkout@3d3c42e5aac5ba805825da76410c181273ba90b1	2026-09-05T04:07:20.2550427Z [command]/usr/bin/git submodule foreach --recursive git config --local --show-origin --name-only --get-regexp remote.origin.url
check	Run actions/checkout@3d3c42e5aac5ba805825da76410c181273ba90b1	2026-09-05T04:07:20.2708276Z [command]/usr/bin/git config --file /home/runner/work/_temp/git-credentials-c3206ba5-231c-41d7-97cc-30c1679c4604.config http.https://github.com/.extraheader AUTHORIZATION: basic ***
check	Run actions/checkout@3d3c42e5aac5ba805825da76410c181273ba90b1	2026-09-05T04:07:20.2735149Z [command]/usr/bin/git config --local includeIf.gitdir:/home/runner/work/Fine-Art-Archive/Fine-Art-Archive/.git.path /home/runner/work/_temp/git-credentials-c3206ba5-231c-41d7-97cc-30c1679c4604.config
check	Run actions/checkout@3d3c42e5aac5ba805825da76410c181273ba90b1	2026-09-05T04:07:20.2757700Z [command]/usr/bin/git config --local includeIf.gitdir:/home/runner/work/Fine-Art-Archive/Fine-Art-Archive/.git/worktrees/*.path /home/runner/work/_temp/git-credentials-c3206ba5-231c-41d7-97cc-30c1679c4604.config
check	Run actions/checkout@3d3c42e5aac5ba805825da76410c181273ba90b1	2026-09-05T04:07:20.2782502Z [command]/usr/bin/git config --local includeIf.gitdir:/github/workspace/.git.path /github/runner_temp/git-credentials-c3206ba5-231c-41d7-97cc-30c1679c4604.config
check	Run actions/checkout@3d3c42e5aac5ba805825da76410c181273ba90b1	2026-09-05T04:07:20.2807489Z [command]/usr/bin/git config --local includeIf.gitdir:/github/workspace/.git/worktrees/*.path /github/runner_temp/git-credentials-c3206ba5-231c-41d7-97cc-30c1679c4604.config
check	Run actions/checkout@3d3c42e5aac5ba805825da76410c181273ba90b1	2026-09-05T04:07:20.2827461Z ##[endgroup]
check	Run actions/checkout@3d3c42e5aac5ba805825da76410c181273ba90b1	2026-09-05T04:07:20.2828459Z ##[group]Fetching the repository
check	Run actions/checkout@3d3c42e5aac5ba805825da76410c181273ba90b1	2026-09-05T04:07:20.2832811Z [command]/usr/bin/git -c protocol.version=2 fetch --no-tags --prune --no-recurse-submodules --depth=1 origin +d149861964fa4093d4228ef424853fa5de1dced0:refs/remotes/origin/main
check	Run actions/checkout@3d3c42e5aac5ba805825da76410c181273ba90b1	2026-09-05T04:07:21.5148117Z From https://github.com/stranske/Fine-Art-Archive
check	Run actions/checkout@3d3c42e5aac5ba805825da76410c181273ba90b1	2026-09-05T04:07:21.5150664Z  * [new ref]         d149861964fa4093d4228ef424853fa5de1dced0 -> origin/main
check	Run actions/checkout@3d3c42e5aac5ba805825da76410c181273ba90b1	2026-09-05T04:07:21.5156042Z [command]/usr/bin/git branch --list --remote origin/main
check	Run actions/checkout@3d3c42e5aac5ba805825da76410c181273ba90b1	2026-09-05T04:07:21.5174983Z   origin/main
check	Run actions/checkout@3d3c42e5aac5ba805825da76410c181273ba90b1	2026-09-05T04:07:21.5180594Z [command]/usr/bin/git rev-parse refs/remotes/origin/main
check	Run actions/checkout@3d3c42e5aac5ba805825da76410c181273ba90b1	2026-09-05T04:07:21.5199304Z d149861964fa4093d4228ef424853fa5de1dced0
check	Run actions/checkout@3d3c42e5aac5ba805825da76410c181273ba90b1	2026-09-05T04:07:21.5203082Z ##[endgroup]
check	Run actions/checkout@3d3c42e5aac5ba805825da76410c181273ba90b1	2026-09-05T04:07:21.5204766Z ##[group]Determining the checkout info
check	Run actions/checkout@3d3c42e5aac5ba805825da76410c181273ba90b1	2026-09-05T04:07:21.5207308Z ##[endgroup]
check	Run actions/checkout@3d3c42e5aac5ba805825da76410c181273ba90b1	2026-09-05T04:07:21.5208177Z [command]/usr/bin/git sparse-checkout disable
check	Run actions/checkout@3d3c42e5aac5ba805825da76410c181273ba90b1	2026-09-05T04:07:21.5241228Z [command]/usr/bin/git config --local --unset-all extensions.worktreeConfig
check	Run actions/checkout@3d3c42e5aac5ba805825da76410c181273ba90b1	2026-09-05T04:07:21.5263898Z ##[group]Checking out the ref
check	Run actions/checkout@3d3c42e5aac5ba805825da76410c181273ba90b1	2026-09-05T04:07:21.5266513Z [command]/usr/bin/git checkout --progress --force -B main refs/remotes/origin/main
check	Run actions/checkout@3d3c42e5aac5ba805825da76410c181273ba90b1	2026-09-05T04:07:21.5842032Z Switched to a new branch 'main'
check	Run actions/checkout@3d3c42e5aac5ba805825da76410c181273ba90b1	2026-09-05T04:07:21.5845079Z branch 'main' set up to track 'origin/main'.
check	Run actions/checkout@3d3c42e5aac5ba805825da76410c181273ba90b1	2026-09-05T04:07:21.5852976Z ##[endgroup]
check	Run actions/checkout@3d3c42e5aac5ba805825da76410c181273ba90b1	2026-09-05T04:07:21.5885373Z [command]/usr/bin/git log -1 --format=%H
check	Run actions/checkout@3d3c42e5aac5ba805825da76410c181273ba90b1	2026-09-05T04:07:21.5905064Z d149861964fa4093d4228ef424853fa5de1dced0
check	Run actions/checkout@3d3c42e5aac5ba805825da76410c181273ba90b1	2026-09-05T04:07:21.5911744Z ##[group]Removing auth
check	Run actions/checkout@3d3c42e5aac5ba805825da76410c181273ba90b1	2026-09-05T04:07:21.5913147Z Removing SSH command configuration
check	Run actions/checkout@3d3c42e5aac5ba805825da76410c181273ba90b1	2026-09-05T04:07:21.5915184Z [command]/usr/bin/git config --local --name-only --get-regexp core\.sshCommand
check	Run actions/checkout@3d3c42e5aac5ba805825da76410c181273ba90b1	2026-09-05T04:07:21.5939784Z [command]/usr/bin/git submodule foreach --recursive sh -c "git config --local --name-only --get-regexp 'core\.sshCommand' && git config --local --unset-all 'core.sshCommand' || :"
check	Run actions/checkout@3d3c42e5aac5ba805825da76410c181273ba90b1	2026-09-05T04:07:21.6104018Z Removing HTTP extra header
check	Run actions/checkout@3d3c42e5aac5ba805825da76410c181273ba90b1	2026-09-05T04:07:21.6106508Z [command]/usr/bin/git config --local --name-only --get-regexp http\.https\:\/\/github\.com\/\.extraheader
check	Run actions/checkout@3d3c42e5aac5ba805825da76410c181273ba90b1	2026-09-05T04:07:21.6128823Z [command]/usr/bin/git submodule foreach --recursive sh -c "git config --local --name-only --get-regexp 'http\.https\:\/\/github\.com\/\.extraheader' && git config --local --unset-all 'http.https://github.com/.extraheader' || :"
check	Run actions/checkout@3d3c42e5aac5ba805825da76410c181273ba90b1	2026-09-05T04:07:21.6301315Z Removing includeIf entries pointing to credentials config files
check	Run actions/checkout@3d3c42e5aac5ba805825da76410c181273ba90b1	2026-09-05T04:07:21.6304416Z [command]/usr/bin/git config --local --name-only --get-regexp ^includeIf\.gitdir:
check	Run actions/checkout@3d3c42e5aac5ba805825da76410c181273ba90b1	2026-09-05T04:07:21.6322854Z includeif.gitdir:/home/runner/work/Fine-Art-Archive/Fine-Art-Archive/.git.path
check	Run actions/checkout@3d3c42e5aac5ba805825da76410c181273ba90b1	2026-09-05T04:07:21.6325779Z includeif.gitdir:/home/runner/work/Fine-Art-Archive/Fine-Art-Archive/.git/worktrees/*.path
check	Run actions/checkout@3d3c42e5aac5ba805825da76410c181273ba90b1	2026-09-05T04:07:21.6328100Z includeif.gitdir:/github/workspace/.git.path
check	Run actions/checkout@3d3c42e5aac5ba805825da76410c181273ba90b1	2026-09-05T04:07:21.6329955Z includeif.gitdir:/github/workspace/.git/worktrees/*.path
check	Run actions/checkout@3d3c42e5aac5ba805825da76410c181273ba90b1	2026-09-05T04:07:21.6335495Z [command]/usr/bin/git config --local --get-all includeif.gitdir:/home/runner/work/Fine-Art-Archive/Fine-Art-Archive/.git.path
check	Run actions/checkout@3d3c42e5aac5ba805825da76410c181273ba90b1	2026-09-05T04:07:21.6349229Z /home/runner/work/_temp/git-credentials-c3206ba5-231c-41d7-97cc-30c1679c4604.config
check	Run actions/checkout@3d3c42e5aac5ba805825da76410c181273ba90b1	2026-09-05T04:07:21.6358564Z [command]/usr/bin/git config --local --unset includeif.gitdir:/home/runner/work/Fine-Art-Archive/Fine-Art-Archive/.git.path \/home\/runner\/work\/_temp\/git\-credentials\-c3206ba5\-231c\-41d7\-97cc\-30c1679c4604\.config
check	Run actions/checkout@3d3c42e5aac5ba805825da76410c181273ba90b1	2026-09-05T04:07:21.6409592Z [command]/usr/bin/git config --local --get-all includeif.gitdir:/home/runner/work/Fine-Art-Archive/Fine-Art-Archive/.git/worktrees/*.path
check	Run actions/checkout@3d3c42e5aac5ba805825da76410c181273ba90b1	2026-09-05T04:07:21.6427305Z /home/runner/work/_temp/git-credentials-c3206ba5-231c-41d7-97cc-30c1679c4604.config
check	Run actions/checkout@3d3c42e5aac5ba805825da76410c181273ba90b1	2026-09-05T04:07:21.6435738Z [command]/usr/bin/git config --local --unset includeif.gitdir:/home/runner/work/Fine-Art-Archive/Fine-Art-Archive/.git/worktrees/*.path \/home\/runner\/work\/_temp\/git\-credentials\-c3206ba5\-231c\-41d7\-97cc\-30c1679c4604\.config
check	Run actions/checkout@3d3c42e5aac5ba805825da76410c181273ba90b1	2026-09-05T04:07:21.6462311Z [command]/usr/bin/git config --local --get-all includeif.gitdir:/github/workspace/.git.path
check	Run actions/checkout@3d3c42e5aac5ba805825da76410c181273ba90b1	2026-09-05T04:07:21.6515910Z /github/runner_temp/git-credentials-c3206ba5-231c-41d7-97cc-30c1679c4604.config
check	Run actions/checkout@3d3c42e5aac5ba805825da76410c181273ba90b1	2026-09-05T04:07:21.6524093Z [command]/usr/bin/git config --local --unset includeif.gitdir:/github/workspace/.git.path \/github\/runner_temp\/git\-credentials\-c3206ba5\-231c\-41d7\-97cc\-30c1679c4604\.config
check	Run actions/checkout@3d3c42e5aac5ba805825da76410c181273ba90b1	2026-09-05T04:07:21.6565052Z [command]/usr/bin/git config --local --get-all includeif.gitdir:/github/workspace/.git/worktrees/*.path
check	Run actions/checkout@3d3c42e5aac5ba805825da76410c181273ba90b1	2026-09-05T04:07:21.6581760Z /github/runner_temp/git-credentials-c3206ba5-231c-41d7-97cc-30c1679c4604.config
check	Run actions/checkout@3d3c42e5aac5ba805825da76410c181273ba90b1	2026-09-05T04:07:21.6589327Z [command]/usr/bin/git config --local --unset includeif.gitdir:/github/workspace/.git/worktrees/*.path \/github\/runner_temp\/git\-credentials\-c3206ba5\-231c\-41d7\-97cc\-30c1679c4604\.config
check	Run actions/checkout@3d3c42e5aac5ba805825da76410c181273ba90b1	2026-09-05T04:07:21.6617539Z [command]/usr/bin/git submodule foreach --recursive git config --local --show-origin --name-only --get-regexp remote.origin.url
check	Run actions/checkout@3d3c42e5aac5ba805825da76410c181273ba90b1	2026-09-05T04:07:21.6792545Z Removing credentials config '/home/runner/work/_temp/git-credentials-c3206ba5-231c-41d7-97cc-30c1679c4604.config'
check	Run actions/checkout@3d3c42e5aac5ba805825da76410c181273ba90b1	2026-09-05T04:07:21.6799352Z ##[endgroup]
check	Resolve issue	﻿2026-09-05T04:07:21.7031433Z ##[group]Run set -euo pipefail
check	Resolve issue	2026-09-05T04:07:21.7032720Z ^[[36;1mset -euo pipefail^[[0m
check	Resolve issue	2026-09-05T04:07:21.7034195Z ^[[36;1mgh issue view "$NUMBER" --repo "$GITHUB_REPOSITORY" \^[[0m
check	Resolve issue	2026-09-05T04:07:21.7035770Z ^[[36;1m  --json number,body,labels,state,author > issue.json^[[0m
check	Resolve issue	2026-09-05T04:07:21.7037216Z ^[[36;1mjq -r '.body // ""' issue.json > body.md^[[0m
check	Resolve issue	2026-09-05T04:07:21.7038446Z ^[[36;1mexempt=false^[[0m
check	Resolve issue	2026-09-05T04:07:21.7039420Z ^[[36;1mheld=false^[[0m
check	Resolve issue	2026-09-05T04:07:21.7040746Z ^[[36;1m# A closed issue has nothing left to format. Routing one to the optimizer^[[0m
check	Resolve issue	2026-09-05T04:07:21.7042766Z ^[[36;1m# produces a body edit, that edit re-fires this guard, and the pair loops^[[0m
check	Resolve issue	2026-09-05T04:07:21.7044861Z ^[[36;1m# against work that is already delivered — see Fine-Art-Archive#464, which^[[0m
check	Resolve issue	2026-09-05T04:07:21.7046642Z ^[[36;1m# kept formatting for 17.5 hours after it was closed.^[[0m
check	Resolve issue	2026-09-05T04:07:21.7048316Z ^[[36;1mif [[ "$(jq -r '.state // "" | ascii_downcase' issue.json)" == "closed" ]]; then^[[0m
check	Resolve issue	2026-09-05T04:07:21.7050134Z ^[[36;1m  echo "Issue is closed — nothing to format."^[[0m
check	Resolve issue	2026-09-05T04:07:21.7051365Z ^[[36;1m  exempt=true^[[0m
check	Resolve issue	2026-09-05T04:07:21.7052402Z ^[[36;1mfi^[[0m
check	Resolve issue	2026-09-05T04:07:21.7054626Z ^[[36;1mif jq -e '[.labels[].name] | any(. == "tracker:durable" or . == "wontfix" or . == "automated")' issue.json >/dev/null; then exempt=true; fi^[[0m
check	Resolve issue	2026-09-05T04:07:21.7057373Z ^[[36;1mif jq -e '[.labels[].name] | any(. == "agents:auto-pilot-pause" or . == "needs-human")' issue.json >/dev/null; then held=true; fi^[[0m
check	Resolve issue	2026-09-05T04:07:21.7059965Z ^[[36;1mif jq -er '.author.login // ""' issue.json | grep -qiE '(\[bot\]|^renovate$|^dependabot$)'; then exempt=true; fi^[[0m
check	Resolve issue	2026-09-05T04:07:21.7062171Z ^[[36;1mif grep -qiE 'do not dispatch|not a (repo|cloud) coding task' body.md; then exempt=true; fi^[[0m
check	Resolve issue	2026-09-05T04:07:21.7063794Z ^[[36;1m{^[[0m
check	Resolve issue	2026-09-05T04:07:21.7064686Z ^[[36;1m  echo "number=$NUMBER"^[[0m
check	Resolve issue	2026-09-05T04:07:21.7065693Z ^[[36;1m  echo "exempt=$exempt"^[[0m
check	Resolve issue	2026-09-05T04:07:21.7066706Z ^[[36;1m  echo "held=$held"^[[0m
check	Resolve issue	2026-09-05T04:07:21.7067860Z ^[[36;1m  echo "state=$(jq -r '.state' issue.json)"^[[0m
check	Resolve issue	2026-09-05T04:07:21.7068992Z ^[[36;1m} >> "$GITHUB_OUTPUT"^[[0m
check	Resolve issue	2026-09-05T04:07:21.7095931Z shell: /usr/bin/bash -e {0}
check	Resolve issue	2026-09-05T04:07:21.7097039Z env:
check	Resolve issue	2026-09-05T04:07:21.7104736Z   GH_TOKEN: ***
check	Resolve issue	2026-09-05T04:07:21.7105589Z   NUMBER: 693
check	Resolve issue	2026-09-05T04:07:21.7106480Z ##[endgroup]
check	Setup API client	﻿2026-09-05T04:07:22.3084358Z Prepare all required actions
check	Setup API client	2026-09-05T04:07:22.3303204Z ##[group]Run ./.github/actions/setup-api-client
check	Setup API client	2026-09-05T04:07:22.3303867Z with:
check	Setup API client	2026-09-05T04:07:22.3306192Z   github_token: ***
check	Setup API client	2026-09-05T04:07:22.3306530Z   skip_deps: false
check	Setup API client	2026-09-05T04:07:22.3306849Z   verbose: false
check	Setup API client	2026-09-05T04:07:22.3307174Z ##[endgroup]
check	Setup API client	2026-09-05T04:07:22.3358916Z ##[start-action display=Install API client dependencies;id=__self.__run]
check	Setup API client	2026-09-05T04:07:22.3404955Z ##[group]Run set -euo pipefail
check	Setup API client	2026-09-05T04:07:22.3405909Z ^[[36;1mset -euo pipefail^[[0m
check	Setup API client	2026-09-05T04:07:22.3406280Z ^[[36;1m^[[0m
check	Setup API client	2026-09-05T04:07:22.3406646Z ^[[36;1m# Use dedicated scripts dir, create if needed^[[0m
check	Setup API client	2026-09-05T04:07:22.3407053Z ^[[36;1mINSTALL_DIR=""^[[0m
check	Setup API client	2026-09-05T04:07:22.3407411Z ^[[36;1mif [ -z "$INSTALL_DIR" ]; then^[[0m
check	Setup API client	2026-09-05T04:07:22.3407943Z ^[[36;1m  INSTALL_DIR="${GITHUB_WORKSPACE}/.github/scripts"^[[0m
check	Setup API client	2026-09-05T04:07:22.3408353Z ^[[36;1mfi^[[0m
check	Setup API client	2026-09-05T04:07:22.3408686Z ^[[36;1mmkdir -p "$INSTALL_DIR"^[[0m
check	Setup API client	2026-09-05T04:07:22.3409119Z ^[[36;1m^[[0m
check	Setup API client	2026-09-05T04:07:22.3409502Z ^[[36;1mecho "📦 Installing @octokit dependencies in $INSTALL_DIR..."^[[0m
check	Setup API client	2026-09-05T04:07:22.3409968Z ^[[36;1mcd "$INSTALL_DIR"^[[0m
check	Setup API client	2026-09-05T04:07:22.3410325Z ^[[36;1m^[[0m
check	Setup API client	2026-09-05T04:07:22.3410642Z ^[[36;1mdeclare -a VENDORED_ALIAS_DIRS=()^[[0m
check	Setup API client	2026-09-05T04:07:22.3411007Z ^[[36;1m^[[0m
check	Setup API client	2026-09-05T04:07:22.3411304Z ^[[36;1mcleanup_vendor_aliases() {^[[0m
check	Setup API client	2026-09-05T04:07:22.3411686Z ^[[36;1m  if [ "${#VENDORED_ALIAS_DIRS[@]}" -eq 0 ]; then^[[0m
check	Setup API client	2026-09-05T04:07:22.3412099Z ^[[36;1m    return 0^[[0m
check	Setup API client	2026-09-05T04:07:22.3412403Z ^[[36;1m  fi^[[0m
check	Setup API client	2026-09-05T04:07:22.3412687Z ^[[36;1m^[[0m
check	Setup API client	2026-09-05T04:07:22.3413009Z ^[[36;1m  local cleanup_dir="$INSTALL_DIR"^[[0m
check	Setup API client	2026-09-05T04:07:22.3413549Z ^[[36;1m  if [ -z "$cleanup_dir" ]; then^[[0m
check	Setup API client	2026-09-05T04:07:22.3414080Z ^[[36;1m    echo "::warning::Install dir is empty, skipping vendored alias cleanup"^[[0m
check	Setup API client	2026-09-05T04:07:22.3414521Z ^[[36;1m    return 0^[[0m
check	Setup API client	2026-09-05T04:07:22.3414829Z ^[[36;1m  fi^[[0m
check	Setup API client	2026-09-05T04:07:22.3415142Z ^[[36;1m^[[0m
check	Setup API client	2026-09-05T04:07:22.3415482Z ^[[36;1m  if ! pushd "$cleanup_dir" >/dev/null 2>&1; then^[[0m
check	Setup API client	2026-09-05T04:07:22.3416036Z ^[[36;1m    echo "::warning::Failed to enter install dir \"$cleanup_dir\"; skipping vendored alias cleanup"^[[0m
check	Setup API client	2026-09-05T04:07:22.3416516Z ^[[36;1m    return 0^[[0m
check	Setup API client	2026-09-05T04:07:22.3416852Z ^[[36;1m  fi^[[0m
check	Setup API client	2026-09-05T04:07:22.3417147Z ^[[36;1m^[[0m
check	Setup API client	2026-09-05T04:07:22.3417488Z ^[[36;1m  for vendored_alias in "${VENDORED_ALIAS_DIRS[@]}"; do^[[0m
check	Setup API client	2026-09-05T04:07:22.3417932Z ^[[36;1m    if [ -z "$vendored_alias" ]; then^[[0m
check	Setup API client	2026-09-05T04:07:22.3418292Z ^[[36;1m      continue^[[0m
check	Setup API client	2026-09-05T04:07:22.3418588Z ^[[36;1m    fi^[[0m
check	Setup API client	2026-09-05T04:07:22.3418953Z ^[[36;1m    rm -rf -- "$vendored_alias" || true^[[0m
check	Setup API client	2026-09-05T04:07:22.3419334Z ^[[36;1m    local parent_dir^[[0m
check	Setup API client	2026-09-05T04:07:22.3419760Z ^[[36;1m    parent_dir=$(dirname "$vendored_alias")^[[0m
check	Setup API client	2026-09-05T04:07:22.3420249Z ^[[36;1m    # Remove empty parent directories that may have been created for scoped packages^[[0m
check	Setup API client	2026-09-05T04:07:22.3420767Z ^[[36;1m    while [ "$parent_dir" != "." ] && [ "$parent_dir" != "/" ]; do^[[0m
check	Setup API client	2026-09-05T04:07:22.3421235Z ^[[36;1m      rmdir -- "$parent_dir" 2>/dev/null || break^[[0m
check	Setup API client	2026-09-05T04:07:22.3421643Z ^[[36;1m      parent_dir=$(dirname "$parent_dir")^[[0m
check	Setup API client	2026-09-05T04:07:22.3422016Z ^[[36;1m    done^[[0m
check	Setup API client	2026-09-05T04:07:22.3422325Z ^[[36;1m  done^[[0m
check	Setup API client	2026-09-05T04:07:22.3422618Z ^[[36;1m^[[0m
check	Setup API client	2026-09-05T04:07:22.3423253Z ^[[36;1m  popd >/dev/null 2>&1 || true^[[0m
check	Setup API client	2026-09-05T04:07:22.3423761Z ^[[36;1m}^[[0m
check	Setup API client	2026-09-05T04:07:22.3424086Z ^[[36;1m^[[0m
check	Setup API client	2026-09-05T04:07:22.3424406Z ^[[36;1mtrap cleanup_vendor_aliases EXIT^[[0m
check	Setup API client	2026-09-05T04:07:22.3424749Z ^[[36;1m^[[0m
check	Setup API client	2026-09-05T04:07:22.3425060Z ^[[36;1mcreate_vendor_aliases() {^[[0m
check	Setup API client	2026-09-05T04:07:22.3425424Z ^[[36;1m  if [ ! -f "package.json" ]; then^[[0m
check	Setup API client	2026-09-05T04:07:22.3425791Z ^[[36;1m    return 0^[[0m
check	Setup API client	2026-09-05T04:07:22.3426120Z ^[[36;1m  fi^[[0m
check	Setup API client	2026-09-05T04:07:22.3426410Z ^[[36;1m^[[0m
check	Setup API client	2026-09-05T04:07:22.3426745Z ^[[36;1m  local alias_tmp^[[0m
check	Setup API client	2026-09-05T04:07:22.3427232Z ^[[36;1m  alias_tmp=$(mktemp)^[[0m
check	Setup API client	2026-09-05T04:07:22.3427565Z ^[[36;1m^[[0m
check	Setup API client	2026-09-05T04:07:22.3428054Z ^[[36;1m  local helper_root="${GITHUB_ACTION_PATH:-${GITHUB_WORKSPACE}/.github/actions/setup-api-client}"^[[0m
check	Setup API client	2026-09-05T04:07:22.3428651Z ^[[36;1m  local alias_helper="${helper_root}/create_vendor_aliases.js"^[[0m
check	Setup API client	2026-09-05T04:07:22.3429126Z ^[[36;1m  if [ ! -f "$alias_helper" ]; then^[[0m
check	Setup API client	2026-09-05T04:07:22.3429562Z ^[[36;1m    echo "::error::Missing vendored alias helper: $alias_helper"^[[0m
check	Setup API client	2026-09-05T04:07:22.3429971Z ^[[36;1m    rm -f "$alias_tmp"^[[0m
check	Setup API client	2026-09-05T04:07:22.3430328Z ^[[36;1m    return 1^[[0m
check	Setup API client	2026-09-05T04:07:22.3430634Z ^[[36;1m  fi^[[0m
check	Setup API client	2026-09-05T04:07:22.3430990Z ^[[36;1m^[[0m
check	Setup API client	2026-09-05T04:07:22.3431351Z ^[[36;1m  if node "$alias_helper" "$INSTALL_DIR" >"$alias_tmp"; then^[[0m
check	Setup API client	2026-09-05T04:07:22.3431839Z ^[[36;1m    :^[[0m
check	Setup API client	2026-09-05T04:07:22.3432144Z ^[[36;1m  else^[[0m
check	Setup API client	2026-09-05T04:07:22.3432548Z ^[[36;1m    echo "::error::Failed to prepare vendored dependency aliases"^[[0m
check	Setup API client	2026-09-05T04:07:22.3432967Z ^[[36;1m    rm -f "$alias_tmp"^[[0m
check	Setup API client	2026-09-05T04:07:22.3433442Z ^[[36;1m    return 1^[[0m
check	Setup API client	2026-09-05T04:07:22.3433770Z ^[[36;1m  fi^[[0m
check	Setup API client	2026-09-05T04:07:22.3434073Z ^[[36;1m^[[0m
check	Setup API client	2026-09-05T04:07:22.3434382Z ^[[36;1m  while IFS= read -r vendored_alias; do^[[0m
check	Setup API client	2026-09-05T04:07:22.3434750Z ^[[36;1m    if [ -z "$vendored_alias" ]; then^[[0m
check	Setup API client	2026-09-05T04:07:22.3435153Z ^[[36;1m      continue^[[0m
check	Setup API client	2026-09-05T04:07:22.3435461Z ^[[36;1m    fi^[[0m
check	Setup API client	2026-09-05T04:07:22.3435832Z ^[[36;1m    VENDORED_ALIAS_DIRS+=("$vendored_alias")^[[0m
check	Setup API client	2026-09-05T04:07:22.3436202Z ^[[36;1m  done <"$alias_tmp"^[[0m
check	Setup API client	2026-09-05T04:07:22.3436502Z ^[[36;1m^[[0m
check	Setup API client	2026-09-05T04:07:22.3436836Z ^[[36;1m  rm -f "$alias_tmp"^[[0m
check	Setup API client	2026-09-05T04:07:22.3437149Z ^[[36;1m}^[[0m
check	Setup API client	2026-09-05T04:07:22.3437437Z ^[[36;1m^[[0m
check	Setup API client	2026-09-05T04:07:22.3437746Z ^[[36;1mcreate_vendor_aliases^[[0m
check	Setup API client	2026-09-05T04:07:22.3438065Z ^[[36;1m^[[0m
check	Setup API client	2026-09-05T04:07:22.3438486Z ^[[36;1m# Strip unresolvable file: dependencies from package.json so npm install^[[0m
check	Setup API client	2026-09-05T04:07:22.3439048Z ^[[36;1m# doesn't choke when vendored packages are missing (e.g. sparse checkout^[[0m
check	Setup API client	2026-09-05T04:07:22.3439569Z ^[[36;1m# that doesn't include node_modules/).  Back up the original first so we^[[0m
check	Setup API client	2026-09-05T04:07:22.3440099Z ^[[36;1m# can restore it after npm install — avoids leaking modified state into^[[0m
check	Setup API client	2026-09-05T04:07:22.3440574Z ^[[36;1m# downstream steps that expect a clean workspace.^[[0m
check	Setup API client	2026-09-05T04:07:22.3440996Z ^[[36;1mSTRIPPED_PKG_JSON=false^[[0m
check	Setup API client	2026-09-05T04:07:22.3441407Z ^[[36;1mif [ -f "package.json" ]; then^[[0m
check	Setup API client	2026-09-05T04:07:22.3441753Z ^[[36;1m  node -e '^[[0m
check	Setup API client	2026-09-05T04:07:22.3442129Z ^[[36;1m    const fs = require("fs");^[[0m
check	Setup API client	2026-09-05T04:07:22.3442488Z ^[[36;1m    const path = require("path");^[[0m
check	Setup API client	2026-09-05T04:07:22.3442927Z ^[[36;1m    const raw = fs.readFileSync("package.json", "utf8");^[[0m
check	Setup API client	2026-09-05T04:07:22.3443422Z ^[[36;1m    const pkg = JSON.parse(raw);^[[0m
check	Setup API client	2026-09-05T04:07:22.3443784Z ^[[36;1m    let changed = false;^[[0m
check	Setup API client	2026-09-05T04:07:22.3444212Z ^[[36;1m    for (const section of ["dependencies", "devDependencies"]) {^[[0m
check	Setup API client	2026-09-05T04:07:22.3444657Z ^[[36;1m      if (!pkg[section]) continue;^[[0m
check	Setup API client	2026-09-05T04:07:22.3445091Z ^[[36;1m      for (const [name, spec] of Object.entries(pkg[section])) {^[[0m
check	Setup API client	2026-09-05T04:07:22.3445613Z ^[[36;1m        if (typeof spec === "string" && spec.startsWith("file:")) {^[[0m
check	Setup API client	2026-09-05T04:07:22.3446050Z ^[[36;1m          const target = path.resolve(spec.slice(5));^[[0m
check	Setup API client	2026-09-05T04:07:22.3446479Z ^[[36;1m          if (!fs.existsSync(target)) {^[[0m
check	Setup API client	2026-09-05T04:07:22.3446963Z ^[[36;1m            delete pkg[section][name];^[[0m
check	Setup API client	2026-09-05T04:07:22.3447343Z ^[[36;1m            changed = true;^[[0m
check	Setup API client	2026-09-05T04:07:22.3447835Z ^[[36;1m            console.log("::notice::Stripped unresolvable vendored dep: " + name + " (" + spec + ")");^[[0m
check	Setup API client	2026-09-05T04:07:22.3448328Z ^[[36;1m          }^[[0m
check	Setup API client	2026-09-05T04:07:22.3448668Z ^[[36;1m        }^[[0m
check	Setup API client	2026-09-05T04:07:22.3448967Z ^[[36;1m      }^[[0m
check	Setup API client	2026-09-05T04:07:22.3449356Z ^[[36;1m      if (pkg[section] && Object.keys(pkg[section]).length === 0) {^[[0m
check	Setup API client	2026-09-05T04:07:22.3449882Z ^[[36;1m        delete pkg[section];^[[0m
check	Setup API client	2026-09-05T04:07:22.3450218Z ^[[36;1m      }^[[0m
check	Setup API client	2026-09-05T04:07:22.3450523Z ^[[36;1m    }^[[0m
check	Setup API client	2026-09-05T04:07:22.3450820Z ^[[36;1m    if (changed) {^[[0m
check	Setup API client	2026-09-05T04:07:22.3451210Z ^[[36;1m      fs.copyFileSync("package.json", "package.json.bak");^[[0m
check	Setup API client	2026-09-05T04:07:22.3451757Z ^[[36;1m      fs.writeFileSync("package.json", JSON.stringify(pkg, null, 2) + "\n");^[[0m
check	Setup API client	2026-09-05T04:07:22.3452227Z ^[[36;1m      process.stdout.write("STRIPPED");^[[0m
check	Setup API client	2026-09-05T04:07:22.3452605Z ^[[36;1m    }^[[0m
check	Setup API client	2026-09-05T04:07:22.3452914Z ^[[36;1m  '^[[0m
check	Setup API client	2026-09-05T04:07:22.3453215Z ^[[36;1m  if [ -f "package.json.bak" ]; then^[[0m
check	Setup API client	2026-09-05T04:07:22.3453674Z ^[[36;1m    STRIPPED_PKG_JSON=true^[[0m
check	Setup API client	2026-09-05T04:07:22.3454084Z ^[[36;1m  fi^[[0m
check	Setup API client	2026-09-05T04:07:22.3454373Z ^[[36;1mfi^[[0m
check	Setup API client	2026-09-05T04:07:22.3454691Z ^[[36;1m^[[0m
check	Setup API client	2026-09-05T04:07:22.3455145Z ^[[36;1m# Vendored packages often ship lifecycle scripts (tshy builds, custom bundlers, etc.)^[[0m
check	Setup API client	2026-09-05T04:07:22.3455784Z ^[[36;1m# that expect repo-specific tooling. Disable lifecycle scripts globally so npm install^[[0m
check	Setup API client	2026-09-05T04:07:22.3456281Z ^[[36;1m# never invokes those hooks inside CI.^[[0m
check	Setup API client	2026-09-05T04:07:22.3456679Z ^[[36;1mexport npm_config_ignore_scripts=true^[[0m
check	Setup API client	2026-09-05T04:07:22.3457064Z ^[[36;1m^[[0m
check	Setup API client	2026-09-05T04:07:22.3457409Z ^[[36;1m# Track if we create package.json so we can clean it up^[[0m
check	Setup API client	2026-09-05T04:07:22.3457824Z ^[[36;1mCREATED_PACKAGE_JSON=false^[[0m
check	Setup API client	2026-09-05T04:07:22.3458173Z ^[[36;1mif [ ! -f "package.json" ]; then^[[0m
check	Setup API client	2026-09-05T04:07:22.3458577Z ^[[36;1m  echo '{"private":true}' > package.json^[[0m
check	Setup API client	2026-09-05T04:07:22.3458980Z ^[[36;1m  CREATED_PACKAGE_JSON=true^[[0m
check	Setup API client	2026-09-05T04:07:22.3459314Z ^[[36;1mfi^[[0m
check	Setup API client	2026-09-05T04:07:22.3459616Z ^[[36;1m^[[0m
check	Setup API client	2026-09-05T04:07:22.3459984Z ^[[36;1m# Check if already installed (including lru-cache@10.4.3, a required^[[0m
check	Setup API client	2026-09-05T04:07:22.3460488Z ^[[36;1m# transitive dep of @octokit/auth-app used for GitHub App token minting).^[[0m
check	Setup API client	2026-09-05T04:07:22.3461084Z ^[[36;1mif [ -d "node_modules/@octokit/rest" ] && [ -d "node_modules/lru-cache" ]; then^[[0m
check	Setup API client	2026-09-05T04:07:22.3461593Z ^[[36;1m  echo "✅ @octokit/rest already installed"^[[0m
check	Setup API client	2026-09-05T04:07:22.3461965Z ^[[36;1melse^[[0m
check	Setup API client	2026-09-05T04:07:22.3462323Z ^[[36;1m  # Snapshot vendored package metadata before npm install.^[[0m
check	Setup API client	2026-09-05T04:07:22.3462781Z ^[[36;1m  # npm may overwrite transitive deps (e.g. minimatch) that are^[[0m
check	Setup API client	2026-09-05T04:07:22.3463438Z ^[[36;1m  # committed as vendored packages with intentional version pins.^[[0m
check	Setup API client	2026-09-05T04:07:22.3463880Z ^[[36;1m  VENDORED_SNAPSHOT=""^[[0m
check	Setup API client	2026-09-05T04:07:22.3464272Z ^[[36;1m  if [ -f "node_modules/minimatch/package.json" ]; then^[[0m
check	Setup API client	2026-09-05T04:07:22.3464723Z ^[[36;1m    VENDORED_SNAPSHOT=$(mktemp -d)^[[0m
check	Setup API client	2026-09-05T04:07:22.3465103Z ^[[36;1m    for pkg_dir in node_modules/*/; do^[[0m
check	Setup API client	2026-09-05T04:07:22.3465544Z ^[[36;1m      if [ -f "${pkg_dir}package.json" ]; then^[[0m
check	Setup API client	2026-09-05T04:07:22.3465942Z ^[[36;1m        pkg_name=$(basename "$pkg_dir")^[[0m
check	Setup API client	2026-09-05T04:07:22.3466355Z ^[[36;1m        mkdir -p "${VENDORED_SNAPSHOT}/${pkg_name}"^[[0m
check	Setup API client	2026-09-05T04:07:22.3466845Z ^[[36;1m        cp "${pkg_dir}package.json" "${VENDORED_SNAPSHOT}/${pkg_name}/package.json"^[[0m
check	Setup API client	2026-09-05T04:07:22.3467282Z ^[[36;1m      fi^[[0m
check	Setup API client	2026-09-05T04:07:22.3467607Z ^[[36;1m    done^[[0m
check	Setup API client	2026-09-05T04:07:22.3467987Z ^[[36;1m    echo "📸 Snapshotted vendored package metadata"^[[0m
check	Setup API client	2026-09-05T04:07:22.3468363Z ^[[36;1m  fi^[[0m
check	Setup API client	2026-09-05T04:07:22.3468660Z ^[[36;1m^[[0m
check	Setup API client	2026-09-05T04:07:22.3468993Z ^[[36;1m  # Install with pinned versions for consistency.^[[0m
check	Setup API client	2026-09-05T04:07:22.3469512Z ^[[36;1m  # lru-cache is an explicit transitive dep of @octokit/auth-app required for^[[0m
check	Setup API client	2026-09-05T04:07:22.3470062Z ^[[36;1m  # GitHub App token minting; pin it here so npm always hoists a specific version^[[0m
check	Setup API client	2026-09-05T04:07:22.3470562Z ^[[36;1m  # even if a prior cached node_modules state is missing it.^[[0m
check	Setup API client	2026-09-05T04:07:22.3470979Z ^[[36;1m  #^[[0m
check	Setup API client	2026-09-05T04:07:22.3471395Z ^[[36;1m  # Retry with exponential backoff to survive transient npm registry errors^[[0m
check	Setup API client	2026-09-05T04:07:22.3472031Z ^[[36;1m  # (e.g. 403 Forbidden from CDN/rate-limit on safe-buffer, undici, etc.).^[[0m
check	Setup API client	2026-09-05T04:07:22.3472469Z ^[[36;1m  NPM_PACKAGES=(^[[0m
check	Setup API client	2026-09-05T04:07:22.3472782Z ^[[36;1m    @octokit/rest@20.0.2^[[0m
check	Setup API client	2026-09-05T04:07:22.3473155Z ^[[36;1m    @octokit/plugin-retry@6.0.1^[[0m
check	Setup API client	2026-09-05T04:07:22.3473626Z ^[[36;1m    @octokit/plugin-paginate-rest@9.1.5^[[0m
check	Setup API client	2026-09-05T04:07:22.3474006Z ^[[36;1m    @octokit/auth-app@6.0.3^[[0m
check	Setup API client	2026-09-05T04:07:22.3474386Z ^[[36;1m    lru-cache@10.4.3^[[0m
check	Setup API client	2026-09-05T04:07:22.3474687Z ^[[36;1m  )^[[0m
check	Setup API client	2026-09-05T04:07:22.3475013Z ^[[36;1m  NPM_MAX_RETRIES=3^[[0m
check	Setup API client	2026-09-05T04:07:22.3475405Z ^[[36;1m  NPM_BACKOFF=5  # seconds; doubles each retry (5, 10)^[[0m
check	Setup API client	2026-09-05T04:07:22.3475888Z ^[[36;1m  npm_installed=false^[[0m
check	Setup API client	2026-09-05T04:07:22.3476216Z ^[[36;1m^[[0m
check	Setup API client	2026-09-05T04:07:22.3476573Z ^[[36;1m  for (( attempt=1; attempt<=NPM_MAX_RETRIES; attempt++ )); do^[[0m
check	Setup API client	2026-09-05T04:07:22.3476992Z ^[[36;1m    npm_output=$(mktemp)^[[0m
check	Setup API client	2026-09-05T04:07:22.3477346Z ^[[36;1m^[[0m
check	Setup API client	2026-09-05T04:07:22.3477804Z ^[[36;1m    if npm install --no-save --location=project "${NPM_PACKAGES[@]}" 2>"$npm_output"; then^[[0m
check	Setup API client	2026-09-05T04:07:22.3478288Z ^[[36;1m      rm -f "$npm_output"^[[0m
check	Setup API client	2026-09-05T04:07:22.3478636Z ^[[36;1m      npm_installed=true^[[0m
check	Setup API client	2026-09-05T04:07:22.3478973Z ^[[36;1m      break^[[0m
check	Setup API client	2026-09-05T04:07:22.3479470Z ^[[36;1m    fi^[[0m
check	Setup API client	2026-09-05T04:07:22.3479751Z ^[[36;1m^[[0m
check	Setup API client	2026-09-05T04:07:22.3480123Z ^[[36;1m    npm_err=$(cat "$npm_output")^[[0m
check	Setup API client	2026-09-05T04:07:22.3480488Z ^[[36;1m    rm -f "$npm_output"^[[0m
check	Setup API client	2026-09-05T04:07:22.3480945Z ^[[36;1m    echo "::warning::npm install attempt $attempt/$NPM_MAX_RETRIES failed (see logs)"^[[0m
check	Setup API client	2026-09-05T04:07:22.3481465Z ^[[36;1m    echo "::group::npm stderr (attempt $attempt)"^[[0m
check	Setup API client	2026-09-05T04:07:22.3481831Z ^[[36;1m    echo "$npm_err"^[[0m
check	Setup API client	2026-09-05T04:07:22.3482188Z ^[[36;1m    echo "::endgroup::"^[[0m
check	Setup API client	2026-09-05T04:07:22.3482537Z ^[[36;1m^[[0m
check	Setup API client	2026-09-05T04:07:22.3482923Z ^[[36;1m    # On peer-dep / ERESOLVE failures, also try --legacy-peer-deps^[[0m
check	Setup API client	2026-09-05T04:07:22.3483564Z ^[[36;1m    if echo "$npm_err" | grep -qiE 'ERESOLVE|peer dep|Could not resolve dependency'; then^[[0m
check	Setup API client	2026-09-05T04:07:22.3484160Z ^[[36;1m      echo "::warning::Detected peer dependency conflict, retrying with --legacy-peer-deps"^[[0m
check	Setup API client	2026-09-05T04:07:22.3484667Z ^[[36;1m      npm_output=$(mktemp)^[[0m
check	Setup API client	2026-09-05T04:07:22.3485186Z ^[[36;1m      if npm install --no-save --legacy-peer-deps --location=project "${NPM_PACKAGES[@]}" 2>"$npm_output"; then^[[0m
check	Setup API client	2026-09-05T04:07:22.3485981Z ^[[36;1m        rm -f "$npm_output"^[[0m
check	Setup API client	2026-09-05T04:07:22.3486329Z ^[[36;1m        npm_installed=true^[[0m
check	Setup API client	2026-09-05T04:07:22.3486651Z ^[[36;1m        break^[[0m
check	Setup API client	2026-09-05T04:07:22.3486998Z ^[[36;1m      fi^[[0m
check	Setup API client	2026-09-05T04:07:22.3487331Z ^[[36;1m      npm_err_legacy=$(cat "$npm_output")^[[0m
check	Setup API client	2026-09-05T04:07:22.3487701Z ^[[36;1m      rm -f "$npm_output"^[[0m
check	Setup API client	2026-09-05T04:07:22.3488159Z ^[[36;1m      echo "::warning::npm install with --legacy-peer-deps failed (see logs)"^[[0m
check	Setup API client	2026-09-05T04:07:22.3488649Z ^[[36;1m      echo "::group::npm stderr (--legacy-peer-deps)"^[[0m
check	Setup API client	2026-09-05T04:07:22.3489081Z ^[[36;1m      echo "$npm_err_legacy"^[[0m
check	Setup API client	2026-09-05T04:07:22.3489430Z ^[[36;1m      echo "::endgroup::"^[[0m
check	Setup API client	2026-09-05T04:07:22.3489819Z ^[[36;1m    fi^[[0m
check	Setup API client	2026-09-05T04:07:22.3490146Z ^[[36;1m^[[0m
check	Setup API client	2026-09-05T04:07:22.3490477Z ^[[36;1m    if [ "$attempt" -lt "$NPM_MAX_RETRIES" ]; then^[[0m
check	Setup API client	2026-09-05T04:07:22.3490926Z ^[[36;1m      echo "::notice::Waiting ${NPM_BACKOFF}s before retry..."^[[0m
check	Setup API client	2026-09-05T04:07:22.3491334Z ^[[36;1m      sleep "$NPM_BACKOFF"^[[0m
check	Setup API client	2026-09-05T04:07:22.3491676Z ^[[36;1m      NPM_BACKOFF=$((NPM_BACKOFF * 2))^[[0m
check	Setup API client	2026-09-05T04:07:22.3492071Z ^[[36;1m    fi^[[0m
check	Setup API client	2026-09-05T04:07:22.3492401Z ^[[36;1m  done^[[0m
check	Setup API client	2026-09-05T04:07:22.3492701Z ^[[36;1m^[[0m
check	Setup API client	2026-09-05T04:07:22.3493020Z ^[[36;1m  if [ "$npm_installed" != "true" ]; then^[[0m
check	Setup API client	2026-09-05T04:07:22.3493570Z ^[[36;1m    echo "::error::npm install failed after $NPM_MAX_RETRIES attempts"^[[0m
check	Setup API client	2026-09-05T04:07:22.3494155Z ^[[36;1m    exit 1^[[0m
check	Setup API client	2026-09-05T04:07:22.3494459Z ^[[36;1m  fi^[[0m
check	Setup API client	2026-09-05T04:07:22.3494752Z ^[[36;1m^[[0m
check	Setup API client	2026-09-05T04:07:22.3495143Z ^[[36;1m  # Restore vendored package metadata that npm may have overwritten^[[0m
check	Setup API client	2026-09-05T04:07:22.3495694Z ^[[36;1m  if [ -n "${VENDORED_SNAPSHOT:-}" ] && [ -d "${VENDORED_SNAPSHOT}" ]; then^[[0m
check	Setup API client	2026-09-05T04:07:22.3496192Z ^[[36;1m    for pkg_backup in "${VENDORED_SNAPSHOT}"/*/; do^[[0m
check	Setup API client	2026-09-05T04:07:22.3496597Z ^[[36;1m      pkg_name=$(basename "$pkg_backup")^[[0m
check	Setup API client	2026-09-05T04:07:22.3497012Z ^[[36;1m      if [ -f "node_modules/${pkg_name}/package.json" ] && \^[[0m
check	Setup API client	2026-09-05T04:07:22.3497457Z ^[[36;1m         [ -f "${pkg_backup}package.json" ]; then^[[0m
check	Setup API client	2026-09-05T04:07:22.3497946Z ^[[36;1m        cp "${pkg_backup}package.json" "node_modules/${pkg_name}/package.json"^[[0m
check	Setup API client	2026-09-05T04:07:22.3498451Z ^[[36;1m      fi^[[0m
check	Setup API client	2026-09-05T04:07:22.3498746Z ^[[36;1m    done^[[0m
check	Setup API client	2026-09-05T04:07:22.3499100Z ^[[36;1m    rm -rf "${VENDORED_SNAPSHOT}"^[[0m
check	Setup API client	2026-09-05T04:07:22.3499508Z ^[[36;1m    echo "📸 Restored vendored package metadata"^[[0m
check	Setup API client	2026-09-05T04:07:22.3499907Z ^[[36;1m  fi^[[0m
check	Setup API client	2026-09-05T04:07:22.3500209Z ^[[36;1m^[[0m
check	Setup API client	2026-09-05T04:07:22.3500533Z ^[[36;1m  echo "✅ @octokit dependencies installed"^[[0m
check	Setup API client	2026-09-05T04:07:22.3500879Z ^[[36;1mfi^[[0m
check	Setup API client	2026-09-05T04:07:22.3501187Z ^[[36;1m^[[0m
check	Setup API client	2026-09-05T04:07:22.3501581Z ^[[36;1m# Restore original package.json if we stripped file: deps earlier,^[[0m
check	Setup API client	2026-09-05T04:07:22.3502103Z ^[[36;1m# so downstream steps see an unmodified workspace.^[[0m
check	Setup API client	2026-09-05T04:07:22.3502577Z ^[[36;1mif [ "$STRIPPED_PKG_JSON" = "true" ] && [ -f "package.json.bak" ]; then^[[0m
check	Setup API client	2026-09-05T04:07:22.3503019Z ^[[36;1m  mv "package.json.bak" "package.json"^[[0m
check	Setup API client	2026-09-05T04:07:22.3503472Z ^[[36;1mfi^[[0m
check	Setup API client	2026-09-05T04:07:22.3503812Z ^[[36;1m^[[0m
check	Setup API client	2026-09-05T04:07:22.3504108Z ^[[36;1mcleanup_vendor_aliases^[[0m
check	Setup API client	2026-09-05T04:07:22.3504454Z ^[[36;1mtrap - EXIT^[[0m
check	Setup API client	2026-09-05T04:07:22.3528160Z shell: /usr/bin/bash --noprofile --norc -e -o pipefail {0}
check	Setup API client	2026-09-05T04:07:22.3528621Z ##[endgroup]
check	Setup API client	2026-09-05T04:07:22.3575517Z 📦 Installing @octokit dependencies in /home/runner/work/Fine-Art-Archive/Fine-Art-Archive/.github/scripts...
check	Setup API client	2026-09-05T04:07:22.5780887Z 📸 Snapshotted vendored package metadata
check	Setup API client	2026-09-05T04:07:25.3646137Z 
check	Setup API client	2026-09-05T04:07:25.3647466Z added 66 packages, changed 1 package, and audited 70 packages in 3s
check	Setup API client	2026-09-05T04:07:25.3647969Z 
check	Setup API client	2026-09-05T04:07:25.3648203Z 2 packages are looking for funding
check	Setup API client	2026-09-05T04:07:25.3648735Z   run `npm fund` for details
check	Setup API client	2026-09-05T04:07:25.3663497Z 
check	Setup API client	2026-09-05T04:07:25.3663730Z 2 vulnerabilities (1 moderate, 1 high)
check	Setup API client	2026-09-05T04:07:25.3664075Z 
check	Setup API client	2026-09-05T04:07:25.3664298Z To address issues that do not require attention, run:
check	Setup API client	2026-09-05T04:07:25.3664979Z   npm audit fix
check	Setup API client	2026-09-05T04:07:25.3665253Z 
check	Setup API client	2026-09-05T04:07:25.3665464Z To address all issues, run:
check	Setup API client	2026-09-05T04:07:25.3665899Z   npm audit fix --force
check	Setup API client	2026-09-05T04:07:25.3666204Z 
check	Setup API client	2026-09-05T04:07:25.3666440Z Run `npm audit` for details.
check	Setup API client	2026-09-05T04:07:25.3987476Z 📸 Restored vendored package metadata
check	Setup API client	2026-09-05T04:07:25.3988500Z ✅ @octokit dependencies installed
check	Setup API client	2026-09-05T04:07:25.4026858Z ##[end-action id=__self.__run;outcome=success;conclusion=success;duration_ms=3066]
check	Setup API client	2026-09-05T04:07:25.4030267Z ##[start-action display=Export NODE_PATH for shared deps;id=__self.__run_2]
check	Setup API client	2026-09-05T04:07:25.4050752Z ##[group]Run set -euo pipefail
check	Setup API client	2026-09-05T04:07:25.4051160Z ^[[36;1mset -euo pipefail^[[0m
check	Setup API client	2026-09-05T04:07:25.4051552Z ^[[36;1mINSTALL_DIR=""^[[0m
check	Setup API client	2026-09-05T04:07:25.4051873Z ^[[36;1mif [ -z "$INSTALL_DIR" ]; then^[[0m
check	Setup API client	2026-09-05T04:07:25.4052285Z ^[[36;1m  INSTALL_DIR="${GITHUB_WORKSPACE}/.github/scripts"^[[0m
check	Setup API client	2026-09-05T04:07:25.4052686Z ^[[36;1mfi^[[0m
check	Setup API client	2026-09-05T04:07:25.4053010Z ^[[36;1mif [ -d "${INSTALL_DIR}/node_modules" ]; then^[[0m
check	Setup API client	2026-09-05T04:07:25.4053765Z ^[[36;1m  if [ -n "${NODE_PATH:-}" ]; then^[[0m
check	Setup API client	2026-09-05T04:07:25.4054179Z ^[[36;1m    echo "NODE_PATH=${INSTALL_DIR}/node_modules:${NODE_PATH}" >> "$GITHUB_ENV"^[[0m
check	Setup API client	2026-09-05T04:07:25.4054619Z ^[[36;1m  else^[[0m
check	Setup API client	2026-09-05T04:07:25.4055073Z ^[[36;1m    echo "NODE_PATH=${INSTALL_DIR}/node_modules" >> "$GITHUB_ENV"^[[0m
check	Setup API client	2026-09-05T04:07:25.4055445Z ^[[36;1m  fi^[[0m
check	Setup API client	2026-09-05T04:07:25.4055733Z ^[[36;1melse^[[0m
check	Setup API client	2026-09-05T04:07:25.4056160Z ^[[36;1m  echo "::notice::setup-api-client: ${INSTALL_DIR}/node_modules not found; skipping NODE_PATH export."^[[0m
check	Setup API client	2026-09-05T04:07:25.4056602Z ^[[36;1mfi^[[0m
check	Setup API client	2026-09-05T04:07:25.4078499Z shell: /usr/bin/bash --noprofile --norc -e -o pipefail {0}
check	Setup API client	2026-09-05T04:07:25.4078944Z ##[endgroup]
check	Setup API client	2026-09-05T04:07:25.4124199Z ##[end-action id=__self.__run_2;outcome=success;conclusion=success;duration_ms=9]
check	Setup API client	2026-09-05T04:07:25.4131168Z ##[start-action display=Export load balancer tokens;id=__self.export-tokens]
check	Setup API client	2026-09-05T04:07:25.4145456Z ##[group]Run set -euo pipefail
check	Setup API client	2026-09-05T04:07:25.4146145Z ^[[36;1mset -euo pipefail^[[0m
check	Setup API client	2026-09-05T04:07:25.4146713Z ^[[36;1m^[[0m
check	Setup API client	2026-09-05T04:07:25.4146997Z ^[[36;1mtoken_count=0^[[0m
check	Setup API client	2026-09-05T04:07:25.4147295Z ^[[36;1mavailable_tokens=""^[[0m
check	Setup API client	2026-09-05T04:07:25.4147580Z ^[[36;1m^[[0m
check	Setup API client	2026-09-05T04:07:25.4147846Z ^[[36;1m# Export a variable to GITHUB_ENV^[[0m
check	Setup API client	2026-09-05T04:07:25.4148274Z ^[[36;1m# Note: Empty values are intentionally not counted as available tokens^[[0m
check	Setup API client	2026-09-05T04:07:25.4148673Z ^[[36;1mexport_var() {^[[0m
check	Setup API client	2026-09-05T04:07:25.4148969Z ^[[36;1m  local name="$1"^[[0m
check	Setup API client	2026-09-05T04:07:25.4149244Z ^[[36;1m  local value="${2-}"^[[0m
check	Setup API client	2026-09-05T04:07:25.4149535Z ^[[36;1m  if [ -z "${value}" ]; then^[[0m
check	Setup API client	2026-09-05T04:07:25.4149862Z ^[[36;1m    return 0^[[0m
check	Setup API client	2026-09-05T04:07:25.4150132Z ^[[36;1m  fi^[[0m
check	Setup API client	2026-09-05T04:07:25.4150396Z ^[[36;1m^[[0m
check	Setup API client	2026-09-05T04:07:25.4150708Z ^[[36;1m  # Handle multiline values (like private keys)^[[0m
check	Setup API client	2026-09-05T04:07:25.4151100Z ^[[36;1m  if [[ "${value}" == *$'\n'* ]]; then^[[0m
check	Setup API client	2026-09-05T04:07:25.4151536Z ^[[36;1m    {^[[0m
check	Setup API client	2026-09-05T04:07:25.4151836Z ^[[36;1m      echo "${name}<<EOF"^[[0m
check	Setup API client	2026-09-05T04:07:25.4152194Z ^[[36;1m      printf '%s\n' "${value}"^[[0m
check	Setup API client	2026-09-05T04:07:25.4152537Z ^[[36;1m      echo "EOF"^[[0m
check	Setup API client	2026-09-05T04:07:25.4152849Z ^[[36;1m    } >>"${GITHUB_ENV}"^[[0m
check	Setup API client	2026-09-05T04:07:25.4153220Z ^[[36;1m  else^[[0m
check	Setup API client	2026-09-05T04:07:25.4153859Z ^[[36;1m    printf '%s=%s\n' "${name}" "${value}" >>"${GITHUB_ENV}"^[[0m
check	Setup API client	2026-09-05T04:07:25.4154263Z ^[[36;1m  fi^[[0m
check	Setup API client	2026-09-05T04:07:25.4154557Z ^[[36;1m^[[0m
check	Setup API client	2026-09-05T04:07:25.4154873Z ^[[36;1m  token_count=$((token_count + 1))^[[0m
check	Setup API client	2026-09-05T04:07:25.4155290Z ^[[36;1m  if [ -n "$available_tokens" ]; then^[[0m
check	Setup API client	2026-09-05T04:07:25.4155686Z ^[[36;1m    available_tokens="${available_tokens},${name}"^[[0m
check	Setup API client	2026-09-05T04:07:25.4156051Z ^[[36;1m  else^[[0m
check	Setup API client	2026-09-05T04:07:25.4156358Z ^[[36;1m    available_tokens="${name}"^[[0m
check	Setup API client	2026-09-05T04:07:25.4156681Z ^[[36;1m  fi^[[0m
check	Setup API client	2026-09-05T04:07:25.4156986Z ^[[36;1m^[[0m
check	Setup API client	2026-09-05T04:07:25.4157286Z ^[[36;1m  if [ "${INPUT_VERBOSE}" = "true" ]; then^[[0m
check	Setup API client	2026-09-05T04:07:25.4157661Z ^[[36;1m    echo "  ✅ ${name} exported"^[[0m
check	Setup API client	2026-09-05T04:07:25.4158051Z ^[[36;1m  fi^[[0m
check	Setup API client	2026-09-05T04:07:25.4158316Z ^[[36;1m}^[[0m
check	Setup API client	2026-09-05T04:07:25.4158590Z ^[[36;1m^[[0m
check	Setup API client	2026-09-05T04:07:25.4158886Z ^[[36;1mecho "🔐 Exporting tokens to environment..."^[[0m
check	Setup API client	2026-09-05T04:07:25.4159198Z ^[[36;1m^[[0m
check	Setup API client	2026-09-05T04:07:25.4159514Z ^[[36;1m# Try to extract from JSON secrets first (requires jq)^[[0m
check	Setup API client	2026-09-05T04:07:25.4159939Z ^[[36;1mif [ -n "${INPUT_SECRETS:-}" ] && [ "${INPUT_SECRETS}" != "null" ]; then^[[0m
check	Setup API client	2026-09-05T04:07:25.4160364Z ^[[36;1m  if ! command -v jq >/dev/null 2>&1; then^[[0m
check	Setup API client	2026-09-05T04:07:25.4160902Z ^[[36;1m    echo "::warning::'jq' is not installed; falling back to individual token inputs instead of parsing JSON secrets."^[[0m
check	Setup API client	2026-09-05T04:07:25.4161437Z ^[[36;1m    # Fall back to individual inputs when jq is unavailable^[[0m
check	Setup API client	2026-09-05T04:07:25.4161861Z ^[[36;1m    SERVICE_BOT_PAT="${INPUT_SERVICE_BOT_PAT:-}"^[[0m
check	Setup API client	2026-09-05T04:07:25.4162238Z ^[[36;1m    ACTIONS_BOT_PAT="${INPUT_ACTIONS_BOT_PAT:-}"^[[0m
check	Setup API client	2026-09-05T04:07:25.4162608Z ^[[36;1m    OWNER_PR_PAT="${INPUT_OWNER_PR_PAT:-}"^[[0m
check	Setup API client	2026-09-05T04:07:25.4162996Z ^[[36;1m    AGENTS_AUTOMATION_PAT="${INPUT_AGENTS_AUTOMATION_PAT:-}"^[[0m
check	Setup API client	2026-09-05T04:07:25.4163806Z ^[[36;1m    WORKFLOWS_APP_ID="${INPUT_WORKFLOWS_APP_ID:-}"^[[0m
check	Setup API client	2026-09-05T04:07:25.4164282Z ^[[36;1m    WORKFLOWS_APP_PRIVATE_KEY="${INPUT_WORKFLOWS_APP_PRIVATE_KEY:-}"^[[0m
check	Setup API client	2026-09-05T04:07:25.4164708Z ^[[36;1m    KEEPALIVE_APP_ID="${INPUT_KEEPALIVE_APP_ID:-}"^[[0m
check	Setup API client	2026-09-05T04:07:25.4165153Z ^[[36;1m    KEEPALIVE_APP_PRIVATE_KEY="${INPUT_KEEPALIVE_APP_PRIVATE_KEY:-}"^[[0m
check	Setup API client	2026-09-05T04:07:25.4165573Z ^[[36;1m    GH_APP_ID="${INPUT_GH_APP_ID:-}"^[[0m
check	Setup API client	2026-09-05T04:07:25.4165932Z ^[[36;1m    GH_APP_PRIVATE_KEY="${INPUT_GH_APP_PRIVATE_KEY:-}"^[[0m
check	Setup API client	2026-09-05T04:07:25.4166298Z ^[[36;1m    APP_1_ID="${INPUT_APP_1_ID:-}"^[[0m
check	Setup API client	2026-09-05T04:07:25.4166647Z ^[[36;1m    APP_1_PRIVATE_KEY="${INPUT_APP_1_PRIVATE_KEY:-}"^[[0m
check	Setup API client	2026-09-05T04:07:25.4167120Z ^[[36;1m    APP_2_ID="${INPUT_APP_2_ID:-}"^[[0m
check	Setup API client	2026-09-05T04:07:25.4167475Z ^[[36;1m    APP_2_PRIVATE_KEY="${INPUT_APP_2_PRIVATE_KEY:-}"^[[0m
check	Setup API client	2026-09-05T04:07:25.4167806Z ^[[36;1m  else^[[0m
check	Setup API client	2026-09-05T04:07:25.4168094Z ^[[36;1m    # Parse JSON secrets using jq^[[0m
check	Setup API client	2026-09-05T04:07:25.4168434Z ^[[36;1m    extract_secret() {^[[0m
check	Setup API client	2026-09-05T04:07:25.4168716Z ^[[36;1m      local key="$1"^[[0m
check	Setup API client	2026-09-05T04:07:25.4169107Z ^[[36;1m      echo "${INPUT_SECRETS}" | jq -r ".${key} // empty" 2>/dev/null || echo ""^[[0m
check	Setup API client	2026-09-05T04:07:25.4169492Z ^[[36;1m    }^[[0m
check	Setup API client	2026-09-05T04:07:25.4169785Z ^[[36;1m^[[0m
check	Setup API client	2026-09-05T04:07:25.4170097Z ^[[36;1m    SERVICE_BOT_PAT=$(extract_secret "SERVICE_BOT_PAT")^[[0m
check	Setup API client	2026-09-05T04:07:25.4170476Z ^[[36;1m    ACTIONS_BOT_PAT=$(extract_secret "ACTIONS_BOT_PAT")^[[0m
check	Setup API client	2026-09-05T04:07:25.4170879Z ^[[36;1m    OWNER_PR_PAT=$(extract_secret "OWNER_PR_PAT")^[[0m
check	Setup API client	2026-09-05T04:07:25.4171293Z ^[[36;1m    AGENTS_AUTOMATION_PAT=$(extract_secret "AGENTS_AUTOMATION_PAT")^[[0m
check	Setup API client	2026-09-05T04:07:25.4171734Z ^[[36;1m    WORKFLOWS_APP_ID=$(extract_secret "WORKFLOWS_APP_ID")^[[0m
check	Setup API client	2026-09-05T04:07:25.4172213Z ^[[36;1m    WORKFLOWS_APP_PRIVATE_KEY=$(extract_secret "WORKFLOWS_APP_PRIVATE_KEY")^[[0m
check	Setup API client	2026-09-05T04:07:25.4172680Z ^[[36;1m    KEEPALIVE_APP_ID=$(extract_secret "KEEPALIVE_APP_ID")^[[0m
check	Setup API client	2026-09-05T04:07:25.4173144Z ^[[36;1m    KEEPALIVE_APP_PRIVATE_KEY=$(extract_secret "KEEPALIVE_APP_PRIVATE_KEY")^[[0m
check	Setup API client	2026-09-05T04:07:25.4173738Z ^[[36;1m    GH_APP_ID=$(extract_secret "GH_APP_ID")^[[0m
check	Setup API client	2026-09-05T04:07:25.4174120Z ^[[36;1m    GH_APP_PRIVATE_KEY=$(extract_secret "GH_APP_PRIVATE_KEY")^[[0m
check	Setup API client	2026-09-05T04:07:25.4174535Z ^[[36;1m    APP_1_ID=$(extract_secret "APP_1_ID")^[[0m
check	Setup API client	2026-09-05T04:07:25.4174905Z ^[[36;1m    APP_1_PRIVATE_KEY=$(extract_secret "APP_1_PRIVATE_KEY")^[[0m
check	Setup API client	2026-09-05T04:07:25.4175295Z ^[[36;1m    APP_2_ID=$(extract_secret "APP_2_ID")^[[0m
check	Setup API client	2026-09-05T04:07:25.4175690Z ^[[36;1m    APP_2_PRIVATE_KEY=$(extract_secret "APP_2_PRIVATE_KEY")^[[0m
check	Setup API client	2026-09-05T04:07:25.4176038Z ^[[36;1m  fi^[[0m
check	Setup API client	2026-09-05T04:07:25.4176324Z ^[[36;1melse^[[0m
check	Setup API client	2026-09-05T04:07:25.4176604Z ^[[36;1m  # Fall back to individual inputs^[[0m
check	Setup API client	2026-09-05T04:07:25.4176965Z ^[[36;1m  SERVICE_BOT_PAT="${INPUT_SERVICE_BOT_PAT:-}"^[[0m
check	Setup API client	2026-09-05T04:07:25.4177326Z ^[[36;1m  ACTIONS_BOT_PAT="${INPUT_ACTIONS_BOT_PAT:-}"^[[0m
check	Setup API client	2026-09-05T04:07:25.4177662Z ^[[36;1m  OWNER_PR_PAT="${INPUT_OWNER_PR_PAT:-}"^[[0m
check	Setup API client	2026-09-05T04:07:25.4178086Z ^[[36;1m  AGENTS_AUTOMATION_PAT="${INPUT_AGENTS_AUTOMATION_PAT:-}"^[[0m
check	Setup API client	2026-09-05T04:07:25.4178514Z ^[[36;1m  WORKFLOWS_APP_ID="${INPUT_WORKFLOWS_APP_ID:-}"^[[0m
check	Setup API client	2026-09-05T04:07:25.4178932Z ^[[36;1m  WORKFLOWS_APP_PRIVATE_KEY="${INPUT_WORKFLOWS_APP_PRIVATE_KEY:-}"^[[0m
check	Setup API client	2026-09-05T04:07:25.4179347Z ^[[36;1m  KEEPALIVE_APP_ID="${INPUT_KEEPALIVE_APP_ID:-}"^[[0m
check	Setup API client	2026-09-05T04:07:25.4179763Z ^[[36;1m  KEEPALIVE_APP_PRIVATE_KEY="${INPUT_KEEPALIVE_APP_PRIVATE_KEY:-}"^[[0m
check	Setup API client	2026-09-05T04:07:25.4180248Z ^[[36;1m  GH_APP_ID="${INPUT_GH_APP_ID:-}"^[[0m
check	Setup API client	2026-09-05T04:07:25.4180645Z ^[[36;1m  GH_APP_PRIVATE_KEY="${INPUT_GH_APP_PRIVATE_KEY:-}"^[[0m
check	Setup API client	2026-09-05T04:07:25.4181036Z ^[[36;1m  APP_1_ID="${INPUT_APP_1_ID:-}"^[[0m
check	Setup API client	2026-09-05T04:07:25.4181473Z ^[[36;1m  APP_1_PRIVATE_KEY="${INPUT_APP_1_PRIVATE_KEY:-}"^[[0m
check	Setup API client	2026-09-05T04:07:25.4181842Z ^[[36;1m  APP_2_ID="${INPUT_APP_2_ID:-}"^[[0m
check	Setup API client	2026-09-05T04:07:25.4182274Z ^[[36;1m  APP_2_PRIVATE_KEY="${INPUT_APP_2_PRIVATE_KEY:-}"^[[0m
check	Setup API client	2026-09-05T04:07:25.4182711Z ^[[36;1mfi^[[0m
check	Setup API client	2026-09-05T04:07:25.4182986Z ^[[36;1m^[[0m
check	Setup API client	2026-09-05T04:07:25.4183561Z ^[[36;1m# Export GITHUB_TOKEN (GH_TOKEN is the same value, only count once)^[[0m
check	Setup API client	2026-09-05T04:07:25.4184042Z ^[[36;1mif [ -n "${INPUT_GITHUB_TOKEN:-}" ]; then^[[0m
check	Setup API client	2026-09-05T04:07:25.4184489Z ^[[36;1m  export_var "GITHUB_TOKEN" "${INPUT_GITHUB_TOKEN}"^[[0m
check	Setup API client	2026-09-05T04:07:25.4184944Z ^[[36;1m  # GH_TOKEN is exported but not double-counted^[[0m
check	Setup API client	2026-09-05T04:07:25.4185401Z ^[[36;1m  printf '%s=%s\n' "GH_TOKEN" "${INPUT_GITHUB_TOKEN}" >>"${GITHUB_ENV}"^[[0m
check	Setup API client	2026-09-05T04:07:25.4185820Z ^[[36;1mfi^[[0m
check	Setup API client	2026-09-05T04:07:25.4186117Z ^[[36;1m^[[0m
check	Setup API client	2026-09-05T04:07:25.4186409Z ^[[36;1m# Export PATs^[[0m
check	Setup API client	2026-09-05T04:07:25.4186843Z ^[[36;1mexport_var "SERVICE_BOT_PAT" "${SERVICE_BOT_PAT:-}"^[[0m
check	Setup API client	2026-09-05T04:07:25.4187262Z ^[[36;1mexport_var "ACTIONS_BOT_PAT" "${ACTIONS_BOT_PAT:-}"^[[0m
check	Setup API client	2026-09-05T04:07:25.4187710Z ^[[36;1mexport_var "OWNER_PR_PAT" "${OWNER_PR_PAT:-}"^[[0m
check	Setup API client	2026-09-05T04:07:25.4188216Z ^[[36;1mexport_var "AGENTS_AUTOMATION_PAT" "${AGENTS_AUTOMATION_PAT:-}"^[[0m
check	Setup API client	2026-09-05T04:07:25.4188641Z ^[[36;1m^[[0m
check	Setup API client	2026-09-05T04:07:25.4188928Z ^[[36;1m# Export App credentials^[[0m
check	Setup API client	2026-09-05T04:07:25.4189300Z ^[[36;1mexport_var "WORKFLOWS_APP_ID" "${WORKFLOWS_APP_ID:-}"^[[0m
check	Setup API client	2026-09-05T04:07:25.4189816Z ^[[36;1mexport_var "WORKFLOWS_APP_PRIVATE_KEY" "${WORKFLOWS_APP_PRIVATE_KEY:-}"^[[0m
check	Setup API client	2026-09-05T04:07:25.4190303Z ^[[36;1mexport_var "KEEPALIVE_APP_ID" "${KEEPALIVE_APP_ID:-}"^[[0m
check	Setup API client	2026-09-05T04:07:25.4191020Z ^[[36;1mexport_var "KEEPALIVE_APP_PRIVATE_KEY" "${KEEPALIVE_APP_PRIVATE_KEY:-}"^[[0m
check	Setup API client	2026-09-05T04:07:25.4191503Z ^[[36;1mexport_var "GH_APP_ID" "${GH_APP_ID:-}"^[[0m
check	Setup API client	2026-09-05T04:07:25.4191905Z ^[[36;1mexport_var "GH_APP_PRIVATE_KEY" "${GH_APP_PRIVATE_KEY:-}"^[[0m
check	Setup API client	2026-09-05T04:07:25.4192318Z ^[[36;1mexport_var "APP_1_ID" "${APP_1_ID:-}"^[[0m
check	Setup API client	2026-09-05T04:07:25.4192700Z ^[[36;1mexport_var "APP_1_PRIVATE_KEY" "${APP_1_PRIVATE_KEY:-}"^[[0m
check	Setup API client	2026-09-05T04:07:25.4193070Z ^[[36;1mexport_var "APP_2_ID" "${APP_2_ID:-}"^[[0m
check	Setup API client	2026-09-05T04:07:25.4193706Z ^[[36;1mexport_var "APP_2_PRIVATE_KEY" "${APP_2_PRIVATE_KEY:-}"^[[0m
check	Setup API client	2026-09-05T04:07:25.4194049Z ^[[36;1m^[[0m
check	Setup API client	2026-09-05T04:07:25.4194337Z ^[[36;1m# Output summary^[[0m
check	Setup API client	2026-09-05T04:07:25.4194683Z ^[[36;1mecho "token_count=${token_count}" >> "$GITHUB_OUTPUT"^[[0m
check	Setup API client	2026-09-05T04:07:25.4195082Z ^[[36;1mecho "available_tokens=${available_tokens}" >> "$GITHUB_OUTPUT"^[[0m
check	Setup API client	2026-09-05T04:07:25.4195449Z ^[[36;1m^[[0m
check	Setup API client	2026-09-05T04:07:25.4195796Z ^[[36;1minstall_dir="${INPUT_INSTALL_DIR:-}"^[[0m
check	Setup API client	2026-09-05T04:07:25.4196132Z ^[[36;1mif [ -z "$install_dir" ]; then^[[0m
check	Setup API client	2026-09-05T04:07:25.4196502Z ^[[36;1m  install_dir="${GITHUB_WORKSPACE}/.github/scripts"^[[0m
check	Setup API client	2026-09-05T04:07:25.4196817Z ^[[36;1mfi^[[0m
check	Setup API client	2026-09-05T04:07:25.4197137Z ^[[36;1msetup_contract="$(^[[0m
check	Setup API client	2026-09-05T04:07:25.4197457Z ^[[36;1m  AVAILABLE_TOKENS="${available_tokens}" \^[[0m
check	Setup API client	2026-09-05T04:07:25.4197798Z ^[[36;1m  TOKEN_COUNT="${token_count}" \^[[0m
check	Setup API client	2026-09-05T04:07:25.4198132Z ^[[36;1m  INSTALL_DIR="${install_dir}" \^[[0m
check	Setup API client	2026-09-05T04:07:25.4198426Z ^[[36;1m  node <<'NODE'^[[0m
check	Setup API client	2026-09-05T04:07:25.4198734Z ^[[36;1mconst fs = require('node:fs');^[[0m
check	Setup API client	2026-09-05T04:07:25.4199054Z ^[[36;1mconst path = require('node:path');^[[0m
check	Setup API client	2026-09-05T04:07:25.4199352Z ^[[36;1m^[[0m
check	Setup API client	2026-09-05T04:07:25.4199674Z ^[[36;1mconst installDir = process.env.INSTALL_DIR || '';^[[0m
check	Setup API client	2026-09-05T04:07:25.4200096Z ^[[36;1mconst tokenNames = (process.env.AVAILABLE_TOKENS || '')^[[0m
check	Setup API client	2026-09-05T04:07:25.4200460Z ^[[36;1m  .split(',')^[[0m
check	Setup API client	2026-09-05T04:07:25.4200743Z ^[[36;1m  .map((value) => value.trim())^[[0m
check	Setup API client	2026-09-05T04:07:25.4201048Z ^[[36;1m  .filter(Boolean);^[[0m
check	Setup API client	2026-09-05T04:07:25.4201379Z ^[[36;1mconst tokenSet = new Set(tokenNames);^[[0m
check	Setup API client	2026-09-05T04:07:25.4201692Z ^[[36;1mconst appPairs = [^[[0m
check	Setup API client	2026-09-05T04:07:25.4202065Z ^[[36;1m  ['WORKFLOWS_APP', 'WORKFLOWS_APP_ID', 'WORKFLOWS_APP_PRIVATE_KEY'],^[[0m
check	Setup API client	2026-09-05T04:07:25.4202508Z ^[[36;1m  ['KEEPALIVE_APP', 'KEEPALIVE_APP_ID', 'KEEPALIVE_APP_PRIVATE_KEY'],^[[0m
check	Setup API client	2026-09-05T04:07:25.4203054Z ^[[36;1m  ['GH_APP', 'GH_APP_ID', 'GH_APP_PRIVATE_KEY'],^[[0m
check	Setup API client	2026-09-05T04:07:25.4203593Z ^[[36;1m  ['APP_1', 'APP_1_ID', 'APP_1_PRIVATE_KEY'],^[[0m
check	Setup API client	2026-09-05T04:07:25.4203952Z ^[[36;1m  ['APP_2', 'APP_2_ID', 'APP_2_PRIVATE_KEY'],^[[0m
check	Setup API client	2026-09-05T04:07:25.4204273Z ^[[36;1m];^[[0m
check	Setup API client	2026-09-05T04:07:25.4204528Z ^[[36;1mconst authModes = [];^[[0m
check	Setup API client	2026-09-05T04:07:25.4204824Z ^[[36;1mif (tokenSet.has('GITHUB_TOKEN')) {^[[0m
check	Setup API client	2026-09-05T04:07:25.4205252Z ^[[36;1m  authModes.push({ source: 'GITHUB_TOKEN', mode: 'github-token' });^[[0m
check	Setup API client	2026-09-05T04:07:25.4205642Z ^[[36;1m}^[[0m
check	Setup API client	2026-09-05T04:07:25.4205916Z ^[[36;1mfor (const name of tokenNames) {^[[0m
check	Setup API client	2026-09-05T04:07:25.4206228Z ^[[36;1m  if (name.endsWith('_PAT')) {^[[0m
check	Setup API client	2026-09-05T04:07:25.4206576Z ^[[36;1m    authModes.push({ source: name, mode: 'pat' });^[[0m
check	Setup API client	2026-09-05T04:07:25.4206991Z ^[[36;1m  }^[[0m
check	Setup API client	2026-09-05T04:07:25.4207234Z ^[[36;1m}^[[0m
check	Setup API client	2026-09-05T04:07:25.4207526Z ^[[36;1mfor (const [source, idName, keyName] of appPairs) {^[[0m
check	Setup API client	2026-09-05T04:07:25.4207926Z ^[[36;1m  if (tokenSet.has(idName) && tokenSet.has(keyName)) {^[[0m
check	Setup API client	2026-09-05T04:07:25.4208301Z ^[[36;1m    authModes.push({^[[0m
check	Setup API client	2026-09-05T04:07:25.4208624Z ^[[36;1m      source,^[[0m
check	Setup API client	2026-09-05T04:07:25.4208905Z ^[[36;1m      mode: 'github-app',^[[0m
check	Setup API client	2026-09-05T04:07:25.4209223Z ^[[36;1m      credential_names: [idName, keyName],^[[0m
check	Setup API client	2026-09-05T04:07:25.4209548Z ^[[36;1m    });^[[0m
check	Setup API client	2026-09-05T04:07:25.4209820Z ^[[36;1m  }^[[0m
check	Setup API client	2026-09-05T04:07:25.4210074Z ^[[36;1m}^[[0m
check	Setup API client	2026-09-05T04:07:25.4210308Z ^[[36;1m^[[0m
check	Setup API client	2026-09-05T04:07:25.4210601Z ^[[36;1mconst moduleDir = path.join(installDir, 'node_modules');^[[0m
check	Setup API client	2026-09-05T04:07:25.4211097Z ^[[36;1mconst hasModule = (name) => fs.existsSync(path.join(moduleDir, ...name.split('/')));^[[0m
check	Setup API client	2026-09-05T04:07:25.4211575Z ^[[36;1mconst contract = {^[[0m
check	Setup API client	2026-09-05T04:07:25.4211898Z ^[[36;1m  schema: 'workflows-api-client-setup/v1',^[[0m
check	Setup API client	2026-09-05T04:07:25.4212313Z ^[[36;1m  token_count: Number.parseInt(process.env.TOKEN_COUNT || '0', 10) || 0,^[[0m
check	Setup API client	2026-09-05T04:07:25.4212707Z ^[[36;1m  available_token_names: tokenNames,^[[0m
check	Setup API client	2026-09-05T04:07:25.4213053Z ^[[36;1m  auth_modes: authModes,^[[0m
check	Setup API client	2026-09-05T04:07:25.4213427Z ^[[36;1m  dependency_state: {^[[0m
check	Setup API client	2026-09-05T04:07:25.4213757Z ^[[36;1m    node_path_ready: fs.existsSync(moduleDir),^[[0m
check	Setup API client	2026-09-05T04:07:25.4214174Z ^[[36;1m    octokit_rest_ready: hasModule('@octokit/rest'),^[[0m
check	Setup API client	2026-09-05T04:07:25.4214553Z ^[[36;1m    octokit_auth_app_ready: hasModule('@octokit/auth-app'),^[[0m
check	Setup API client	2026-09-05T04:07:25.4214958Z ^[[36;1m    lru_cache_ready: hasModule('lru-cache'),^[[0m
check	Setup API client	2026-09-05T04:07:25.4215300Z ^[[36;1m  },^[[0m
check	Setup API client	2026-09-05T04:07:25.4215543Z ^[[36;1m};^[[0m
check	Setup API client	2026-09-05T04:07:25.4215849Z ^[[36;1mprocess.stdout.write(JSON.stringify(contract));^[[0m
check	Setup API client	2026-09-05T04:07:25.4216184Z ^[[36;1mNODE^[[0m
check	Setup API client	2026-09-05T04:07:25.4216660Z ^[[36;1m)"^[[0m
check	Setup API client	2026-09-05T04:07:25.4217006Z ^[[36;1mprintf 'setup_contract=%s\n' "$setup_contract" >> "$GITHUB_OUTPUT"^[[0m
check	Setup API client	2026-09-05T04:07:25.4217404Z ^[[36;1m^[[0m
check	Setup API client	2026-09-05T04:07:25.4217651Z ^[[36;1mecho ""^[[0m
check	Setup API client	2026-09-05T04:07:25.4217938Z ^[[36;1mecho "📊 Token Setup Summary:"^[[0m
check	Setup API client	2026-09-05T04:07:25.4218292Z ^[[36;1mecho "  Total tokens exported: ${token_count}"^[[0m
check	Setup API client	2026-09-05T04:07:25.4218707Z ^[[36;1mecho "  Setup contract schema: workflows-api-client-setup/v1"^[[0m
check	Setup API client	2026-09-05T04:07:25.4219084Z ^[[36;1mif [ "${INPUT_VERBOSE}" = "true" ]; then^[[0m
check	Setup API client	2026-09-05T04:07:25.4219455Z ^[[36;1m  echo "  Available: ${available_tokens}"^[[0m
check	Setup API client	2026-09-05T04:07:25.4219819Z ^[[36;1m  echo "  Setup contract: ${setup_contract}"^[[0m
check	Setup API client	2026-09-05T04:07:25.4220185Z ^[[36;1mfi^[[0m
check	Setup API client	2026-09-05T04:07:25.4220439Z ^[[36;1m^[[0m
check	Setup API client	2026-09-05T04:07:25.4220681Z ^[[36;1m# Warn if no tokens were exported^[[0m
check	Setup API client	2026-09-05T04:07:25.4221020Z ^[[36;1mif [ "${token_count}" -eq 0 ]; then^[[0m
check	Setup API client	2026-09-05T04:07:25.4221391Z ^[[36;1m  echo "::warning::No tokens were exported! API calls may fail."^[[0m
check	Setup API client	2026-09-05T04:07:25.4221822Z ^[[36;1m  echo "::warning::Ensure secrets are passed to this action."^[[0m
check	Setup API client	2026-09-05T04:07:25.4222196Z ^[[36;1mfi^[[0m
check	Setup API client	2026-09-05T04:07:25.4240425Z shell: /usr/bin/bash --noprofile --norc -e -o pipefail {0}
check	Setup API client	2026-09-05T04:07:25.4240790Z env:
check	Setup API client	2026-09-05T04:07:25.4241361Z   NODE_PATH: /home/runner/work/Fine-Art-Archive/Fine-Art-Archive/.github/scripts/node_modules
check	Setup API client	2026-09-05T04:07:25.4241804Z   INPUT_SECRETS: 
check	Setup API client	2026-09-05T04:07:25.4244107Z   INPUT_GITHUB_TOKEN: ***
check	Setup API client	2026-09-05T04:07:25.4244441Z   INPUT_SERVICE_BOT_PAT: 
check	Setup API client	2026-09-05T04:07:25.4244711Z   INPUT_ACTIONS_BOT_PAT: 
check	Setup API client	2026-09-05T04:07:25.4245005Z   INPUT_OWNER_PR_PAT: 
check	Setup API client	2026-09-05T04:07:25.4245328Z   INPUT_AGENTS_AUTOMATION_PAT: 
check	Setup API client	2026-09-05T04:07:25.4245600Z   INPUT_WORKFLOWS_APP_ID: 
check	Setup API client	2026-09-05T04:07:25.4245912Z   INPUT_WORKFLOWS_APP_PRIVATE_KEY: 
check	Setup API client	2026-09-05T04:07:25.4246214Z   INPUT_KEEPALIVE_APP_ID: 
check	Setup API client	2026-09-05T04:07:25.4247004Z   INPUT_KEEPALIVE_APP_PRIVATE_KEY: 
check	Setup API client	2026-09-05T04:07:25.4247318Z   INPUT_GH_APP_ID: 
check	Setup API client	2026-09-05T04:07:25.4247665Z   INPUT_GH_APP_PRIVATE_KEY: 
check	Setup API client	2026-09-05T04:07:25.4247957Z   INPUT_APP_1_ID: 
check	Setup API client	2026-09-05T04:07:25.4248227Z   INPUT_APP_1_PRIVATE_KEY: 
check	Setup API client	2026-09-05T04:07:25.4248557Z   INPUT_APP_2_ID: 
check	Setup API client	2026-09-05T04:07:25.4248832Z   INPUT_APP_2_PRIVATE_KEY: 
check	Setup API client	2026-09-05T04:07:25.4249113Z   INPUT_INSTALL_DIR: 
check	Setup API client	2026-09-05T04:07:25.4249456Z   INPUT_VERBOSE: false
check	Setup API client	2026-09-05T04:07:25.4249741Z ##[endgroup]
check	Setup API client	2026-09-05T04:07:25.4284431Z 🔐 Exporting tokens to environment...
check	Setup API client	2026-09-05T04:07:25.4528146Z 
check	Setup API client	2026-09-05T04:07:25.4528849Z 📊 Token Setup Summary:
check	Setup API client	2026-09-05T04:07:25.4529495Z   Total tokens exported: 1
check	Setup API client	2026-09-05T04:07:25.4530000Z   Setup contract schema: workflows-api-client-setup/v1
check	Setup API client	2026-09-05T04:07:25.4536190Z ##[end-action id=__self.export-tokens;outcome=success;conclusion=success;duration_ms=40]
check	Validate against AGENT_ISSUE_FORMAT	﻿2026-09-05T04:07:25.4592136Z ##[group]Run set -euo pipefail
check	Validate against AGENT_ISSUE_FORMAT	2026-09-05T04:07:25.4592528Z ^[[36;1mset -euo pipefail^[[0m
check	Validate against AGENT_ISSUE_FORMAT	2026-09-05T04:07:25.4592862Z ^[[36;1mreport_file="$(mktemp)"^[[0m
check	Validate against AGENT_ISSUE_FORMAT	2026-09-05T04:07:25.4593208Z ^[[36;1merror_file="$(mktemp)"^[[0m
check	Validate against AGENT_ISSUE_FORMAT	2026-09-05T04:07:25.4593872Z ^[[36;1mtrap 'rm -f "$report_file" "$error_file"' EXIT^[[0m
check	Validate against AGENT_ISSUE_FORMAT	2026-09-05T04:07:25.4594328Z ^[[36;1mif [[ ! -f .github/scripts/issue_format.py ]]; then^[[0m
check	Validate against AGENT_ISSUE_FORMAT	2026-09-05T04:07:25.4594792Z ^[[36;1m  # Tolerated: a consumer repo mid-sync may not have the validator yet,^[[0m
check	Validate against AGENT_ISSUE_FORMAT	2026-09-05T04:07:25.4595330Z ^[[36;1m  # and hard-failing would block every issue there. But the job used to^[[0m
check	Validate against AGENT_ISSUE_FORMAT	2026-09-05T04:07:25.4595844Z ^[[36;1m  # exit GREEN having validated nothing, so a sync that dropped the^[[0m
check	Validate against AGENT_ISSUE_FORMAT	2026-09-05T04:07:25.4596306Z ^[[36;1m  # file removed the gate with no signal at all. Make it loud.^[[0m
check	Validate against AGENT_ISSUE_FORMAT	2026-09-05T04:07:25.4597069Z ^[[36;1m  echo "::warning title=Issue format guard inactive::.github/scripts/issue_format.py is missing, so this issue was NOT validated. Re-sync from stranske/Workflows to restore the gate."^[[0m
check	Validate against AGENT_ISSUE_FORMAT	2026-09-05T04:07:25.4597944Z ^[[36;1m  echo "validator absent — skipping while this repo is mid-sync"^[[0m
check	Validate against AGENT_ISSUE_FORMAT	2026-09-05T04:07:25.4598429Z ^[[36;1m  echo "rc=skip" >> "$GITHUB_OUTPUT"^[[0m
check	Validate against AGENT_ISSUE_FORMAT	2026-09-05T04:07:25.4598745Z ^[[36;1m  exit 0^[[0m
check	Validate against AGENT_ISSUE_FORMAT	2026-09-05T04:07:25.4599039Z ^[[36;1mfi^[[0m
check	Validate against AGENT_ISSUE_FORMAT	2026-09-05T04:07:25.4599303Z ^[[36;1mset +e^[[0m
check	Validate against AGENT_ISSUE_FORMAT	2026-09-05T04:07:25.4599715Z ^[[36;1mpython3 .github/scripts/issue_format.py body.md > "$report_file" 2> "$error_file"^[[0m
check	Validate against AGENT_ISSUE_FORMAT	2026-09-05T04:07:25.4600165Z ^[[36;1mrc=$?^[[0m
check	Validate against AGENT_ISSUE_FORMAT	2026-09-05T04:07:25.4600456Z ^[[36;1mset -e^[[0m
check	Validate against AGENT_ISSUE_FORMAT	2026-09-05T04:07:25.4600758Z ^[[36;1mecho "rc=$rc" >> "$GITHUB_OUTPUT"^[[0m
check	Validate against AGENT_ISSUE_FORMAT	2026-09-05T04:07:25.4601092Z ^[[36;1mcat "$report_file" || true^[[0m
check	Validate against AGENT_ISSUE_FORMAT	2026-09-05T04:07:25.4601470Z ^[[36;1mif [[ "$rc" -eq 1 && -s "$error_file" ]]; then^[[0m
check	Validate against AGENT_ISSUE_FORMAT	2026-09-05T04:07:25.4601905Z ^[[36;1m  echo "::error::issue-format validator failed unexpectedly"^[[0m
check	Validate against AGENT_ISSUE_FORMAT	2026-09-05T04:07:25.4602293Z ^[[36;1m  cat "$error_file" >&2^[[0m
check	Validate against AGENT_ISSUE_FORMAT	2026-09-05T04:07:25.4602604Z ^[[36;1m  exit 1^[[0m
check	Validate against AGENT_ISSUE_FORMAT	2026-09-05T04:07:25.4602862Z ^[[36;1mfi^[[0m
check	Validate against AGENT_ISSUE_FORMAT	2026-09-05T04:07:25.4603148Z ^[[36;1mif [[ "$rc" -ne 0 && "$rc" -ne 1 ]]; then^[[0m
check	Validate against AGENT_ISSUE_FORMAT	2026-09-05T04:07:25.4603872Z ^[[36;1m  cat "$error_file" >&2^[[0m
check	Validate against AGENT_ISSUE_FORMAT	2026-09-05T04:07:25.4604226Z ^[[36;1m  exit "$rc"^[[0m
check	Validate against AGENT_ISSUE_FORMAT	2026-09-05T04:07:25.4604526Z ^[[36;1mfi^[[0m
check	Validate against AGENT_ISSUE_FORMAT	2026-09-05T04:07:25.4604853Z ^[[36;1mcp "$report_file" report.md^[[0m
check	Validate against AGENT_ISSUE_FORMAT	2026-09-05T04:07:25.4622662Z shell: /usr/bin/bash -e {0}
check	Validate against AGENT_ISSUE_FORMAT	2026-09-05T04:07:25.4622995Z env:
check	Validate against AGENT_ISSUE_FORMAT	2026-09-05T04:07:25.4623634Z   NODE_PATH: /home/runner/work/Fine-Art-Archive/Fine-Art-Archive/.github/scripts/node_modules
check	Validate against AGENT_ISSUE_FORMAT	2026-09-05T04:07:25.4625942Z   GITHUB_TOKEN: ***
check	Validate against AGENT_ISSUE_FORMAT	2026-09-05T04:07:25.4627868Z   GH_TOKEN: ***
check	Validate against AGENT_ISSUE_FORMAT	2026-09-05T04:07:25.4628132Z ##[endgroup]
check	Validate against AGENT_ISSUE_FORMAT	2026-09-05T04:07:25.5064804Z Issue body is agent-processable with advisories.
check	Validate against AGENT_ISSUE_FORMAT	2026-09-05T04:07:25.5065245Z 
check	Validate against AGENT_ISSUE_FORMAT	2026-09-05T04:07:25.5065303Z 
check	Validate against AGENT_ISSUE_FORMAT	2026-09-05T04:07:25.5065558Z _Advisory:_
check	Validate against AGENT_ISSUE_FORMAT	2026-09-05T04:07:25.5066434Z - 1 cited path(s) do not exist yet: `main.py` — expected when a task creates them; check for typos otherwise.
check	Clear the stale format trigger	﻿2026-09-05T04:07:25.5165210Z ##[group]Run set -euo pipefail
check	Clear the stale format trigger	2026-09-05T04:07:25.5165583Z ^[[36;1mset -euo pipefail^[[0m
check	Clear the stale format trigger	2026-09-05T04:07:25.5166003Z ^[[36;1mgh issue view "$NUMBER" --repo "$GITHUB_REPOSITORY" --json labels \^[[0m
check	Clear the stale format trigger	2026-09-05T04:07:25.5166558Z ^[[36;1m  --jq '.labels[].name' > labels.txt^[[0m
check	Clear the stale format trigger	2026-09-05T04:07:25.5166980Z ^[[36;1mif grep -qx 'agents:format' labels.txt; then^[[0m
check	Clear the stale format trigger	2026-09-05T04:07:25.5167471Z ^[[36;1m  gh issue edit "$NUMBER" --repo "$GITHUB_REPOSITORY" --remove-label "agents:format"^[[0m
check	Clear the stale format trigger	2026-09-05T04:07:25.5168000Z ^[[36;1m  echo "Conforms now — cleared agents:format."^[[0m
check	Clear the stale format trigger	2026-09-05T04:07:25.5168370Z ^[[36;1mfi^[[0m
check	Clear the stale format trigger	2026-09-05T04:07:25.5186331Z shell: /usr/bin/bash -e {0}
check	Clear the stale format trigger	2026-09-05T04:07:25.5186676Z env:
check	Clear the stale format trigger	2026-09-05T04:07:25.5187130Z   NODE_PATH: /home/runner/work/Fine-Art-Archive/Fine-Art-Archive/.github/scripts/node_modules
check	Clear the stale format trigger	2026-09-05T04:07:25.5189596Z   GITHUB_TOKEN: ***
check	Clear the stale format trigger	2026-09-05T04:07:25.5191714Z   GH_TOKEN: ***
check	Clear the stale format trigger	2026-09-05T04:07:25.5192023Z   NUMBER: 693
check	Clear the stale format trigger	2026-09-05T04:07:25.5192302Z ##[endgroup]
check	Post Run actions/checkout@3d3c42e5aac5ba805825da76410c181273ba90b1	﻿2026-09-05T04:07:25.9072069Z Post job cleanup.
check	Post Run actions/checkout@3d3c42e5aac5ba805825da76410c181273ba90b1	2026-09-05T04:07:25.9772048Z [command]/usr/bin/git version
check	Post Run actions/checkout@3d3c42e5aac5ba805825da76410c181273ba90b1	2026-09-05T04:07:25.9807287Z git version 2.55.0
check	Post Run actions/checkout@3d3c42e5aac5ba805825da76410c181273ba90b1	2026-09-05T04:07:25.9832533Z Temporarily overriding HOME='/home/runner/work/_temp/f9a72158-5415-4b57-8135-29fd360f8925' before making global git config changes
check	Post Run actions/checkout@3d3c42e5aac5ba805825da76410c181273ba90b1	2026-09-05T04:07:25.9833493Z Adding repository directory to the temporary git global config as a safe directory
check	Post Run actions/checkout@3d3c42e5aac5ba805825da76410c181273ba90b1	2026-09-05T04:07:25.9837364Z [command]/usr/bin/git config --global --add safe.directory /home/runner/work/Fine-Art-Archive/Fine-Art-Archive
check	Post Run actions/checkout@3d3c42e5aac5ba805825da76410c181273ba90b1	2026-09-05T04:07:25.9861510Z Removing SSH command configuration
check	Post Run actions/checkout@3d3c42e5aac5ba805825da76410c181273ba90b1	2026-09-05T04:07:25.9867302Z [command]/usr/bin/git config --local --name-only --get-regexp core\.sshCommand
check	Post Run actions/checkout@3d3c42e5aac5ba805825da76410c181273ba90b1	2026-09-05T04:07:25.9895913Z [command]/usr/bin/git submodule foreach --recursive sh -c "git config --local --name-only --get-regexp 'core\.sshCommand' && git config --local --unset-all 'core.sshCommand' || :"
check	Post Run actions/checkout@3d3c42e5aac5ba805825da76410c181273ba90b1	2026-09-05T04:07:26.0054474Z Removing HTTP extra header
check	Post Run actions/checkout@3d3c42e5aac5ba805825da76410c181273ba90b1	2026-09-05T04:07:26.0058608Z [command]/usr/bin/git config --local --name-only --get-regexp http\.https\:\/\/github\.com\/\.extraheader
check	Post Run actions/checkout@3d3c42e5aac5ba805825da76410c181273ba90b1	2026-09-05T04:07:26.0081470Z [command]/usr/bin/git submodule foreach --recursive sh -c "git config --local --name-only --get-regexp 'http\.https\:\/\/github\.com\/\.extraheader' && git config --local --unset-all 'http.https://github.com/.extraheader' || :"
check	Post Run actions/checkout@3d3c42e5aac5ba805825da76410c181273ba90b1	2026-09-05T04:07:26.0230218Z Removing includeIf entries pointing to credentials config files
check	Post Run actions/checkout@3d3c42e5aac5ba805825da76410c181273ba90b1	2026-09-05T04:07:26.0235104Z [command]/usr/bin/git config --local --name-only --get-regexp ^includeIf\.gitdir:
check	Post Run actions/checkout@3d3c42e5aac5ba805825da76410c181273ba90b1	2026-09-05T04:07:26.0256995Z [command]/usr/bin/git submodule foreach --recursive git config --local --show-origin --name-only --get-regexp remote.origin.url
check	Complete job	﻿2026-09-05T04:07:26.0506231Z Cleaning up orphan processes
