check	Set up job	﻿2026-09-05T04:07:17.1015086Z Current runner version: '2.337.0'
check	Set up job	2026-09-05T04:07:17.1041488Z ##[group]Runner Image Provisioner
check	Set up job	2026-09-05T04:07:17.1042411Z Hosted Compute Agent
check	Set up job	2026-09-05T04:07:17.1043154Z Version: 20260828.587
check	Set up job	2026-09-05T04:07:17.1043847Z Commit: abac92662cab4cc7352de4f9f9d2e2419aad9c29
check	Set up job	2026-09-05T04:07:17.1044669Z Build Date: 2026-08-28T16:44:25Z
check	Set up job	2026-09-05T04:07:17.1045395Z Worker ID: {10dd122a-5c0a-4b65-a5d4-25a26786e234}
check	Set up job	2026-09-05T04:07:17.1046125Z Azure Region: westus
check	Set up job	2026-09-05T04:07:17.1046806Z ##[endgroup]
check	Set up job	2026-09-05T04:07:17.1048301Z ##[group]Operating System
check	Set up job	2026-09-05T04:07:17.1048935Z Ubuntu
check	Set up job	2026-09-05T04:07:17.1049553Z 24.04.4
check	Set up job	2026-09-05T04:07:17.1050080Z LTS
check	Set up job	2026-09-05T04:07:17.1051014Z ##[endgroup]
check	Set up job	2026-09-05T04:07:17.1051655Z ##[group]Runner Image
check	Set up job	2026-09-05T04:07:17.1052253Z Image: ubuntu-24.04
check	Set up job	2026-09-05T04:07:17.1052886Z Version: 20260831.293.1
check	Set up job	2026-09-05T04:07:17.1053961Z Included Software: https://github.com/actions/runner-images/blob/ubuntu24/20260831.293/images/ubuntu/Ubuntu2404-Readme.md
check	Set up job	2026-09-05T04:07:17.1055806Z Image Release: https://github.com/actions/runner-images/releases/tag/ubuntu24%2F20260831.293
check	Set up job	2026-09-05T04:07:17.1056765Z ##[endgroup]
check	Set up job	2026-09-05T04:07:17.1058087Z ##[group]GITHUB_TOKEN Permissions
check	Set up job	2026-09-05T04:07:17.1060253Z Actions: write
check	Set up job	2026-09-05T04:07:17.1061338Z Contents: read
check	Set up job	2026-09-05T04:07:17.1061934Z Issues: write
check	Set up job	2026-09-05T04:07:17.1062543Z Metadata: read
check	Set up job	2026-09-05T04:07:17.1063117Z ##[endgroup]
check	Set up job	2026-09-05T04:07:17.1065265Z Secret source: Actions
check	Set up job	2026-09-05T04:07:17.1066794Z Prepare workflow directory
check	Set up job	2026-09-05T04:07:17.1437481Z Prepare all required actions
check	Set up job	2026-09-05T04:07:17.1500809Z Getting action download info
check	Set up job	2026-09-05T04:07:17.4846843Z Download action repository 'actions/checkout@3d3c42e5aac5ba805825da76410c181273ba90b1' (SHA:3d3c42e5aac5ba805825da76410c181273ba90b1)
check	Set up job	2026-09-05T04:07:17.7195695Z Complete job name: check
check	Run actions/checkout@3d3c42e5aac5ba805825da76410c181273ba90b1	﻿2026-09-05T04:07:17.7998388Z ##[group]Run actions/checkout@3d3c42e5aac5ba805825da76410c181273ba90b1
check	Run actions/checkout@3d3c42e5aac5ba805825da76410c181273ba90b1	2026-09-05T04:07:17.7999478Z with:
check	Run actions/checkout@3d3c42e5aac5ba805825da76410c181273ba90b1	2026-09-05T04:07:17.7999987Z   persist-credentials: false
check	Run actions/checkout@3d3c42e5aac5ba805825da76410c181273ba90b1	2026-09-05T04:07:17.8001146Z   repository: stranske/Fine-Art-Archive
check	Run actions/checkout@3d3c42e5aac5ba805825da76410c181273ba90b1	2026-09-05T04:07:17.8004812Z   token: ***
check	Run actions/checkout@3d3c42e5aac5ba805825da76410c181273ba90b1	2026-09-05T04:07:17.8005262Z   ssh-strict: true
check	Run actions/checkout@3d3c42e5aac5ba805825da76410c181273ba90b1	2026-09-05T04:07:17.8005719Z   ssh-user: git
check	Run actions/checkout@3d3c42e5aac5ba805825da76410c181273ba90b1	2026-09-05T04:07:17.8006161Z   clean: true
check	Run actions/checkout@3d3c42e5aac5ba805825da76410c181273ba90b1	2026-09-05T04:07:17.8006618Z   sparse-checkout-cone-mode: true
check	Run actions/checkout@3d3c42e5aac5ba805825da76410c181273ba90b1	2026-09-05T04:07:17.8007165Z   fetch-depth: 1
check	Run actions/checkout@3d3c42e5aac5ba805825da76410c181273ba90b1	2026-09-05T04:07:17.8007625Z   fetch-tags: false
check	Run actions/checkout@3d3c42e5aac5ba805825da76410c181273ba90b1	2026-09-05T04:07:17.8008102Z   show-progress: true
check	Run actions/checkout@3d3c42e5aac5ba805825da76410c181273ba90b1	2026-09-05T04:07:17.8008578Z   lfs: false
check	Run actions/checkout@3d3c42e5aac5ba805825da76410c181273ba90b1	2026-09-05T04:07:17.8009008Z   submodules: false
check	Run actions/checkout@3d3c42e5aac5ba805825da76410c181273ba90b1	2026-09-05T04:07:17.8009473Z   set-safe-directory: true
check	Run actions/checkout@3d3c42e5aac5ba805825da76410c181273ba90b1	2026-09-05T04:07:17.8010086Z   allow-unsafe-pr-checkout: false
check	Run actions/checkout@3d3c42e5aac5ba805825da76410c181273ba90b1	2026-09-05T04:07:17.8011185Z ##[endgroup]
check	Run actions/checkout@3d3c42e5aac5ba805825da76410c181273ba90b1	2026-09-05T04:07:17.8994490Z Syncing repository: stranske/Fine-Art-Archive
check	Run actions/checkout@3d3c42e5aac5ba805825da76410c181273ba90b1	2026-09-05T04:07:17.8996532Z ##[group]Getting Git version info
check	Run actions/checkout@3d3c42e5aac5ba805825da76410c181273ba90b1	2026-09-05T04:07:17.8997482Z Working directory is '/home/runner/work/Fine-Art-Archive/Fine-Art-Archive'
check	Run actions/checkout@3d3c42e5aac5ba805825da76410c181273ba90b1	2026-09-05T04:07:17.8998773Z [command]/usr/bin/git version
check	Run actions/checkout@3d3c42e5aac5ba805825da76410c181273ba90b1	2026-09-05T04:07:17.9048475Z git version 2.55.0
check	Run actions/checkout@3d3c42e5aac5ba805825da76410c181273ba90b1	2026-09-05T04:07:17.9068879Z ##[endgroup]
check	Run actions/checkout@3d3c42e5aac5ba805825da76410c181273ba90b1	2026-09-05T04:07:17.9078675Z Temporarily overriding HOME='/home/runner/work/_temp/31d39a82-66b7-4b20-8533-8ab92decd899' before making global git config changes
check	Run actions/checkout@3d3c42e5aac5ba805825da76410c181273ba90b1	2026-09-05T04:07:17.9085219Z Adding repository directory to the temporary git global config as a safe directory
check	Run actions/checkout@3d3c42e5aac5ba805825da76410c181273ba90b1	2026-09-05T04:07:17.9087480Z [command]/usr/bin/git config --global --add safe.directory /home/runner/work/Fine-Art-Archive/Fine-Art-Archive
check	Run actions/checkout@3d3c42e5aac5ba805825da76410c181273ba90b1	2026-09-05T04:07:17.9129833Z Deleting the contents of '/home/runner/work/Fine-Art-Archive/Fine-Art-Archive'
check	Run actions/checkout@3d3c42e5aac5ba805825da76410c181273ba90b1	2026-09-05T04:07:17.9133328Z ##[group]Determining repository object format
check	Run actions/checkout@3d3c42e5aac5ba805825da76410c181273ba90b1	2026-09-05T04:07:17.9135038Z ##[endgroup]
check	Run actions/checkout@3d3c42e5aac5ba805825da76410c181273ba90b1	2026-09-05T04:07:17.9135845Z ##[group]Initializing the repository
check	Run actions/checkout@3d3c42e5aac5ba805825da76410c181273ba90b1	2026-09-05T04:07:17.9139173Z [command]/usr/bin/git init /home/runner/work/Fine-Art-Archive/Fine-Art-Archive
check	Run actions/checkout@3d3c42e5aac5ba805825da76410c181273ba90b1	2026-09-05T04:07:17.9241961Z hint: Using 'master' as the name for the initial branch. This default branch name
check	Run actions/checkout@3d3c42e5aac5ba805825da76410c181273ba90b1	2026-09-05T04:07:17.9243460Z hint: will change to "main" in Git 3.0. To configure the initial branch name
check	Run actions/checkout@3d3c42e5aac5ba805825da76410c181273ba90b1	2026-09-05T04:07:17.9244601Z hint: to use in all of your new repositories, which will suppress this warning,
check	Run actions/checkout@3d3c42e5aac5ba805825da76410c181273ba90b1	2026-09-05T04:07:17.9245740Z hint: call:
check	Run actions/checkout@3d3c42e5aac5ba805825da76410c181273ba90b1	2026-09-05T04:07:17.9246476Z hint:
check	Run actions/checkout@3d3c42e5aac5ba805825da76410c181273ba90b1	2026-09-05T04:07:17.9247305Z hint: 	git config --global init.defaultBranch <name>
check	Run actions/checkout@3d3c42e5aac5ba805825da76410c181273ba90b1	2026-09-05T04:07:17.9248317Z hint:
check	Run actions/checkout@3d3c42e5aac5ba805825da76410c181273ba90b1	2026-09-05T04:07:17.9249267Z hint: Names commonly chosen instead of 'master' are 'main', 'trunk' and
check	Run actions/checkout@3d3c42e5aac5ba805825da76410c181273ba90b1	2026-09-05T04:07:17.9250278Z hint: 'development'. The just-created branch can be renamed via this command:
check	Run actions/checkout@3d3c42e5aac5ba805825da76410c181273ba90b1	2026-09-05T04:07:17.9251384Z hint:
check	Run actions/checkout@3d3c42e5aac5ba805825da76410c181273ba90b1	2026-09-05T04:07:17.9251834Z hint: 	git branch -m <name>
check	Run actions/checkout@3d3c42e5aac5ba805825da76410c181273ba90b1	2026-09-05T04:07:17.9252433Z hint:
check	Run actions/checkout@3d3c42e5aac5ba805825da76410c181273ba90b1	2026-09-05T04:07:17.9253428Z hint: Disable this message with "git config set advice.defaultBranchName false"
check	Run actions/checkout@3d3c42e5aac5ba805825da76410c181273ba90b1	2026-09-05T04:07:17.9254650Z Initialized empty Git repository in /home/runner/work/Fine-Art-Archive/Fine-Art-Archive/.git/
check	Run actions/checkout@3d3c42e5aac5ba805825da76410c181273ba90b1	2026-09-05T04:07:17.9257837Z [command]/usr/bin/git remote add origin https://github.com/stranske/Fine-Art-Archive
check	Run actions/checkout@3d3c42e5aac5ba805825da76410c181273ba90b1	2026-09-05T04:07:17.9302504Z ##[endgroup]
check	Run actions/checkout@3d3c42e5aac5ba805825da76410c181273ba90b1	2026-09-05T04:07:17.9303731Z ##[group]Disabling automatic garbage collection
check	Run actions/checkout@3d3c42e5aac5ba805825da76410c181273ba90b1	2026-09-05T04:07:17.9304839Z [command]/usr/bin/git config --local gc.auto 0
check	Run actions/checkout@3d3c42e5aac5ba805825da76410c181273ba90b1	2026-09-05T04:07:17.9332990Z ##[endgroup]
check	Run actions/checkout@3d3c42e5aac5ba805825da76410c181273ba90b1	2026-09-05T04:07:17.9334162Z ##[group]Setting up auth
check	Run actions/checkout@3d3c42e5aac5ba805825da76410c181273ba90b1	2026-09-05T04:07:17.9335071Z Removing SSH command configuration
check	Run actions/checkout@3d3c42e5aac5ba805825da76410c181273ba90b1	2026-09-05T04:07:17.9338329Z [command]/usr/bin/git config --local --name-only --get-regexp core\.sshCommand
check	Run actions/checkout@3d3c42e5aac5ba805825da76410c181273ba90b1	2026-09-05T04:07:17.9367906Z [command]/usr/bin/git submodule foreach --recursive sh -c "git config --local --name-only --get-regexp 'core\.sshCommand' && git config --local --unset-all 'core.sshCommand' || :"
check	Run actions/checkout@3d3c42e5aac5ba805825da76410c181273ba90b1	2026-09-05T04:07:17.9699366Z Removing HTTP extra header
check	Run actions/checkout@3d3c42e5aac5ba805825da76410c181273ba90b1	2026-09-05T04:07:17.9703615Z [command]/usr/bin/git config --local --name-only --get-regexp http\.https\:\/\/github\.com\/\.extraheader
check	Run actions/checkout@3d3c42e5aac5ba805825da76410c181273ba90b1	2026-09-05T04:07:17.9734178Z [command]/usr/bin/git submodule foreach --recursive sh -c "git config --local --name-only --get-regexp 'http\.https\:\/\/github\.com\/\.extraheader' && git config --local --unset-all 'http.https://github.com/.extraheader' || :"
check	Run actions/checkout@3d3c42e5aac5ba805825da76410c181273ba90b1	2026-09-05T04:07:17.9944143Z Removing includeIf entries pointing to credentials config files
check	Run actions/checkout@3d3c42e5aac5ba805825da76410c181273ba90b1	2026-09-05T04:07:17.9947934Z [command]/usr/bin/git config --local --name-only --get-regexp ^includeIf\.gitdir:
check	Run actions/checkout@3d3c42e5aac5ba805825da76410c181273ba90b1	2026-09-05T04:07:17.9976788Z [command]/usr/bin/git submodule foreach --recursive git config --local --show-origin --name-only --get-regexp remote.origin.url
check	Run actions/checkout@3d3c42e5aac5ba805825da76410c181273ba90b1	2026-09-05T04:07:18.0193063Z [command]/usr/bin/git config --file /home/runner/work/_temp/git-credentials-9803c2fe-ff29-4ec0-b4b1-e19b8a5029d0.config http.https://github.com/.extraheader AUTHORIZATION: basic ***
check	Run actions/checkout@3d3c42e5aac5ba805825da76410c181273ba90b1	2026-09-05T04:07:18.0229750Z [command]/usr/bin/git config --local includeIf.gitdir:/home/runner/work/Fine-Art-Archive/Fine-Art-Archive/.git.path /home/runner/work/_temp/git-credentials-9803c2fe-ff29-4ec0-b4b1-e19b8a5029d0.config
check	Run actions/checkout@3d3c42e5aac5ba805825da76410c181273ba90b1	2026-09-05T04:07:18.0258961Z [command]/usr/bin/git config --local includeIf.gitdir:/home/runner/work/Fine-Art-Archive/Fine-Art-Archive/.git/worktrees/*.path /home/runner/work/_temp/git-credentials-9803c2fe-ff29-4ec0-b4b1-e19b8a5029d0.config
check	Run actions/checkout@3d3c42e5aac5ba805825da76410c181273ba90b1	2026-09-05T04:07:18.0291245Z [command]/usr/bin/git config --local includeIf.gitdir:/github/workspace/.git.path /github/runner_temp/git-credentials-9803c2fe-ff29-4ec0-b4b1-e19b8a5029d0.config
check	Run actions/checkout@3d3c42e5aac5ba805825da76410c181273ba90b1	2026-09-05T04:07:18.0320860Z [command]/usr/bin/git config --local includeIf.gitdir:/github/workspace/.git/worktrees/*.path /github/runner_temp/git-credentials-9803c2fe-ff29-4ec0-b4b1-e19b8a5029d0.config
check	Run actions/checkout@3d3c42e5aac5ba805825da76410c181273ba90b1	2026-09-05T04:07:18.0346518Z ##[endgroup]
check	Run actions/checkout@3d3c42e5aac5ba805825da76410c181273ba90b1	2026-09-05T04:07:18.0347892Z ##[group]Fetching the repository
check	Run actions/checkout@3d3c42e5aac5ba805825da76410c181273ba90b1	2026-09-05T04:07:18.0354329Z [command]/usr/bin/git -c protocol.version=2 fetch --no-tags --prune --no-recurse-submodules --depth=1 origin +d149861964fa4093d4228ef424853fa5de1dced0:refs/remotes/origin/main
check	Run actions/checkout@3d3c42e5aac5ba805825da76410c181273ba90b1	2026-09-05T04:07:18.8028964Z From https://github.com/stranske/Fine-Art-Archive
check	Run actions/checkout@3d3c42e5aac5ba805825da76410c181273ba90b1	2026-09-05T04:07:18.8030249Z  * [new ref]         d149861964fa4093d4228ef424853fa5de1dced0 -> origin/main
check	Run actions/checkout@3d3c42e5aac5ba805825da76410c181273ba90b1	2026-09-05T04:07:18.8038953Z [command]/usr/bin/git branch --list --remote origin/main
check	Run actions/checkout@3d3c42e5aac5ba805825da76410c181273ba90b1	2026-09-05T04:07:18.8062629Z   origin/main
check	Run actions/checkout@3d3c42e5aac5ba805825da76410c181273ba90b1	2026-09-05T04:07:18.8072326Z [command]/usr/bin/git rev-parse refs/remotes/origin/main
check	Run actions/checkout@3d3c42e5aac5ba805825da76410c181273ba90b1	2026-09-05T04:07:18.8093472Z d149861964fa4093d4228ef424853fa5de1dced0
check	Run actions/checkout@3d3c42e5aac5ba805825da76410c181273ba90b1	2026-09-05T04:07:18.8098296Z ##[endgroup]
check	Run actions/checkout@3d3c42e5aac5ba805825da76410c181273ba90b1	2026-09-05T04:07:18.8099535Z ##[group]Determining the checkout info
check	Run actions/checkout@3d3c42e5aac5ba805825da76410c181273ba90b1	2026-09-05T04:07:18.8101186Z ##[endgroup]
check	Run actions/checkout@3d3c42e5aac5ba805825da76410c181273ba90b1	2026-09-05T04:07:18.8102398Z [command]/usr/bin/git sparse-checkout disable
check	Run actions/checkout@3d3c42e5aac5ba805825da76410c181273ba90b1	2026-09-05T04:07:18.8148263Z [command]/usr/bin/git config --local --unset-all extensions.worktreeConfig
check	Run actions/checkout@3d3c42e5aac5ba805825da76410c181273ba90b1	2026-09-05T04:07:18.8176328Z ##[group]Checking out the ref
check	Run actions/checkout@3d3c42e5aac5ba805825da76410c181273ba90b1	2026-09-05T04:07:18.8180183Z [command]/usr/bin/git checkout --progress --force -B main refs/remotes/origin/main
check	Run actions/checkout@3d3c42e5aac5ba805825da76410c181273ba90b1	2026-09-05T04:07:18.8936298Z Switched to a new branch 'main'
check	Run actions/checkout@3d3c42e5aac5ba805825da76410c181273ba90b1	2026-09-05T04:07:18.8940958Z branch 'main' set up to track 'origin/main'.
check	Run actions/checkout@3d3c42e5aac5ba805825da76410c181273ba90b1	2026-09-05T04:07:18.8949220Z ##[endgroup]
check	Run actions/checkout@3d3c42e5aac5ba805825da76410c181273ba90b1	2026-09-05T04:07:18.8991552Z [command]/usr/bin/git log -1 --format=%H
check	Run actions/checkout@3d3c42e5aac5ba805825da76410c181273ba90b1	2026-09-05T04:07:18.9015827Z d149861964fa4093d4228ef424853fa5de1dced0
check	Run actions/checkout@3d3c42e5aac5ba805825da76410c181273ba90b1	2026-09-05T04:07:18.9024872Z ##[group]Removing auth
check	Run actions/checkout@3d3c42e5aac5ba805825da76410c181273ba90b1	2026-09-05T04:07:18.9025541Z Removing SSH command configuration
check	Run actions/checkout@3d3c42e5aac5ba805825da76410c181273ba90b1	2026-09-05T04:07:18.9028646Z [command]/usr/bin/git config --local --name-only --get-regexp core\.sshCommand
check	Run actions/checkout@3d3c42e5aac5ba805825da76410c181273ba90b1	2026-09-05T04:07:18.9059855Z [command]/usr/bin/git submodule foreach --recursive sh -c "git config --local --name-only --get-regexp 'core\.sshCommand' && git config --local --unset-all 'core.sshCommand' || :"
check	Run actions/checkout@3d3c42e5aac5ba805825da76410c181273ba90b1	2026-09-05T04:07:18.9279820Z Removing HTTP extra header
check	Run actions/checkout@3d3c42e5aac5ba805825da76410c181273ba90b1	2026-09-05T04:07:18.9285533Z [command]/usr/bin/git config --local --name-only --get-regexp http\.https\:\/\/github\.com\/\.extraheader
check	Run actions/checkout@3d3c42e5aac5ba805825da76410c181273ba90b1	2026-09-05T04:07:18.9318970Z [command]/usr/bin/git submodule foreach --recursive sh -c "git config --local --name-only --get-regexp 'http\.https\:\/\/github\.com\/\.extraheader' && git config --local --unset-all 'http.https://github.com/.extraheader' || :"
check	Run actions/checkout@3d3c42e5aac5ba805825da76410c181273ba90b1	2026-09-05T04:07:18.9557040Z Removing includeIf entries pointing to credentials config files
check	Run actions/checkout@3d3c42e5aac5ba805825da76410c181273ba90b1	2026-09-05T04:07:18.9559481Z [command]/usr/bin/git config --local --name-only --get-regexp ^includeIf\.gitdir:
check	Run actions/checkout@3d3c42e5aac5ba805825da76410c181273ba90b1	2026-09-05T04:07:18.9585157Z includeif.gitdir:/home/runner/work/Fine-Art-Archive/Fine-Art-Archive/.git.path
check	Run actions/checkout@3d3c42e5aac5ba805825da76410c181273ba90b1	2026-09-05T04:07:18.9587838Z includeif.gitdir:/home/runner/work/Fine-Art-Archive/Fine-Art-Archive/.git/worktrees/*.path
check	Run actions/checkout@3d3c42e5aac5ba805825da76410c181273ba90b1	2026-09-05T04:07:18.9589338Z includeif.gitdir:/github/workspace/.git.path
check	Run actions/checkout@3d3c42e5aac5ba805825da76410c181273ba90b1	2026-09-05T04:07:18.9590896Z includeif.gitdir:/github/workspace/.git/worktrees/*.path
check	Run actions/checkout@3d3c42e5aac5ba805825da76410c181273ba90b1	2026-09-05T04:07:18.9600768Z [command]/usr/bin/git config --local --get-all includeif.gitdir:/home/runner/work/Fine-Art-Archive/Fine-Art-Archive/.git.path
check	Run actions/checkout@3d3c42e5aac5ba805825da76410c181273ba90b1	2026-09-05T04:07:18.9615847Z /home/runner/work/_temp/git-credentials-9803c2fe-ff29-4ec0-b4b1-e19b8a5029d0.config
check	Run actions/checkout@3d3c42e5aac5ba805825da76410c181273ba90b1	2026-09-05T04:07:18.9626317Z [command]/usr/bin/git config --local --unset includeif.gitdir:/home/runner/work/Fine-Art-Archive/Fine-Art-Archive/.git.path \/home\/runner\/work\/_temp\/git\-credentials\-9803c2fe\-ff29\-4ec0\-b4b1\-e19b8a5029d0\.config
check	Run actions/checkout@3d3c42e5aac5ba805825da76410c181273ba90b1	2026-09-05T04:07:18.9659738Z [command]/usr/bin/git config --local --get-all includeif.gitdir:/home/runner/work/Fine-Art-Archive/Fine-Art-Archive/.git/worktrees/*.path
check	Run actions/checkout@3d3c42e5aac5ba805825da76410c181273ba90b1	2026-09-05T04:07:18.9681055Z /home/runner/work/_temp/git-credentials-9803c2fe-ff29-4ec0-b4b1-e19b8a5029d0.config
check	Run actions/checkout@3d3c42e5aac5ba805825da76410c181273ba90b1	2026-09-05T04:07:18.9694861Z [command]/usr/bin/git config --local --unset includeif.gitdir:/home/runner/work/Fine-Art-Archive/Fine-Art-Archive/.git/worktrees/*.path \/home\/runner\/work\/_temp\/git\-credentials\-9803c2fe\-ff29\-4ec0\-b4b1\-e19b8a5029d0\.config
check	Run actions/checkout@3d3c42e5aac5ba805825da76410c181273ba90b1	2026-09-05T04:07:18.9731570Z [command]/usr/bin/git config --local --get-all includeif.gitdir:/github/workspace/.git.path
check	Run actions/checkout@3d3c42e5aac5ba805825da76410c181273ba90b1	2026-09-05T04:07:18.9765690Z /github/runner_temp/git-credentials-9803c2fe-ff29-4ec0-b4b1-e19b8a5029d0.config
check	Run actions/checkout@3d3c42e5aac5ba805825da76410c181273ba90b1	2026-09-05T04:07:18.9775903Z [command]/usr/bin/git config --local --unset includeif.gitdir:/github/workspace/.git.path \/github\/runner_temp\/git\-credentials\-9803c2fe\-ff29\-4ec0\-b4b1\-e19b8a5029d0\.config
check	Run actions/checkout@3d3c42e5aac5ba805825da76410c181273ba90b1	2026-09-05T04:07:18.9843257Z [command]/usr/bin/git config --local --get-all includeif.gitdir:/github/workspace/.git/worktrees/*.path
check	Run actions/checkout@3d3c42e5aac5ba805825da76410c181273ba90b1	2026-09-05T04:07:18.9863631Z /github/runner_temp/git-credentials-9803c2fe-ff29-4ec0-b4b1-e19b8a5029d0.config
check	Run actions/checkout@3d3c42e5aac5ba805825da76410c181273ba90b1	2026-09-05T04:07:18.9872561Z [command]/usr/bin/git config --local --unset includeif.gitdir:/github/workspace/.git/worktrees/*.path \/github\/runner_temp\/git\-credentials\-9803c2fe\-ff29\-4ec0\-b4b1\-e19b8a5029d0\.config
check	Run actions/checkout@3d3c42e5aac5ba805825da76410c181273ba90b1	2026-09-05T04:07:18.9903017Z [command]/usr/bin/git submodule foreach --recursive git config --local --show-origin --name-only --get-regexp remote.origin.url
check	Run actions/checkout@3d3c42e5aac5ba805825da76410c181273ba90b1	2026-09-05T04:07:19.0116214Z Removing credentials config '/home/runner/work/_temp/git-credentials-9803c2fe-ff29-4ec0-b4b1-e19b8a5029d0.config'
check	Run actions/checkout@3d3c42e5aac5ba805825da76410c181273ba90b1	2026-09-05T04:07:19.0123863Z ##[endgroup]
check	Resolve issue	﻿2026-09-05T04:07:19.0373812Z ##[group]Run set -euo pipefail
check	Resolve issue	2026-09-05T04:07:19.0375201Z ^[[36;1mset -euo pipefail^[[0m
check	Resolve issue	2026-09-05T04:07:19.0376710Z ^[[36;1mgh issue view "$NUMBER" --repo "$GITHUB_REPOSITORY" \^[[0m
check	Resolve issue	2026-09-05T04:07:19.0378657Z ^[[36;1m  --json number,body,labels,state,author > issue.json^[[0m
check	Resolve issue	2026-09-05T04:07:19.0380763Z ^[[36;1mjq -r '.body // ""' issue.json > body.md^[[0m
check	Resolve issue	2026-09-05T04:07:19.0382935Z ^[[36;1mexempt=false^[[0m
check	Resolve issue	2026-09-05T04:07:19.0384019Z ^[[36;1mheld=false^[[0m
check	Resolve issue	2026-09-05T04:07:19.0385608Z ^[[36;1m# A closed issue has nothing left to format. Routing one to the optimizer^[[0m
check	Resolve issue	2026-09-05T04:07:19.0387983Z ^[[36;1m# produces a body edit, that edit re-fires this guard, and the pair loops^[[0m
check	Resolve issue	2026-09-05T04:07:19.0390506Z ^[[36;1m# against work that is already delivered — see Fine-Art-Archive#464, which^[[0m
check	Resolve issue	2026-09-05T04:07:19.0392643Z ^[[36;1m# kept formatting for 17.5 hours after it was closed.^[[0m
check	Resolve issue	2026-09-05T04:07:19.0394745Z ^[[36;1mif [[ "$(jq -r '.state // "" | ascii_downcase' issue.json)" == "closed" ]]; then^[[0m
check	Resolve issue	2026-09-05T04:07:19.0396770Z ^[[36;1m  echo "Issue is closed — nothing to format."^[[0m
check	Resolve issue	2026-09-05T04:07:19.0398240Z ^[[36;1m  exempt=true^[[0m
check	Resolve issue	2026-09-05T04:07:19.0399313Z ^[[36;1mfi^[[0m
check	Resolve issue	2026-09-05T04:07:19.0401777Z ^[[36;1mif jq -e '[.labels[].name] | any(. == "tracker:durable" or . == "wontfix" or . == "automated")' issue.json >/dev/null; then exempt=true; fi^[[0m
check	Resolve issue	2026-09-05T04:07:19.0405533Z ^[[36;1mif jq -e '[.labels[].name] | any(. == "agents:auto-pilot-pause" or . == "needs-human")' issue.json >/dev/null; then held=true; fi^[[0m
check	Resolve issue	2026-09-05T04:07:19.0408973Z ^[[36;1mif jq -er '.author.login // ""' issue.json | grep -qiE '(\[bot\]|^renovate$|^dependabot$)'; then exempt=true; fi^[[0m
check	Resolve issue	2026-09-05T04:07:19.0412127Z ^[[36;1mif grep -qiE 'do not dispatch|not a (repo|cloud) coding task' body.md; then exempt=true; fi^[[0m
check	Resolve issue	2026-09-05T04:07:19.0414137Z ^[[36;1m{^[[0m
check	Resolve issue	2026-09-05T04:07:19.0415052Z ^[[36;1m  echo "number=$NUMBER"^[[0m
check	Resolve issue	2026-09-05T04:07:19.0416220Z ^[[36;1m  echo "exempt=$exempt"^[[0m
check	Resolve issue	2026-09-05T04:07:19.0417388Z ^[[36;1m  echo "held=$held"^[[0m
check	Resolve issue	2026-09-05T04:07:19.0418665Z ^[[36;1m  echo "state=$(jq -r '.state' issue.json)"^[[0m
check	Resolve issue	2026-09-05T04:07:19.0420057Z ^[[36;1m} >> "$GITHUB_OUTPUT"^[[0m
check	Resolve issue	2026-09-05T04:07:19.0461132Z shell: /usr/bin/bash -e {0}
check	Resolve issue	2026-09-05T04:07:19.0462282Z env:
check	Resolve issue	2026-09-05T04:07:19.0472103Z   GH_TOKEN: ***
check	Resolve issue	2026-09-05T04:07:19.0473052Z   NUMBER: 691
check	Resolve issue	2026-09-05T04:07:19.0473957Z ##[endgroup]
check	Setup API client	﻿2026-09-05T04:07:19.5963558Z Prepare all required actions
check	Setup API client	2026-09-05T04:07:19.6630920Z ##[group]Run ./.github/actions/setup-api-client
check	Setup API client	2026-09-05T04:07:19.6632130Z with:
check	Setup API client	2026-09-05T04:07:19.6640084Z   github_token: ***
check	Setup API client	2026-09-05T04:07:19.6641127Z   skip_deps: false
check	Setup API client	2026-09-05T04:07:19.6642020Z   verbose: false
check	Setup API client	2026-09-05T04:07:19.6642886Z ##[endgroup]
check	Setup API client	2026-09-05T04:07:19.6706422Z ##[start-action display=Install API client dependencies;id=__self.__run]
check	Setup API client	2026-09-05T04:07:19.6777238Z ##[group]Run set -euo pipefail
check	Setup API client	2026-09-05T04:07:19.6778713Z ^[[36;1mset -euo pipefail^[[0m
check	Setup API client	2026-09-05T04:07:19.6779669Z ^[[36;1m^[[0m
check	Setup API client	2026-09-05T04:07:19.6780804Z ^[[36;1m# Use dedicated scripts dir, create if needed^[[0m
check	Setup API client	2026-09-05T04:07:19.6782014Z ^[[36;1mINSTALL_DIR=""^[[0m
check	Setup API client	2026-09-05T04:07:19.6782977Z ^[[36;1mif [ -z "$INSTALL_DIR" ]; then^[[0m
check	Setup API client	2026-09-05T04:07:19.6784454Z ^[[36;1m  INSTALL_DIR="${GITHUB_WORKSPACE}/.github/scripts"^[[0m
check	Setup API client	2026-09-05T04:07:19.6785735Z ^[[36;1mfi^[[0m
check	Setup API client	2026-09-05T04:07:19.6786591Z ^[[36;1mmkdir -p "$INSTALL_DIR"^[[0m
check	Setup API client	2026-09-05T04:07:19.6787613Z ^[[36;1m^[[0m
check	Setup API client	2026-09-05T04:07:19.6788724Z ^[[36;1mecho "📦 Installing @octokit dependencies in $INSTALL_DIR..."^[[0m
check	Setup API client	2026-09-05T04:07:19.6790141Z ^[[36;1mcd "$INSTALL_DIR"^[[0m
check	Setup API client	2026-09-05T04:07:19.6791483Z ^[[36;1m^[[0m
check	Setup API client	2026-09-05T04:07:19.6792370Z ^[[36;1mdeclare -a VENDORED_ALIAS_DIRS=()^[[0m
check	Setup API client	2026-09-05T04:07:19.6793455Z ^[[36;1m^[[0m
check	Setup API client	2026-09-05T04:07:19.6794310Z ^[[36;1mcleanup_vendor_aliases() {^[[0m
check	Setup API client	2026-09-05T04:07:19.6795518Z ^[[36;1m  if [ "${#VENDORED_ALIAS_DIRS[@]}" -eq 0 ]; then^[[0m
check	Setup API client	2026-09-05T04:07:19.6796712Z ^[[36;1m    return 0^[[0m
check	Setup API client	2026-09-05T04:07:19.6797591Z ^[[36;1m  fi^[[0m
check	Setup API client	2026-09-05T04:07:19.6798400Z ^[[36;1m^[[0m
check	Setup API client	2026-09-05T04:07:19.6799258Z ^[[36;1m  local cleanup_dir="$INSTALL_DIR"^[[0m
check	Setup API client	2026-09-05T04:07:19.6800549Z ^[[36;1m  if [ -z "$cleanup_dir" ]; then^[[0m
check	Setup API client	2026-09-05T04:07:19.6802056Z ^[[36;1m    echo "::warning::Install dir is empty, skipping vendored alias cleanup"^[[0m
check	Setup API client	2026-09-05T04:07:19.6803553Z ^[[36;1m    return 0^[[0m
check	Setup API client	2026-09-05T04:07:19.6804440Z ^[[36;1m  fi^[[0m
check	Setup API client	2026-09-05T04:07:19.6805250Z ^[[36;1m^[[0m
check	Setup API client	2026-09-05T04:07:19.6806215Z ^[[36;1m  if ! pushd "$cleanup_dir" >/dev/null 2>&1; then^[[0m
check	Setup API client	2026-09-05T04:07:19.6808074Z ^[[36;1m    echo "::warning::Failed to enter install dir \"$cleanup_dir\"; skipping vendored alias cleanup"^[[0m
check	Setup API client	2026-09-05T04:07:19.6809807Z ^[[36;1m    return 0^[[0m
check	Setup API client	2026-09-05T04:07:19.6810804Z ^[[36;1m  fi^[[0m
check	Setup API client	2026-09-05T04:07:19.6811608Z ^[[36;1m^[[0m
check	Setup API client	2026-09-05T04:07:19.6812637Z ^[[36;1m  for vendored_alias in "${VENDORED_ALIAS_DIRS[@]}"; do^[[0m
check	Setup API client	2026-09-05T04:07:19.6813990Z ^[[36;1m    if [ -z "$vendored_alias" ]; then^[[0m
check	Setup API client	2026-09-05T04:07:19.6815113Z ^[[36;1m      continue^[[0m
check	Setup API client	2026-09-05T04:07:19.6816023Z ^[[36;1m    fi^[[0m
check	Setup API client	2026-09-05T04:07:19.6816954Z ^[[36;1m    rm -rf -- "$vendored_alias" || true^[[0m
check	Setup API client	2026-09-05T04:07:19.6818115Z ^[[36;1m    local parent_dir^[[0m
check	Setup API client	2026-09-05T04:07:19.6819205Z ^[[36;1m    parent_dir=$(dirname "$vendored_alias")^[[0m
check	Setup API client	2026-09-05T04:07:19.6821022Z ^[[36;1m    # Remove empty parent directories that may have been created for scoped packages^[[0m
check	Setup API client	2026-09-05T04:07:19.6822904Z ^[[36;1m    while [ "$parent_dir" != "." ] && [ "$parent_dir" != "/" ]; do^[[0m
check	Setup API client	2026-09-05T04:07:19.6824414Z ^[[36;1m      rmdir -- "$parent_dir" 2>/dev/null || break^[[0m
check	Setup API client	2026-09-05T04:07:19.6825715Z ^[[36;1m      parent_dir=$(dirname "$parent_dir")^[[0m
check	Setup API client	2026-09-05T04:07:19.6826868Z ^[[36;1m    done^[[0m
check	Setup API client	2026-09-05T04:07:19.6827708Z ^[[36;1m  done^[[0m
check	Setup API client	2026-09-05T04:07:19.6828522Z ^[[36;1m^[[0m
check	Setup API client	2026-09-05T04:07:19.6829356Z ^[[36;1m  popd >/dev/null 2>&1 || true^[[0m
check	Setup API client	2026-09-05T04:07:19.6830666Z ^[[36;1m}^[[0m
check	Setup API client	2026-09-05T04:07:19.6831519Z ^[[36;1m^[[0m
check	Setup API client	2026-09-05T04:07:19.6832365Z ^[[36;1mtrap cleanup_vendor_aliases EXIT^[[0m
check	Setup API client	2026-09-05T04:07:19.6833433Z ^[[36;1m^[[0m
check	Setup API client	2026-09-05T04:07:19.6834251Z ^[[36;1mcreate_vendor_aliases() {^[[0m
check	Setup API client	2026-09-05T04:07:19.6835337Z ^[[36;1m  if [ ! -f "package.json" ]; then^[[0m
check	Setup API client	2026-09-05T04:07:19.6836435Z ^[[36;1m    return 0^[[0m
check	Setup API client	2026-09-05T04:07:19.6837298Z ^[[36;1m  fi^[[0m
check	Setup API client	2026-09-05T04:07:19.6838096Z ^[[36;1m^[[0m
check	Setup API client	2026-09-05T04:07:19.6838888Z ^[[36;1m  local alias_tmp^[[0m
check	Setup API client	2026-09-05T04:07:19.6840055Z ^[[36;1m  alias_tmp=$(mktemp)^[[0m
check	Setup API client	2026-09-05T04:07:19.6841196Z ^[[36;1m^[[0m
check	Setup API client	2026-09-05T04:07:19.6842652Z ^[[36;1m  local helper_root="${GITHUB_ACTION_PATH:-${GITHUB_WORKSPACE}/.github/actions/setup-api-client}"^[[0m
check	Setup API client	2026-09-05T04:07:19.6844657Z ^[[36;1m  local alias_helper="${helper_root}/create_vendor_aliases.js"^[[0m
check	Setup API client	2026-09-05T04:07:19.6846054Z ^[[36;1m  if [ ! -f "$alias_helper" ]; then^[[0m
check	Setup API client	2026-09-05T04:07:19.6847415Z ^[[36;1m    echo "::error::Missing vendored alias helper: $alias_helper"^[[0m
check	Setup API client	2026-09-05T04:07:19.6848774Z ^[[36;1m    rm -f "$alias_tmp"^[[0m
check	Setup API client	2026-09-05T04:07:19.6849737Z ^[[36;1m    return 1^[[0m
check	Setup API client	2026-09-05T04:07:19.6850705Z ^[[36;1m  fi^[[0m
check	Setup API client	2026-09-05T04:07:19.6851493Z ^[[36;1m^[[0m
check	Setup API client	2026-09-05T04:07:19.6852509Z ^[[36;1m  if node "$alias_helper" "$INSTALL_DIR" >"$alias_tmp"; then^[[0m
check	Setup API client	2026-09-05T04:07:19.6853908Z ^[[36;1m    :^[[0m
check	Setup API client	2026-09-05T04:07:19.6854719Z ^[[36;1m  else^[[0m
check	Setup API client	2026-09-05T04:07:19.6855822Z ^[[36;1m    echo "::error::Failed to prepare vendored dependency aliases"^[[0m
check	Setup API client	2026-09-05T04:07:19.6857201Z ^[[36;1m    rm -f "$alias_tmp"^[[0m
check	Setup API client	2026-09-05T04:07:19.6858157Z ^[[36;1m    return 1^[[0m
check	Setup API client	2026-09-05T04:07:19.6859005Z ^[[36;1m  fi^[[0m
check	Setup API client	2026-09-05T04:07:19.6859785Z ^[[36;1m^[[0m
check	Setup API client	2026-09-05T04:07:19.6860783Z ^[[36;1m  while IFS= read -r vendored_alias; do^[[0m
check	Setup API client	2026-09-05T04:07:19.6861971Z ^[[36;1m    if [ -z "$vendored_alias" ]; then^[[0m
check	Setup API client	2026-09-05T04:07:19.6863053Z ^[[36;1m      continue^[[0m
check	Setup API client	2026-09-05T04:07:19.6863923Z ^[[36;1m    fi^[[0m
check	Setup API client	2026-09-05T04:07:19.6864851Z ^[[36;1m    VENDORED_ALIAS_DIRS+=("$vendored_alias")^[[0m
check	Setup API client	2026-09-05T04:07:19.6866013Z ^[[36;1m  done <"$alias_tmp"^[[0m
check	Setup API client	2026-09-05T04:07:19.6866925Z ^[[36;1m^[[0m
check	Setup API client	2026-09-05T04:07:19.6867715Z ^[[36;1m  rm -f "$alias_tmp"^[[0m
check	Setup API client	2026-09-05T04:07:19.6868639Z ^[[36;1m}^[[0m
check	Setup API client	2026-09-05T04:07:19.6869410Z ^[[36;1m^[[0m
check	Setup API client	2026-09-05T04:07:19.6870207Z ^[[36;1mcreate_vendor_aliases^[[0m
check	Setup API client	2026-09-05T04:07:19.6871565Z ^[[36;1m^[[0m
check	Setup API client	2026-09-05T04:07:19.6872786Z ^[[36;1m# Strip unresolvable file: dependencies from package.json so npm install^[[0m
check	Setup API client	2026-09-05T04:07:19.6874658Z ^[[36;1m# doesn't choke when vendored packages are missing (e.g. sparse checkout^[[0m
check	Setup API client	2026-09-05T04:07:19.6876498Z ^[[36;1m# that doesn't include node_modules/).  Back up the original first so we^[[0m
check	Setup API client	2026-09-05T04:07:19.6878311Z ^[[36;1m# can restore it after npm install — avoids leaking modified state into^[[0m
check	Setup API client	2026-09-05T04:07:19.6879926Z ^[[36;1m# downstream steps that expect a clean workspace.^[[0m
check	Setup API client	2026-09-05T04:07:19.6881306Z ^[[36;1mSTRIPPED_PKG_JSON=false^[[0m
check	Setup API client	2026-09-05T04:07:19.6882342Z ^[[36;1mif [ -f "package.json" ]; then^[[0m
check	Setup API client	2026-09-05T04:07:19.6883371Z ^[[36;1m  node -e '^[[0m
check	Setup API client	2026-09-05T04:07:19.6884269Z ^[[36;1m    const fs = require("fs");^[[0m
check	Setup API client	2026-09-05T04:07:19.6885353Z ^[[36;1m    const path = require("path");^[[0m
check	Setup API client	2026-09-05T04:07:19.6886625Z ^[[36;1m    const raw = fs.readFileSync("package.json", "utf8");^[[0m
check	Setup API client	2026-09-05T04:07:19.6887939Z ^[[36;1m    const pkg = JSON.parse(raw);^[[0m
check	Setup API client	2026-09-05T04:07:19.6889023Z ^[[36;1m    let changed = false;^[[0m
check	Setup API client	2026-09-05T04:07:19.6890400Z ^[[36;1m    for (const section of ["dependencies", "devDependencies"]) {^[[0m
check	Setup API client	2026-09-05T04:07:19.6891820Z ^[[36;1m      if (!pkg[section]) continue;^[[0m
check	Setup API client	2026-09-05T04:07:19.6893146Z ^[[36;1m      for (const [name, spec] of Object.entries(pkg[section])) {^[[0m
check	Setup API client	2026-09-05T04:07:19.6894731Z ^[[36;1m        if (typeof spec === "string" && spec.startsWith("file:")) {^[[0m
check	Setup API client	2026-09-05T04:07:19.6896214Z ^[[36;1m          const target = path.resolve(spec.slice(5));^[[0m
check	Setup API client	2026-09-05T04:07:19.6897487Z ^[[36;1m          if (!fs.existsSync(target)) {^[[0m
check	Setup API client	2026-09-05T04:07:19.6898651Z ^[[36;1m            delete pkg[section][name];^[[0m
check	Setup API client	2026-09-05T04:07:19.6899756Z ^[[36;1m            changed = true;^[[0m
check	Setup API client	2026-09-05T04:07:19.6901490Z ^[[36;1m            console.log("::notice::Stripped unresolvable vendored dep: " + name + " (" + spec + ")");^[[0m
check	Setup API client	2026-09-05T04:07:19.6903183Z ^[[36;1m          }^[[0m
check	Setup API client	2026-09-05T04:07:19.6904005Z ^[[36;1m        }^[[0m
check	Setup API client	2026-09-05T04:07:19.6904811Z ^[[36;1m      }^[[0m
check	Setup API client	2026-09-05T04:07:19.6905915Z ^[[36;1m      if (pkg[section] && Object.keys(pkg[section]).length === 0) {^[[0m
check	Setup API client	2026-09-05T04:07:19.6907456Z ^[[36;1m        delete pkg[section];^[[0m
check	Setup API client	2026-09-05T04:07:19.6908449Z ^[[36;1m      }^[[0m
check	Setup API client	2026-09-05T04:07:19.6909239Z ^[[36;1m    }^[[0m
check	Setup API client	2026-09-05T04:07:19.6910047Z ^[[36;1m    if (changed) {^[[0m
check	Setup API client	2026-09-05T04:07:19.6911576Z ^[[36;1m      fs.copyFileSync("package.json", "package.json.bak");^[[0m
check	Setup API client	2026-09-05T04:07:19.6913313Z ^[[36;1m      fs.writeFileSync("package.json", JSON.stringify(pkg, null, 2) + "\n");^[[0m
check	Setup API client	2026-09-05T04:07:19.6914893Z ^[[36;1m      process.stdout.write("STRIPPED");^[[0m
check	Setup API client	2026-09-05T04:07:19.6915999Z ^[[36;1m    }^[[0m
check	Setup API client	2026-09-05T04:07:19.6916786Z ^[[36;1m  '^[[0m
check	Setup API client	2026-09-05T04:07:19.6917658Z ^[[36;1m  if [ -f "package.json.bak" ]; then^[[0m
check	Setup API client	2026-09-05T04:07:19.6918789Z ^[[36;1m    STRIPPED_PKG_JSON=true^[[0m
check	Setup API client	2026-09-05T04:07:19.6919935Z ^[[36;1m  fi^[[0m
check	Setup API client	2026-09-05T04:07:19.6920868Z ^[[36;1mfi^[[0m
check	Setup API client	2026-09-05T04:07:19.6921632Z ^[[36;1m^[[0m
check	Setup API client	2026-09-05T04:07:19.6922982Z ^[[36;1m# Vendored packages often ship lifecycle scripts (tshy builds, custom bundlers, etc.)^[[0m
check	Setup API client	2026-09-05T04:07:19.6925226Z ^[[36;1m# that expect repo-specific tooling. Disable lifecycle scripts globally so npm install^[[0m
check	Setup API client	2026-09-05T04:07:19.6926951Z ^[[36;1m# never invokes those hooks inside CI.^[[0m
check	Setup API client	2026-09-05T04:07:19.6928167Z ^[[36;1mexport npm_config_ignore_scripts=true^[[0m
check	Setup API client	2026-09-05T04:07:19.6929267Z ^[[36;1m^[[0m
check	Setup API client	2026-09-05T04:07:19.6930272Z ^[[36;1m# Track if we create package.json so we can clean it up^[[0m
check	Setup API client	2026-09-05T04:07:19.6931688Z ^[[36;1mCREATED_PACKAGE_JSON=false^[[0m
check	Setup API client	2026-09-05T04:07:19.6932752Z ^[[36;1mif [ ! -f "package.json" ]; then^[[0m
check	Setup API client	2026-09-05T04:07:19.6933915Z ^[[36;1m  echo '{"private":true}' > package.json^[[0m
check	Setup API client	2026-09-05T04:07:19.6935090Z ^[[36;1m  CREATED_PACKAGE_JSON=true^[[0m
check	Setup API client	2026-09-05T04:07:19.6936074Z ^[[36;1mfi^[[0m
check	Setup API client	2026-09-05T04:07:19.6936840Z ^[[36;1m^[[0m
check	Setup API client	2026-09-05T04:07:19.6937958Z ^[[36;1m# Check if already installed (including lru-cache@10.4.3, a required^[[0m
check	Setup API client	2026-09-05T04:07:19.6939755Z ^[[36;1m# transitive dep of @octokit/auth-app used for GitHub App token minting).^[[0m
check	Setup API client	2026-09-05T04:07:19.6941732Z ^[[36;1mif [ -d "node_modules/@octokit/rest" ] && [ -d "node_modules/lru-cache" ]; then^[[0m
check	Setup API client	2026-09-05T04:07:19.6943333Z ^[[36;1m  echo "✅ @octokit/rest already installed"^[[0m
check	Setup API client	2026-09-05T04:07:19.6944445Z ^[[36;1melse^[[0m
check	Setup API client	2026-09-05T04:07:19.6945523Z ^[[36;1m  # Snapshot vendored package metadata before npm install.^[[0m
check	Setup API client	2026-09-05T04:07:19.6947115Z ^[[36;1m  # npm may overwrite transitive deps (e.g. minimatch) that are^[[0m
check	Setup API client	2026-09-05T04:07:19.6948777Z ^[[36;1m  # committed as vendored packages with intentional version pins.^[[0m
check	Setup API client	2026-09-05T04:07:19.6950173Z ^[[36;1m  VENDORED_SNAPSHOT=""^[[0m
check	Setup API client	2026-09-05T04:07:19.6951685Z ^[[36;1m  if [ -f "node_modules/minimatch/package.json" ]; then^[[0m
check	Setup API client	2026-09-05T04:07:19.6952995Z ^[[36;1m    VENDORED_SNAPSHOT=$(mktemp -d)^[[0m
check	Setup API client	2026-09-05T04:07:19.6954152Z ^[[36;1m    for pkg_dir in node_modules/*/; do^[[0m
check	Setup API client	2026-09-05T04:07:19.6955381Z ^[[36;1m      if [ -f "${pkg_dir}package.json" ]; then^[[0m
check	Setup API client	2026-09-05T04:07:19.6956613Z ^[[36;1m        pkg_name=$(basename "$pkg_dir")^[[0m
check	Setup API client	2026-09-05T04:07:19.6957887Z ^[[36;1m        mkdir -p "${VENDORED_SNAPSHOT}/${pkg_name}"^[[0m
check	Setup API client	2026-09-05T04:07:19.6959500Z ^[[36;1m        cp "${pkg_dir}package.json" "${VENDORED_SNAPSHOT}/${pkg_name}/package.json"^[[0m
check	Setup API client	2026-09-05T04:07:19.6961158Z ^[[36;1m      fi^[[0m
check	Setup API client	2026-09-05T04:07:19.6961955Z ^[[36;1m    done^[[0m
check	Setup API client	2026-09-05T04:07:19.6962960Z ^[[36;1m    echo "📸 Snapshotted vendored package metadata"^[[0m
check	Setup API client	2026-09-05T04:07:19.6964142Z ^[[36;1m  fi^[[0m
check	Setup API client	2026-09-05T04:07:19.6964923Z ^[[36;1m^[[0m
check	Setup API client	2026-09-05T04:07:19.6965860Z ^[[36;1m  # Install with pinned versions for consistency.^[[0m
check	Setup API client	2026-09-05T04:07:19.6967487Z ^[[36;1m  # lru-cache is an explicit transitive dep of @octokit/auth-app required for^[[0m
check	Setup API client	2026-09-05T04:07:19.6969425Z ^[[36;1m  # GitHub App token minting; pin it here so npm always hoists a specific version^[[0m
check	Setup API client	2026-09-05T04:07:19.6971321Z ^[[36;1m  # even if a prior cached node_modules state is missing it.^[[0m
check	Setup API client	2026-09-05T04:07:19.6972580Z ^[[36;1m  #^[[0m
check	Setup API client	2026-09-05T04:07:19.6973809Z ^[[36;1m  # Retry with exponential backoff to survive transient npm registry errors^[[0m
check	Setup API client	2026-09-05T04:07:19.6975845Z ^[[36;1m  # (e.g. 403 Forbidden from CDN/rate-limit on safe-buffer, undici, etc.).^[[0m
check	Setup API client	2026-09-05T04:07:19.6977290Z ^[[36;1m  NPM_PACKAGES=(^[[0m
check	Setup API client	2026-09-05T04:07:19.6978223Z ^[[36;1m    @octokit/rest@20.0.2^[[0m
check	Setup API client	2026-09-05T04:07:19.6979267Z ^[[36;1m    @octokit/plugin-retry@6.0.1^[[0m
check	Setup API client	2026-09-05T04:07:19.6980538Z ^[[36;1m    @octokit/plugin-paginate-rest@9.1.5^[[0m
check	Setup API client	2026-09-05T04:07:19.6981704Z ^[[36;1m    @octokit/auth-app@6.0.3^[[0m
check	Setup API client	2026-09-05T04:07:19.6982717Z ^[[36;1m    lru-cache@10.4.3^[[0m
check	Setup API client	2026-09-05T04:07:19.6983625Z ^[[36;1m  )^[[0m
check	Setup API client	2026-09-05T04:07:19.6984438Z ^[[36;1m  NPM_MAX_RETRIES=3^[[0m
check	Setup API client	2026-09-05T04:07:19.6985575Z ^[[36;1m  NPM_BACKOFF=5  # seconds; doubles each retry (5, 10)^[[0m
check	Setup API client	2026-09-05T04:07:19.6986965Z ^[[36;1m  npm_installed=false^[[0m
check	Setup API client	2026-09-05T04:07:19.6987907Z ^[[36;1m^[[0m
check	Setup API client	2026-09-05T04:07:19.6988957Z ^[[36;1m  for (( attempt=1; attempt<=NPM_MAX_RETRIES; attempt++ )); do^[[0m
check	Setup API client	2026-09-05T04:07:19.6990490Z ^[[36;1m    npm_output=$(mktemp)^[[0m
check	Setup API client	2026-09-05T04:07:19.6991595Z ^[[36;1m^[[0m
check	Setup API client	2026-09-05T04:07:19.6992926Z ^[[36;1m    if npm install --no-save --location=project "${NPM_PACKAGES[@]}" 2>"$npm_output"; then^[[0m
check	Setup API client	2026-09-05T04:07:19.6994563Z ^[[36;1m      rm -f "$npm_output"^[[0m
check	Setup API client	2026-09-05T04:07:19.6995587Z ^[[36;1m      npm_installed=true^[[0m
check	Setup API client	2026-09-05T04:07:19.6996553Z ^[[36;1m      break^[[0m
check	Setup API client	2026-09-05T04:07:19.6997380Z ^[[36;1m    fi^[[0m
check	Setup API client	2026-09-05T04:07:19.6998174Z ^[[36;1m^[[0m
check	Setup API client	2026-09-05T04:07:19.6998993Z ^[[36;1m    npm_err=$(cat "$npm_output")^[[0m
check	Setup API client	2026-09-05T04:07:19.7000082Z ^[[36;1m    rm -f "$npm_output"^[[0m
check	Setup API client	2026-09-05T04:07:19.7001692Z ^[[36;1m    echo "::warning::npm install attempt $attempt/$NPM_MAX_RETRIES failed (see logs)"^[[0m
check	Setup API client	2026-09-05T04:07:19.7003412Z ^[[36;1m    echo "::group::npm stderr (attempt $attempt)"^[[0m
check	Setup API client	2026-09-05T04:07:19.7004620Z ^[[36;1m    echo "$npm_err"^[[0m
check	Setup API client	2026-09-05T04:07:19.7005590Z ^[[36;1m    echo "::endgroup::"^[[0m
check	Setup API client	2026-09-05T04:07:19.7006551Z ^[[36;1m^[[0m
check	Setup API client	2026-09-05T04:07:19.7007649Z ^[[36;1m    # On peer-dep / ERESOLVE failures, also try --legacy-peer-deps^[[0m
check	Setup API client	2026-09-05T04:07:19.7009532Z ^[[36;1m    if echo "$npm_err" | grep -qiE 'ERESOLVE|peer dep|Could not resolve dependency'; then^[[0m
check	Setup API client	2026-09-05T04:07:19.7011850Z ^[[36;1m      echo "::warning::Detected peer dependency conflict, retrying with --legacy-peer-deps"^[[0m
check	Setup API client	2026-09-05T04:07:19.7013552Z ^[[36;1m      npm_output=$(mktemp)^[[0m
check	Setup API client	2026-09-05T04:07:19.7015353Z ^[[36;1m      if npm install --no-save --legacy-peer-deps --location=project "${NPM_PACKAGES[@]}" 2>"$npm_output"; then^[[0m
check	Setup API client	2026-09-05T04:07:19.7017225Z ^[[36;1m        rm -f "$npm_output"^[[0m
check	Setup API client	2026-09-05T04:07:19.7018269Z ^[[36;1m        npm_installed=true^[[0m
check	Setup API client	2026-09-05T04:07:19.7019266Z ^[[36;1m        break^[[0m
check	Setup API client	2026-09-05T04:07:19.7020124Z ^[[36;1m      fi^[[0m
check	Setup API client	2026-09-05T04:07:19.7021154Z ^[[36;1m      npm_err_legacy=$(cat "$npm_output")^[[0m
check	Setup API client	2026-09-05T04:07:19.7022313Z ^[[36;1m      rm -f "$npm_output"^[[0m
check	Setup API client	2026-09-05T04:07:19.7023721Z ^[[36;1m      echo "::warning::npm install with --legacy-peer-deps failed (see logs)"^[[0m
check	Setup API client	2026-09-05T04:07:19.7025404Z ^[[36;1m      echo "::group::npm stderr (--legacy-peer-deps)"^[[0m
check	Setup API client	2026-09-05T04:07:19.7026640Z ^[[36;1m      echo "$npm_err_legacy"^[[0m
check	Setup API client	2026-09-05T04:07:19.7027687Z ^[[36;1m      echo "::endgroup::"^[[0m
check	Setup API client	2026-09-05T04:07:19.7028645Z ^[[36;1m    fi^[[0m
check	Setup API client	2026-09-05T04:07:19.7029419Z ^[[36;1m^[[0m
check	Setup API client	2026-09-05T04:07:19.7030445Z ^[[36;1m    if [ "$attempt" -lt "$NPM_MAX_RETRIES" ]; then^[[0m
check	Setup API client	2026-09-05T04:07:19.7031876Z ^[[36;1m      echo "::notice::Waiting ${NPM_BACKOFF}s before retry..."^[[0m
check	Setup API client	2026-09-05T04:07:19.7033215Z ^[[36;1m      sleep "$NPM_BACKOFF"^[[0m
check	Setup API client	2026-09-05T04:07:19.7034285Z ^[[36;1m      NPM_BACKOFF=$((NPM_BACKOFF * 2))^[[0m
check	Setup API client	2026-09-05T04:07:19.7035369Z ^[[36;1m    fi^[[0m
check	Setup API client	2026-09-05T04:07:19.7036159Z ^[[36;1m  done^[[0m
check	Setup API client	2026-09-05T04:07:19.7036953Z ^[[36;1m^[[0m
check	Setup API client	2026-09-05T04:07:19.7037816Z ^[[36;1m  if [ "$npm_installed" != "true" ]; then^[[0m
check	Setup API client	2026-09-05T04:07:19.7039268Z ^[[36;1m    echo "::error::npm install failed after $NPM_MAX_RETRIES attempts"^[[0m
check	Setup API client	2026-09-05T04:07:19.7040911Z ^[[36;1m    exit 1^[[0m
check	Setup API client	2026-09-05T04:07:19.7041744Z ^[[36;1m  fi^[[0m
check	Setup API client	2026-09-05T04:07:19.7042526Z ^[[36;1m^[[0m
check	Setup API client	2026-09-05T04:07:19.7043666Z ^[[36;1m  # Restore vendored package metadata that npm may have overwritten^[[0m
check	Setup API client	2026-09-05T04:07:19.7045413Z ^[[36;1m  if [ -n "${VENDORED_SNAPSHOT:-}" ] && [ -d "${VENDORED_SNAPSHOT}" ]; then^[[0m
check	Setup API client	2026-09-05T04:07:19.7046987Z ^[[36;1m    for pkg_backup in "${VENDORED_SNAPSHOT}"/*/; do^[[0m
check	Setup API client	2026-09-05T04:07:19.7048273Z ^[[36;1m      pkg_name=$(basename "$pkg_backup")^[[0m
check	Setup API client	2026-09-05T04:07:19.7049611Z ^[[36;1m      if [ -f "node_modules/${pkg_name}/package.json" ] && \^[[0m
check	Setup API client	2026-09-05T04:07:19.7051117Z ^[[36;1m         [ -f "${pkg_backup}package.json" ]; then^[[0m
check	Setup API client	2026-09-05T04:07:19.7052666Z ^[[36;1m        cp "${pkg_backup}package.json" "node_modules/${pkg_name}/package.json"^[[0m
check	Setup API client	2026-09-05T04:07:19.7054242Z ^[[36;1m      fi^[[0m
check	Setup API client	2026-09-05T04:07:19.7055044Z ^[[36;1m    done^[[0m
check	Setup API client	2026-09-05T04:07:19.7055939Z ^[[36;1m    rm -rf "${VENDORED_SNAPSHOT}"^[[0m
check	Setup API client	2026-09-05T04:07:19.7057169Z ^[[36;1m    echo "📸 Restored vendored package metadata"^[[0m
check	Setup API client	2026-09-05T04:07:19.7058326Z ^[[36;1m  fi^[[0m
check	Setup API client	2026-09-05T04:07:19.7059106Z ^[[36;1m^[[0m
check	Setup API client	2026-09-05T04:07:19.7060015Z ^[[36;1m  echo "✅ @octokit dependencies installed"^[[0m
check	Setup API client	2026-09-05T04:07:19.7061255Z ^[[36;1mfi^[[0m
check	Setup API client	2026-09-05T04:07:19.7062017Z ^[[36;1m^[[0m
check	Setup API client	2026-09-05T04:07:19.7063158Z ^[[36;1m# Restore original package.json if we stripped file: deps earlier,^[[0m
check	Setup API client	2026-09-05T04:07:19.7064774Z ^[[36;1m# so downstream steps see an unmodified workspace.^[[0m
check	Setup API client	2026-09-05T04:07:19.7066334Z ^[[36;1mif [ "$STRIPPED_PKG_JSON" = "true" ] && [ -f "package.json.bak" ]; then^[[0m
check	Setup API client	2026-09-05T04:07:19.7067833Z ^[[36;1m  mv "package.json.bak" "package.json"^[[0m
check	Setup API client	2026-09-05T04:07:19.7068933Z ^[[36;1mfi^[[0m
check	Setup API client	2026-09-05T04:07:19.7069707Z ^[[36;1m^[[0m
check	Setup API client	2026-09-05T04:07:19.7070619Z ^[[36;1mcleanup_vendor_aliases^[[0m
check	Setup API client	2026-09-05T04:07:19.7071603Z ^[[36;1mtrap - EXIT^[[0m
check	Setup API client	2026-09-05T04:07:19.7109951Z shell: /usr/bin/bash --noprofile --norc -e -o pipefail {0}
check	Setup API client	2026-09-05T04:07:19.7111363Z ##[endgroup]
check	Setup API client	2026-09-05T04:07:19.7189844Z 📦 Installing @octokit dependencies in /home/runner/work/Fine-Art-Archive/Fine-Art-Archive/.github/scripts...
check	Setup API client	2026-09-05T04:07:19.9196048Z 📸 Snapshotted vendored package metadata
check	Setup API client	2026-09-05T04:07:22.8963502Z 
check	Setup API client	2026-09-05T04:07:22.8964359Z added 66 packages, changed 1 package, and audited 70 packages in 3s
check	Setup API client	2026-09-05T04:07:22.8965070Z 
check	Setup API client	2026-09-05T04:07:22.8965235Z 2 packages are looking for funding
check	Setup API client	2026-09-05T04:07:22.8965635Z   run `npm fund` for details
check	Setup API client	2026-09-05T04:07:22.8984071Z 
check	Setup API client	2026-09-05T04:07:22.8984618Z 2 vulnerabilities (1 moderate, 1 high)
check	Setup API client	2026-09-05T04:07:22.8985012Z 
check	Setup API client	2026-09-05T04:07:22.8985227Z To address issues that do not require attention, run:
check	Setup API client	2026-09-05T04:07:22.8985681Z   npm audit fix
check	Setup API client	2026-09-05T04:07:22.8985997Z 
check	Setup API client	2026-09-05T04:07:22.8986135Z To address all issues, run:
check	Setup API client	2026-09-05T04:07:22.8986488Z   npm audit fix --force
check	Setup API client	2026-09-05T04:07:22.8986718Z 
check	Setup API client	2026-09-05T04:07:22.8986858Z Run `npm audit` for details.
check	Setup API client	2026-09-05T04:07:22.9553710Z 📸 Restored vendored package metadata
check	Setup API client	2026-09-05T04:07:22.9554451Z ✅ @octokit dependencies installed
check	Setup API client	2026-09-05T04:07:22.9604067Z ##[end-action id=__self.__run;outcome=success;conclusion=success;duration_ms=3289]
check	Setup API client	2026-09-05T04:07:22.9608240Z ##[start-action display=Export NODE_PATH for shared deps;id=__self.__run_2]
check	Setup API client	2026-09-05T04:07:22.9634481Z ##[group]Run set -euo pipefail
check	Setup API client	2026-09-05T04:07:22.9634809Z ^[[36;1mset -euo pipefail^[[0m
check	Setup API client	2026-09-05T04:07:22.9635077Z ^[[36;1mINSTALL_DIR=""^[[0m
check	Setup API client	2026-09-05T04:07:22.9635328Z ^[[36;1mif [ -z "$INSTALL_DIR" ]; then^[[0m
check	Setup API client	2026-09-05T04:07:22.9635675Z ^[[36;1m  INSTALL_DIR="${GITHUB_WORKSPACE}/.github/scripts"^[[0m
check	Setup API client	2026-09-05T04:07:22.9636004Z ^[[36;1mfi^[[0m
check	Setup API client	2026-09-05T04:07:22.9636252Z ^[[36;1mif [ -d "${INSTALL_DIR}/node_modules" ]; then^[[0m
check	Setup API client	2026-09-05T04:07:22.9636606Z ^[[36;1m  if [ -n "${NODE_PATH:-}" ]; then^[[0m
check	Setup API client	2026-09-05T04:07:22.9637029Z ^[[36;1m    echo "NODE_PATH=${INSTALL_DIR}/node_modules:${NODE_PATH}" >> "$GITHUB_ENV"^[[0m
check	Setup API client	2026-09-05T04:07:22.9637469Z ^[[36;1m  else^[[0m
check	Setup API client	2026-09-05T04:07:22.9638040Z ^[[36;1m    echo "NODE_PATH=${INSTALL_DIR}/node_modules" >> "$GITHUB_ENV"^[[0m
check	Setup API client	2026-09-05T04:07:22.9638414Z ^[[36;1m  fi^[[0m
check	Setup API client	2026-09-05T04:07:22.9638614Z ^[[36;1melse^[[0m
check	Setup API client	2026-09-05T04:07:22.9639054Z ^[[36;1m  echo "::notice::setup-api-client: ${INSTALL_DIR}/node_modules not found; skipping NODE_PATH export."^[[0m
check	Setup API client	2026-09-05T04:07:22.9639564Z ^[[36;1mfi^[[0m
check	Setup API client	2026-09-05T04:07:22.9676816Z shell: /usr/bin/bash --noprofile --norc -e -o pipefail {0}
check	Setup API client	2026-09-05T04:07:22.9677196Z ##[endgroup]
check	Setup API client	2026-09-05T04:07:22.9765772Z ##[end-action id=__self.__run_2;outcome=success;conclusion=success;duration_ms=15]
check	Setup API client	2026-09-05T04:07:22.9775041Z ##[start-action display=Export load balancer tokens;id=__self.export-tokens]
check	Setup API client	2026-09-05T04:07:22.9794576Z ##[group]Run set -euo pipefail
check	Setup API client	2026-09-05T04:07:22.9795135Z ^[[36;1mset -euo pipefail^[[0m
check	Setup API client	2026-09-05T04:07:22.9795376Z ^[[36;1m^[[0m
check	Setup API client	2026-09-05T04:07:22.9795568Z ^[[36;1mtoken_count=0^[[0m
check	Setup API client	2026-09-05T04:07:22.9795797Z ^[[36;1mavailable_tokens=""^[[0m
check	Setup API client	2026-09-05T04:07:22.9796039Z ^[[36;1m^[[0m
check	Setup API client	2026-09-05T04:07:22.9796251Z ^[[36;1m# Export a variable to GITHUB_ENV^[[0m
check	Setup API client	2026-09-05T04:07:22.9796660Z ^[[36;1m# Note: Empty values are intentionally not counted as available tokens^[[0m
check	Setup API client	2026-09-05T04:07:22.9797050Z ^[[36;1mexport_var() {^[[0m
check	Setup API client	2026-09-05T04:07:22.9797276Z ^[[36;1m  local name="$1"^[[0m
check	Setup API client	2026-09-05T04:07:22.9797510Z ^[[36;1m  local value="${2-}"^[[0m
check	Setup API client	2026-09-05T04:07:22.9797760Z ^[[36;1m  if [ -z "${value}" ]; then^[[0m
check	Setup API client	2026-09-05T04:07:22.9798018Z ^[[36;1m    return 0^[[0m
check	Setup API client	2026-09-05T04:07:22.9798224Z ^[[36;1m  fi^[[0m
check	Setup API client	2026-09-05T04:07:22.9798412Z ^[[36;1m^[[0m
check	Setup API client	2026-09-05T04:07:22.9798647Z ^[[36;1m  # Handle multiline values (like private keys)^[[0m
check	Setup API client	2026-09-05T04:07:22.9798975Z ^[[36;1m  if [[ "${value}" == *$'\n'* ]]; then^[[0m
check	Setup API client	2026-09-05T04:07:22.9799256Z ^[[36;1m    {^[[0m
check	Setup API client	2026-09-05T04:07:22.9799455Z ^[[36;1m      echo "${name}<<EOF"^[[0m
check	Setup API client	2026-09-05T04:07:22.9799710Z ^[[36;1m      printf '%s\n' "${value}"^[[0m
check	Setup API client	2026-09-05T04:07:22.9799970Z ^[[36;1m      echo "EOF"^[[0m
check	Setup API client	2026-09-05T04:07:22.9800211Z ^[[36;1m    } >>"${GITHUB_ENV}"^[[0m
check	Setup API client	2026-09-05T04:07:22.9800737Z ^[[36;1m  else^[[0m
check	Setup API client	2026-09-05T04:07:22.9801020Z ^[[36;1m    printf '%s=%s\n' "${name}" "${value}" >>"${GITHUB_ENV}"^[[0m
check	Setup API client	2026-09-05T04:07:22.9801360Z ^[[36;1m  fi^[[0m
check	Setup API client	2026-09-05T04:07:22.9801544Z ^[[36;1m^[[0m
check	Setup API client	2026-09-05T04:07:22.9801750Z ^[[36;1m  token_count=$((token_count + 1))^[[0m
check	Setup API client	2026-09-05T04:07:22.9802062Z ^[[36;1m  if [ -n "$available_tokens" ]; then^[[0m
check	Setup API client	2026-09-05T04:07:22.9802399Z ^[[36;1m    available_tokens="${available_tokens},${name}"^[[0m
check	Setup API client	2026-09-05T04:07:22.9802703Z ^[[36;1m  else^[[0m
check	Setup API client	2026-09-05T04:07:22.9802909Z ^[[36;1m    available_tokens="${name}"^[[0m
check	Setup API client	2026-09-05T04:07:22.9803162Z ^[[36;1m  fi^[[0m
check	Setup API client	2026-09-05T04:07:22.9803344Z ^[[36;1m^[[0m
check	Setup API client	2026-09-05T04:07:22.9803558Z ^[[36;1m  if [ "${INPUT_VERBOSE}" = "true" ]; then^[[0m
check	Setup API client	2026-09-05T04:07:22.9803874Z ^[[36;1m    echo "  ✅ ${name} exported"^[[0m
check	Setup API client	2026-09-05T04:07:22.9804132Z ^[[36;1m  fi^[[0m
check	Setup API client	2026-09-05T04:07:22.9804438Z ^[[36;1m}^[[0m
check	Setup API client	2026-09-05T04:07:22.9804723Z ^[[36;1m^[[0m
check	Setup API client	2026-09-05T04:07:22.9805131Z ^[[36;1mecho "🔐 Exporting tokens to environment..."^[[0m
check	Setup API client	2026-09-05T04:07:22.9805622Z ^[[36;1m^[[0m
check	Setup API client	2026-09-05T04:07:22.9806047Z ^[[36;1m# Try to extract from JSON secrets first (requires jq)^[[0m
check	Setup API client	2026-09-05T04:07:22.9806795Z ^[[36;1mif [ -n "${INPUT_SECRETS:-}" ] && [ "${INPUT_SECRETS}" != "null" ]; then^[[0m
check	Setup API client	2026-09-05T04:07:22.9807488Z ^[[36;1m  if ! command -v jq >/dev/null 2>&1; then^[[0m
check	Setup API client	2026-09-05T04:07:22.9808358Z ^[[36;1m    echo "::warning::'jq' is not installed; falling back to individual token inputs instead of parsing JSON secrets."^[[0m
check	Setup API client	2026-09-05T04:07:22.9809364Z ^[[36;1m    # Fall back to individual inputs when jq is unavailable^[[0m
check	Setup API client	2026-09-05T04:07:22.9810077Z ^[[36;1m    SERVICE_BOT_PAT="${INPUT_SERVICE_BOT_PAT:-}"^[[0m
check	Setup API client	2026-09-05T04:07:22.9811012Z ^[[36;1m    ACTIONS_BOT_PAT="${INPUT_ACTIONS_BOT_PAT:-}"^[[0m
check	Setup API client	2026-09-05T04:07:22.9811633Z ^[[36;1m    OWNER_PR_PAT="${INPUT_OWNER_PR_PAT:-}"^[[0m
check	Setup API client	2026-09-05T04:07:22.9812246Z ^[[36;1m    AGENTS_AUTOMATION_PAT="${INPUT_AGENTS_AUTOMATION_PAT:-}"^[[0m
check	Setup API client	2026-09-05T04:07:22.9812863Z ^[[36;1m    WORKFLOWS_APP_ID="${INPUT_WORKFLOWS_APP_ID:-}"^[[0m
check	Setup API client	2026-09-05T04:07:22.9813296Z ^[[36;1m    WORKFLOWS_APP_PRIVATE_KEY="${INPUT_WORKFLOWS_APP_PRIVATE_KEY:-}"^[[0m
check	Setup API client	2026-09-05T04:07:22.9813730Z ^[[36;1m    KEEPALIVE_APP_ID="${INPUT_KEEPALIVE_APP_ID:-}"^[[0m
check	Setup API client	2026-09-05T04:07:22.9814160Z ^[[36;1m    KEEPALIVE_APP_PRIVATE_KEY="${INPUT_KEEPALIVE_APP_PRIVATE_KEY:-}"^[[0m
check	Setup API client	2026-09-05T04:07:22.9814552Z ^[[36;1m    GH_APP_ID="${INPUT_GH_APP_ID:-}"^[[0m
check	Setup API client	2026-09-05T04:07:22.9814894Z ^[[36;1m    GH_APP_PRIVATE_KEY="${INPUT_GH_APP_PRIVATE_KEY:-}"^[[0m
check	Setup API client	2026-09-05T04:07:22.9815250Z ^[[36;1m    APP_1_ID="${INPUT_APP_1_ID:-}"^[[0m
check	Setup API client	2026-09-05T04:07:22.9815601Z ^[[36;1m    APP_1_PRIVATE_KEY="${INPUT_APP_1_PRIVATE_KEY:-}"^[[0m
check	Setup API client	2026-09-05T04:07:22.9816077Z ^[[36;1m    APP_2_ID="${INPUT_APP_2_ID:-}"^[[0m
check	Setup API client	2026-09-05T04:07:22.9816400Z ^[[36;1m    APP_2_PRIVATE_KEY="${INPUT_APP_2_PRIVATE_KEY:-}"^[[0m
check	Setup API client	2026-09-05T04:07:22.9816710Z ^[[36;1m  else^[[0m
check	Setup API client	2026-09-05T04:07:22.9816939Z ^[[36;1m    # Parse JSON secrets using jq^[[0m
check	Setup API client	2026-09-05T04:07:22.9817226Z ^[[36;1m    extract_secret() {^[[0m
check	Setup API client	2026-09-05T04:07:22.9817472Z ^[[36;1m      local key="$1"^[[0m
check	Setup API client	2026-09-05T04:07:22.9817823Z ^[[36;1m      echo "${INPUT_SECRETS}" | jq -r ".${key} // empty" 2>/dev/null || echo ""^[[0m
check	Setup API client	2026-09-05T04:07:22.9818206Z ^[[36;1m    }^[[0m
check	Setup API client	2026-09-05T04:07:22.9818395Z ^[[36;1m^[[0m
check	Setup API client	2026-09-05T04:07:22.9818651Z ^[[36;1m    SERVICE_BOT_PAT=$(extract_secret "SERVICE_BOT_PAT")^[[0m
check	Setup API client	2026-09-05T04:07:22.9819039Z ^[[36;1m    ACTIONS_BOT_PAT=$(extract_secret "ACTIONS_BOT_PAT")^[[0m
check	Setup API client	2026-09-05T04:07:22.9819412Z ^[[36;1m    OWNER_PR_PAT=$(extract_secret "OWNER_PR_PAT")^[[0m
check	Setup API client	2026-09-05T04:07:22.9819831Z ^[[36;1m    AGENTS_AUTOMATION_PAT=$(extract_secret "AGENTS_AUTOMATION_PAT")^[[0m
check	Setup API client	2026-09-05T04:07:22.9820280Z ^[[36;1m    WORKFLOWS_APP_ID=$(extract_secret "WORKFLOWS_APP_ID")^[[0m
check	Setup API client	2026-09-05T04:07:22.9821246Z ^[[36;1m    WORKFLOWS_APP_PRIVATE_KEY=$(extract_secret "WORKFLOWS_APP_PRIVATE_KEY")^[[0m
check	Setup API client	2026-09-05T04:07:22.9821731Z ^[[36;1m    KEEPALIVE_APP_ID=$(extract_secret "KEEPALIVE_APP_ID")^[[0m
check	Setup API client	2026-09-05T04:07:22.9822197Z ^[[36;1m    KEEPALIVE_APP_PRIVATE_KEY=$(extract_secret "KEEPALIVE_APP_PRIVATE_KEY")^[[0m
check	Setup API client	2026-09-05T04:07:22.9822626Z ^[[36;1m    GH_APP_ID=$(extract_secret "GH_APP_ID")^[[0m
check	Setup API client	2026-09-05T04:07:22.9822993Z ^[[36;1m    GH_APP_PRIVATE_KEY=$(extract_secret "GH_APP_PRIVATE_KEY")^[[0m
check	Setup API client	2026-09-05T04:07:22.9823372Z ^[[36;1m    APP_1_ID=$(extract_secret "APP_1_ID")^[[0m
check	Setup API client	2026-09-05T04:07:22.9823733Z ^[[36;1m    APP_1_PRIVATE_KEY=$(extract_secret "APP_1_PRIVATE_KEY")^[[0m
check	Setup API client	2026-09-05T04:07:22.9824103Z ^[[36;1m    APP_2_ID=$(extract_secret "APP_2_ID")^[[0m
check	Setup API client	2026-09-05T04:07:22.9824453Z ^[[36;1m    APP_2_PRIVATE_KEY=$(extract_secret "APP_2_PRIVATE_KEY")^[[0m
check	Setup API client	2026-09-05T04:07:22.9824780Z ^[[36;1m  fi^[[0m
check	Setup API client	2026-09-05T04:07:22.9824977Z ^[[36;1melse^[[0m
check	Setup API client	2026-09-05T04:07:22.9825210Z ^[[36;1m  # Fall back to individual inputs^[[0m
check	Setup API client	2026-09-05T04:07:22.9825536Z ^[[36;1m  SERVICE_BOT_PAT="${INPUT_SERVICE_BOT_PAT:-}"^[[0m
check	Setup API client	2026-09-05T04:07:22.9825884Z ^[[36;1m  ACTIONS_BOT_PAT="${INPUT_ACTIONS_BOT_PAT:-}"^[[0m
check	Setup API client	2026-09-05T04:07:22.9826217Z ^[[36;1m  OWNER_PR_PAT="${INPUT_OWNER_PR_PAT:-}"^[[0m
check	Setup API client	2026-09-05T04:07:22.9826593Z ^[[36;1m  AGENTS_AUTOMATION_PAT="${INPUT_AGENTS_AUTOMATION_PAT:-}"^[[0m
check	Setup API client	2026-09-05T04:07:22.9826987Z ^[[36;1m  WORKFLOWS_APP_ID="${INPUT_WORKFLOWS_APP_ID:-}"^[[0m
check	Setup API client	2026-09-05T04:07:22.9827407Z ^[[36;1m  WORKFLOWS_APP_PRIVATE_KEY="${INPUT_WORKFLOWS_APP_PRIVATE_KEY:-}"^[[0m
check	Setup API client	2026-09-05T04:07:22.9827825Z ^[[36;1m  KEEPALIVE_APP_ID="${INPUT_KEEPALIVE_APP_ID:-}"^[[0m
check	Setup API client	2026-09-05T04:07:22.9828232Z ^[[36;1m  KEEPALIVE_APP_PRIVATE_KEY="${INPUT_KEEPALIVE_APP_PRIVATE_KEY:-}"^[[0m
check	Setup API client	2026-09-05T04:07:22.9828622Z ^[[36;1m  GH_APP_ID="${INPUT_GH_APP_ID:-}"^[[0m
check	Setup API client	2026-09-05T04:07:22.9828952Z ^[[36;1m  GH_APP_PRIVATE_KEY="${INPUT_GH_APP_PRIVATE_KEY:-}"^[[0m
check	Setup API client	2026-09-05T04:07:22.9829284Z ^[[36;1m  APP_1_ID="${INPUT_APP_1_ID:-}"^[[0m
check	Setup API client	2026-09-05T04:07:22.9829610Z ^[[36;1m  APP_1_PRIVATE_KEY="${INPUT_APP_1_PRIVATE_KEY:-}"^[[0m
check	Setup API client	2026-09-05T04:07:22.9829943Z ^[[36;1m  APP_2_ID="${INPUT_APP_2_ID:-}"^[[0m
check	Setup API client	2026-09-05T04:07:22.9830263Z ^[[36;1m  APP_2_PRIVATE_KEY="${INPUT_APP_2_PRIVATE_KEY:-}"^[[0m
check	Setup API client	2026-09-05T04:07:22.9831005Z ^[[36;1mfi^[[0m
check	Setup API client	2026-09-05T04:07:22.9831192Z ^[[36;1m^[[0m
check	Setup API client	2026-09-05T04:07:22.9831493Z ^[[36;1m# Export GITHUB_TOKEN (GH_TOKEN is the same value, only count once)^[[0m
check	Setup API client	2026-09-05T04:07:22.9831908Z ^[[36;1mif [ -n "${INPUT_GITHUB_TOKEN:-}" ]; then^[[0m
check	Setup API client	2026-09-05T04:07:22.9832258Z ^[[36;1m  export_var "GITHUB_TOKEN" "${INPUT_GITHUB_TOKEN}"^[[0m
check	Setup API client	2026-09-05T04:07:22.9832620Z ^[[36;1m  # GH_TOKEN is exported but not double-counted^[[0m
check	Setup API client	2026-09-05T04:07:22.9833021Z ^[[36;1m  printf '%s=%s\n' "GH_TOKEN" "${INPUT_GITHUB_TOKEN}" >>"${GITHUB_ENV}"^[[0m
check	Setup API client	2026-09-05T04:07:22.9833403Z ^[[36;1mfi^[[0m
check	Setup API client	2026-09-05T04:07:22.9833591Z ^[[36;1m^[[0m
check	Setup API client	2026-09-05T04:07:22.9833782Z ^[[36;1m# Export PATs^[[0m
check	Setup API client	2026-09-05T04:07:22.9834194Z ^[[36;1mexport_var "SERVICE_BOT_PAT" "${SERVICE_BOT_PAT:-}"^[[0m
check	Setup API client	2026-09-05T04:07:22.9834573Z ^[[36;1mexport_var "ACTIONS_BOT_PAT" "${ACTIONS_BOT_PAT:-}"^[[0m
check	Setup API client	2026-09-05T04:07:22.9834932Z ^[[36;1mexport_var "OWNER_PR_PAT" "${OWNER_PR_PAT:-}"^[[0m
check	Setup API client	2026-09-05T04:07:22.9835349Z ^[[36;1mexport_var "AGENTS_AUTOMATION_PAT" "${AGENTS_AUTOMATION_PAT:-}"^[[0m
check	Setup API client	2026-09-05T04:07:22.9835712Z ^[[36;1m^[[0m
check	Setup API client	2026-09-05T04:07:22.9835911Z ^[[36;1m# Export App credentials^[[0m
check	Setup API client	2026-09-05T04:07:22.9836237Z ^[[36;1mexport_var "WORKFLOWS_APP_ID" "${WORKFLOWS_APP_ID:-}"^[[0m
check	Setup API client	2026-09-05T04:07:22.9836689Z ^[[36;1mexport_var "WORKFLOWS_APP_PRIVATE_KEY" "${WORKFLOWS_APP_PRIVATE_KEY:-}"^[[0m
check	Setup API client	2026-09-05T04:07:22.9837145Z ^[[36;1mexport_var "KEEPALIVE_APP_ID" "${KEEPALIVE_APP_ID:-}"^[[0m
check	Setup API client	2026-09-05T04:07:22.9837592Z ^[[36;1mexport_var "KEEPALIVE_APP_PRIVATE_KEY" "${KEEPALIVE_APP_PRIVATE_KEY:-}"^[[0m
check	Setup API client	2026-09-05T04:07:22.9838011Z ^[[36;1mexport_var "GH_APP_ID" "${GH_APP_ID:-}"^[[0m
check	Setup API client	2026-09-05T04:07:22.9838372Z ^[[36;1mexport_var "GH_APP_PRIVATE_KEY" "${GH_APP_PRIVATE_KEY:-}"^[[0m
check	Setup API client	2026-09-05T04:07:22.9838741Z ^[[36;1mexport_var "APP_1_ID" "${APP_1_ID:-}"^[[0m
check	Setup API client	2026-09-05T04:07:22.9839092Z ^[[36;1mexport_var "APP_1_PRIVATE_KEY" "${APP_1_PRIVATE_KEY:-}"^[[0m
check	Setup API client	2026-09-05T04:07:22.9839452Z ^[[36;1mexport_var "APP_2_ID" "${APP_2_ID:-}"^[[0m
check	Setup API client	2026-09-05T04:07:22.9839805Z ^[[36;1mexport_var "APP_2_PRIVATE_KEY" "${APP_2_PRIVATE_KEY:-}"^[[0m
check	Setup API client	2026-09-05T04:07:22.9840126Z ^[[36;1m^[[0m
check	Setup API client	2026-09-05T04:07:22.9840566Z ^[[36;1m# Output summary^[[0m
check	Setup API client	2026-09-05T04:07:22.9840959Z ^[[36;1mecho "token_count=${token_count}" >> "$GITHUB_OUTPUT"^[[0m
check	Setup API client	2026-09-05T04:07:22.9841399Z ^[[36;1mecho "available_tokens=${available_tokens}" >> "$GITHUB_OUTPUT"^[[0m
check	Setup API client	2026-09-05T04:07:22.9841761Z ^[[36;1m^[[0m
check	Setup API client	2026-09-05T04:07:22.9841973Z ^[[36;1minstall_dir="${INPUT_INSTALL_DIR:-}"^[[0m
check	Setup API client	2026-09-05T04:07:22.9842269Z ^[[36;1mif [ -z "$install_dir" ]; then^[[0m
check	Setup API client	2026-09-05T04:07:22.9842605Z ^[[36;1m  install_dir="${GITHUB_WORKSPACE}/.github/scripts"^[[0m
check	Setup API client	2026-09-05T04:07:22.9842910Z ^[[36;1mfi^[[0m
check	Setup API client	2026-09-05T04:07:22.9843106Z ^[[36;1msetup_contract="$(^[[0m
check	Setup API client	2026-09-05T04:07:22.9843388Z ^[[36;1m  AVAILABLE_TOKENS="${available_tokens}" \^[[0m
check	Setup API client	2026-09-05T04:07:22.9843691Z ^[[36;1m  TOKEN_COUNT="${token_count}" \^[[0m
check	Setup API client	2026-09-05T04:07:22.9843972Z ^[[36;1m  INSTALL_DIR="${install_dir}" \^[[0m
check	Setup API client	2026-09-05T04:07:22.9844240Z ^[[36;1m  node <<'NODE'^[[0m
check	Setup API client	2026-09-05T04:07:22.9844472Z ^[[36;1mconst fs = require('node:fs');^[[0m
check	Setup API client	2026-09-05T04:07:22.9844756Z ^[[36;1mconst path = require('node:path');^[[0m
check	Setup API client	2026-09-05T04:07:22.9845038Z ^[[36;1m^[[0m
check	Setup API client	2026-09-05T04:07:22.9845287Z ^[[36;1mconst installDir = process.env.INSTALL_DIR || '';^[[0m
check	Setup API client	2026-09-05T04:07:22.9845685Z ^[[36;1mconst tokenNames = (process.env.AVAILABLE_TOKENS || '')^[[0m
check	Setup API client	2026-09-05T04:07:22.9846022Z ^[[36;1m  .split(',')^[[0m
check	Setup API client	2026-09-05T04:07:22.9846258Z ^[[36;1m  .map((value) => value.trim())^[[0m
check	Setup API client	2026-09-05T04:07:22.9846525Z ^[[36;1m  .filter(Boolean);^[[0m
check	Setup API client	2026-09-05T04:07:22.9846785Z ^[[36;1mconst tokenSet = new Set(tokenNames);^[[0m
check	Setup API client	2026-09-05T04:07:22.9847068Z ^[[36;1mconst appPairs = [^[[0m
check	Setup API client	2026-09-05T04:07:22.9847412Z ^[[36;1m  ['WORKFLOWS_APP', 'WORKFLOWS_APP_ID', 'WORKFLOWS_APP_PRIVATE_KEY'],^[[0m
check	Setup API client	2026-09-05T04:07:22.9847888Z ^[[36;1m  ['KEEPALIVE_APP', 'KEEPALIVE_APP_ID', 'KEEPALIVE_APP_PRIVATE_KEY'],^[[0m
check	Setup API client	2026-09-05T04:07:22.9848298Z ^[[36;1m  ['GH_APP', 'GH_APP_ID', 'GH_APP_PRIVATE_KEY'],^[[0m
check	Setup API client	2026-09-05T04:07:22.9848780Z ^[[36;1m  ['APP_1', 'APP_1_ID', 'APP_1_PRIVATE_KEY'],^[[0m
check	Setup API client	2026-09-05T04:07:22.9849110Z ^[[36;1m  ['APP_2', 'APP_2_ID', 'APP_2_PRIVATE_KEY'],^[[0m
check	Setup API client	2026-09-05T04:07:22.9849391Z ^[[36;1m];^[[0m
check	Setup API client	2026-09-05T04:07:22.9849589Z ^[[36;1mconst authModes = [];^[[0m
check	Setup API client	2026-09-05T04:07:22.9849852Z ^[[36;1mif (tokenSet.has('GITHUB_TOKEN')) {^[[0m
check	Setup API client	2026-09-05T04:07:22.9850240Z ^[[36;1m  authModes.push({ source: 'GITHUB_TOKEN', mode: 'github-token' });^[[0m
check	Setup API client	2026-09-05T04:07:22.9850843Z ^[[36;1m}^[[0m
check	Setup API client	2026-09-05T04:07:22.9851055Z ^[[36;1mfor (const name of tokenNames) {^[[0m
check	Setup API client	2026-09-05T04:07:22.9851338Z ^[[36;1m  if (name.endsWith('_PAT')) {^[[0m
check	Setup API client	2026-09-05T04:07:22.9851652Z ^[[36;1m    authModes.push({ source: name, mode: 'pat' });^[[0m
check	Setup API client	2026-09-05T04:07:22.9852085Z ^[[36;1m  }^[[0m
check	Setup API client	2026-09-05T04:07:22.9852270Z ^[[36;1m}^[[0m
check	Setup API client	2026-09-05T04:07:22.9852521Z ^[[36;1mfor (const [source, idName, keyName] of appPairs) {^[[0m
check	Setup API client	2026-09-05T04:07:22.9852909Z ^[[36;1m  if (tokenSet.has(idName) && tokenSet.has(keyName)) {^[[0m
check	Setup API client	2026-09-05T04:07:22.9853284Z ^[[36;1m    authModes.push({^[[0m
check	Setup API client	2026-09-05T04:07:22.9853522Z ^[[36;1m      source,^[[0m
check	Setup API client	2026-09-05T04:07:22.9853756Z ^[[36;1m      mode: 'github-app',^[[0m
check	Setup API client	2026-09-05T04:07:22.9854041Z ^[[36;1m      credential_names: [idName, keyName],^[[0m
check	Setup API client	2026-09-05T04:07:22.9854322Z ^[[36;1m    });^[[0m
check	Setup API client	2026-09-05T04:07:22.9854512Z ^[[36;1m  }^[[0m
check	Setup API client	2026-09-05T04:07:22.9854691Z ^[[36;1m}^[[0m
check	Setup API client	2026-09-05T04:07:22.9854866Z ^[[36;1m^[[0m
check	Setup API client	2026-09-05T04:07:22.9855133Z ^[[36;1mconst moduleDir = path.join(installDir, 'node_modules');^[[0m
check	Setup API client	2026-09-05T04:07:22.9855636Z ^[[36;1mconst hasModule = (name) => fs.existsSync(path.join(moduleDir, ...name.split('/')));^[[0m
check	Setup API client	2026-09-05T04:07:22.9856070Z ^[[36;1mconst contract = {^[[0m
check	Setup API client	2026-09-05T04:07:22.9856357Z ^[[36;1m  schema: 'workflows-api-client-setup/v1',^[[0m
check	Setup API client	2026-09-05T04:07:22.9856780Z ^[[36;1m  token_count: Number.parseInt(process.env.TOKEN_COUNT || '0', 10) || 0,^[[0m
check	Setup API client	2026-09-05T04:07:22.9857197Z ^[[36;1m  available_token_names: tokenNames,^[[0m
check	Setup API client	2026-09-05T04:07:22.9857492Z ^[[36;1m  auth_modes: authModes,^[[0m
check	Setup API client	2026-09-05T04:07:22.9857748Z ^[[36;1m  dependency_state: {^[[0m
check	Setup API client	2026-09-05T04:07:22.9858035Z ^[[36;1m    node_path_ready: fs.existsSync(moduleDir),^[[0m
check	Setup API client	2026-09-05T04:07:22.9858393Z ^[[36;1m    octokit_rest_ready: hasModule('@octokit/rest'),^[[0m
check	Setup API client	2026-09-05T04:07:22.9858787Z ^[[36;1m    octokit_auth_app_ready: hasModule('@octokit/auth-app'),^[[0m
check	Setup API client	2026-09-05T04:07:22.9859168Z ^[[36;1m    lru_cache_ready: hasModule('lru-cache'),^[[0m
check	Setup API client	2026-09-05T04:07:22.9859458Z ^[[36;1m  },^[[0m
check	Setup API client	2026-09-05T04:07:22.9859640Z ^[[36;1m};^[[0m
check	Setup API client	2026-09-05T04:07:22.9859886Z ^[[36;1mprocess.stdout.write(JSON.stringify(contract));^[[0m
check	Setup API client	2026-09-05T04:07:22.9860197Z ^[[36;1mNODE^[[0m
check	Setup API client	2026-09-05T04:07:22.9860628Z ^[[36;1m)"^[[0m
check	Setup API client	2026-09-05T04:07:22.9860943Z ^[[36;1mprintf 'setup_contract=%s\n' "$setup_contract" >> "$GITHUB_OUTPUT"^[[0m
check	Setup API client	2026-09-05T04:07:22.9861310Z ^[[36;1m^[[0m
check	Setup API client	2026-09-05T04:07:22.9861487Z ^[[36;1mecho ""^[[0m
check	Setup API client	2026-09-05T04:07:22.9861704Z ^[[36;1mecho "📊 Token Setup Summary:"^[[0m
check	Setup API client	2026-09-05T04:07:22.9862030Z ^[[36;1mecho "  Total tokens exported: ${token_count}"^[[0m
check	Setup API client	2026-09-05T04:07:22.9862433Z ^[[36;1mecho "  Setup contract schema: workflows-api-client-setup/v1"^[[0m
check	Setup API client	2026-09-05T04:07:22.9862815Z ^[[36;1mif [ "${INPUT_VERBOSE}" = "true" ]; then^[[0m
check	Setup API client	2026-09-05T04:07:22.9863134Z ^[[36;1m  echo "  Available: ${available_tokens}"^[[0m
check	Setup API client	2026-09-05T04:07:22.9863464Z ^[[36;1m  echo "  Setup contract: ${setup_contract}"^[[0m
check	Setup API client	2026-09-05T04:07:22.9863744Z ^[[36;1mfi^[[0m
check	Setup API client	2026-09-05T04:07:22.9863927Z ^[[36;1m^[[0m
check	Setup API client	2026-09-05T04:07:22.9864132Z ^[[36;1m# Warn if no tokens were exported^[[0m
check	Setup API client	2026-09-05T04:07:22.9864427Z ^[[36;1mif [ "${token_count}" -eq 0 ]; then^[[0m
check	Setup API client	2026-09-05T04:07:22.9864801Z ^[[36;1m  echo "::warning::No tokens were exported! API calls may fail."^[[0m
check	Setup API client	2026-09-05T04:07:22.9865256Z ^[[36;1m  echo "::warning::Ensure secrets are passed to this action."^[[0m
check	Setup API client	2026-09-05T04:07:22.9865592Z ^[[36;1mfi^[[0m
check	Setup API client	2026-09-05T04:07:22.9898724Z shell: /usr/bin/bash --noprofile --norc -e -o pipefail {0}
check	Setup API client	2026-09-05T04:07:22.9899082Z env:
check	Setup API client	2026-09-05T04:07:22.9899610Z   NODE_PATH: /home/runner/work/Fine-Art-Archive/Fine-Art-Archive/.github/scripts/node_modules
check	Setup API client	2026-09-05T04:07:22.9900072Z   INPUT_SECRETS: 
check	Setup API client	2026-09-05T04:07:22.9902743Z   INPUT_GITHUB_TOKEN: ***
check	Setup API client	2026-09-05T04:07:22.9903019Z   INPUT_SERVICE_BOT_PAT: 
check	Setup API client	2026-09-05T04:07:22.9903273Z   INPUT_ACTIONS_BOT_PAT: 
check	Setup API client	2026-09-05T04:07:22.9903487Z   INPUT_OWNER_PR_PAT: 
check	Setup API client	2026-09-05T04:07:22.9903714Z   INPUT_AGENTS_AUTOMATION_PAT: 
check	Setup API client	2026-09-05T04:07:22.9903957Z   INPUT_WORKFLOWS_APP_ID: 
check	Setup API client	2026-09-05T04:07:22.9904190Z   INPUT_WORKFLOWS_APP_PRIVATE_KEY: 
check	Setup API client	2026-09-05T04:07:22.9904448Z   INPUT_KEEPALIVE_APP_ID: 
check	Setup API client	2026-09-05T04:07:22.9904678Z   INPUT_KEEPALIVE_APP_PRIVATE_KEY: 
check	Setup API client	2026-09-05T04:07:22.9904926Z   INPUT_GH_APP_ID: 
check	Setup API client	2026-09-05T04:07:22.9905285Z   INPUT_GH_APP_PRIVATE_KEY: 
check	Setup API client	2026-09-05T04:07:22.9905526Z   INPUT_APP_1_ID: 
check	Setup API client	2026-09-05T04:07:22.9905728Z   INPUT_APP_1_PRIVATE_KEY: 
check	Setup API client	2026-09-05T04:07:22.9905950Z   INPUT_APP_2_ID: 
check	Setup API client	2026-09-05T04:07:22.9906147Z   INPUT_APP_2_PRIVATE_KEY: 
check	Setup API client	2026-09-05T04:07:22.9906375Z   INPUT_INSTALL_DIR: 
check	Setup API client	2026-09-05T04:07:22.9906585Z   INPUT_VERBOSE: false
check	Setup API client	2026-09-05T04:07:22.9906794Z ##[endgroup]
check	Setup API client	2026-09-05T04:07:22.9961219Z 🔐 Exporting tokens to environment...
check	Setup API client	2026-09-05T04:07:23.0236602Z 
check	Setup API client	2026-09-05T04:07:23.0237114Z 📊 Token Setup Summary:
check	Setup API client	2026-09-05T04:07:23.0237424Z   Total tokens exported: 1
check	Setup API client	2026-09-05T04:07:23.0237755Z   Setup contract schema: workflows-api-client-setup/v1
check	Setup API client	2026-09-05T04:07:23.0246106Z ##[end-action id=__self.export-tokens;outcome=success;conclusion=success;duration_ms=47]
check	Validate against AGENT_ISSUE_FORMAT	﻿2026-09-05T04:07:23.0308629Z ##[group]Run set -euo pipefail
check	Validate against AGENT_ISSUE_FORMAT	2026-09-05T04:07:23.0308978Z ^[[36;1mset -euo pipefail^[[0m
check	Validate against AGENT_ISSUE_FORMAT	2026-09-05T04:07:23.0309239Z ^[[36;1mreport_file="$(mktemp)"^[[0m
check	Validate against AGENT_ISSUE_FORMAT	2026-09-05T04:07:23.0309499Z ^[[36;1merror_file="$(mktemp)"^[[0m
check	Validate against AGENT_ISSUE_FORMAT	2026-09-05T04:07:23.0309819Z ^[[36;1mtrap 'rm -f "$report_file" "$error_file"' EXIT^[[0m
check	Validate against AGENT_ISSUE_FORMAT	2026-09-05T04:07:23.0310214Z ^[[36;1mif [[ ! -f .github/scripts/issue_format.py ]]; then^[[0m
check	Validate against AGENT_ISSUE_FORMAT	2026-09-05T04:07:23.0310966Z ^[[36;1m  # Tolerated: a consumer repo mid-sync may not have the validator yet,^[[0m
check	Validate against AGENT_ISSUE_FORMAT	2026-09-05T04:07:23.0311494Z ^[[36;1m  # and hard-failing would block every issue there. But the job used to^[[0m
check	Validate against AGENT_ISSUE_FORMAT	2026-09-05T04:07:23.0311985Z ^[[36;1m  # exit GREEN having validated nothing, so a sync that dropped the^[[0m
check	Validate against AGENT_ISSUE_FORMAT	2026-09-05T04:07:23.0312437Z ^[[36;1m  # file removed the gate with no signal at all. Make it loud.^[[0m
check	Validate against AGENT_ISSUE_FORMAT	2026-09-05T04:07:23.0313277Z ^[[36;1m  echo "::warning title=Issue format guard inactive::.github/scripts/issue_format.py is missing, so this issue was NOT validated. Re-sync from stranske/Workflows to restore the gate."^[[0m
check	Validate against AGENT_ISSUE_FORMAT	2026-09-05T04:07:23.0314170Z ^[[36;1m  echo "validator absent — skipping while this repo is mid-sync"^[[0m
check	Validate against AGENT_ISSUE_FORMAT	2026-09-05T04:07:23.0314575Z ^[[36;1m  echo "rc=skip" >> "$GITHUB_OUTPUT"^[[0m
check	Validate against AGENT_ISSUE_FORMAT	2026-09-05T04:07:23.0314862Z ^[[36;1m  exit 0^[[0m
check	Validate against AGENT_ISSUE_FORMAT	2026-09-05T04:07:23.0315061Z ^[[36;1mfi^[[0m
check	Validate against AGENT_ISSUE_FORMAT	2026-09-05T04:07:23.0315246Z ^[[36;1mset +e^[[0m
check	Validate against AGENT_ISSUE_FORMAT	2026-09-05T04:07:23.0315609Z ^[[36;1mpython3 .github/scripts/issue_format.py body.md > "$report_file" 2> "$error_file"^[[0m
check	Validate against AGENT_ISSUE_FORMAT	2026-09-05T04:07:23.0316043Z ^[[36;1mrc=$?^[[0m
check	Validate against AGENT_ISSUE_FORMAT	2026-09-05T04:07:23.0316239Z ^[[36;1mset -e^[[0m
check	Validate against AGENT_ISSUE_FORMAT	2026-09-05T04:07:23.0316457Z ^[[36;1mecho "rc=$rc" >> "$GITHUB_OUTPUT"^[[0m
check	Validate against AGENT_ISSUE_FORMAT	2026-09-05T04:07:23.0316741Z ^[[36;1mcat "$report_file" || true^[[0m
check	Validate against AGENT_ISSUE_FORMAT	2026-09-05T04:07:23.0317037Z ^[[36;1mif [[ "$rc" -eq 1 && -s "$error_file" ]]; then^[[0m
check	Validate against AGENT_ISSUE_FORMAT	2026-09-05T04:07:23.0317420Z ^[[36;1m  echo "::error::issue-format validator failed unexpectedly"^[[0m
check	Validate against AGENT_ISSUE_FORMAT	2026-09-05T04:07:23.0317776Z ^[[36;1m  cat "$error_file" >&2^[[0m
check	Validate against AGENT_ISSUE_FORMAT	2026-09-05T04:07:23.0318015Z ^[[36;1m  exit 1^[[0m
check	Validate against AGENT_ISSUE_FORMAT	2026-09-05T04:07:23.0318216Z ^[[36;1mfi^[[0m
check	Validate against AGENT_ISSUE_FORMAT	2026-09-05T04:07:23.0318435Z ^[[36;1mif [[ "$rc" -ne 0 && "$rc" -ne 1 ]]; then^[[0m
check	Validate against AGENT_ISSUE_FORMAT	2026-09-05T04:07:23.0318718Z ^[[36;1m  cat "$error_file" >&2^[[0m
check	Validate against AGENT_ISSUE_FORMAT	2026-09-05T04:07:23.0318963Z ^[[36;1m  exit "$rc"^[[0m
check	Validate against AGENT_ISSUE_FORMAT	2026-09-05T04:07:23.0319166Z ^[[36;1mfi^[[0m
check	Validate against AGENT_ISSUE_FORMAT	2026-09-05T04:07:23.0319372Z ^[[36;1mcp "$report_file" report.md^[[0m
check	Validate against AGENT_ISSUE_FORMAT	2026-09-05T04:07:23.0354875Z shell: /usr/bin/bash -e {0}
check	Validate against AGENT_ISSUE_FORMAT	2026-09-05T04:07:23.0355131Z env:
check	Validate against AGENT_ISSUE_FORMAT	2026-09-05T04:07:23.0355519Z   NODE_PATH: /home/runner/work/Fine-Art-Archive/Fine-Art-Archive/.github/scripts/node_modules
check	Validate against AGENT_ISSUE_FORMAT	2026-09-05T04:07:23.0358111Z   GITHUB_TOKEN: ***
check	Validate against AGENT_ISSUE_FORMAT	2026-09-05T04:07:23.0360559Z   GH_TOKEN: ***
check	Validate against AGENT_ISSUE_FORMAT	2026-09-05T04:07:23.0360820Z ##[endgroup]
check	Validate against AGENT_ISSUE_FORMAT	2026-09-05T04:07:23.0896982Z Issue body is agent-processable with advisories.
check	Validate against AGENT_ISSUE_FORMAT	2026-09-05T04:07:23.0897615Z 
check	Validate against AGENT_ISSUE_FORMAT	2026-09-05T04:07:23.0897645Z 
check	Validate against AGENT_ISSUE_FORMAT	2026-09-05T04:07:23.0897876Z _Advisory:_
check	Validate against AGENT_ISSUE_FORMAT	2026-09-05T04:07:23.0899444Z - 1 cited path(s) do not exist yet: `meta.json` — expected when a task creates them; check for typos otherwise.
check	Clear the stale format trigger	﻿2026-09-05T04:07:23.1005372Z ##[group]Run set -euo pipefail
check	Clear the stale format trigger	2026-09-05T04:07:23.1005702Z ^[[36;1mset -euo pipefail^[[0m
check	Clear the stale format trigger	2026-09-05T04:07:23.1006092Z ^[[36;1mgh issue view "$NUMBER" --repo "$GITHUB_REPOSITORY" --json labels \^[[0m
check	Clear the stale format trigger	2026-09-05T04:07:23.1006693Z ^[[36;1m  --jq '.labels[].name' > labels.txt^[[0m
check	Clear the stale format trigger	2026-09-05T04:07:23.1007030Z ^[[36;1mif grep -qx 'agents:format' labels.txt; then^[[0m
check	Clear the stale format trigger	2026-09-05T04:07:23.1007524Z ^[[36;1m  gh issue edit "$NUMBER" --repo "$GITHUB_REPOSITORY" --remove-label "agents:format"^[[0m
check	Clear the stale format trigger	2026-09-05T04:07:23.1008019Z ^[[36;1m  echo "Conforms now — cleared agents:format."^[[0m
check	Clear the stale format trigger	2026-09-05T04:07:23.1008323Z ^[[36;1mfi^[[0m
check	Clear the stale format trigger	2026-09-05T04:07:23.1044773Z shell: /usr/bin/bash -e {0}
check	Clear the stale format trigger	2026-09-05T04:07:23.1045035Z env:
check	Clear the stale format trigger	2026-09-05T04:07:23.1045429Z   NODE_PATH: /home/runner/work/Fine-Art-Archive/Fine-Art-Archive/.github/scripts/node_modules
check	Clear the stale format trigger	2026-09-05T04:07:23.1048251Z   GITHUB_TOKEN: ***
check	Clear the stale format trigger	2026-09-05T04:07:23.1051469Z   GH_TOKEN: ***
check	Clear the stale format trigger	2026-09-05T04:07:23.1051804Z   NUMBER: 691
check	Clear the stale format trigger	2026-09-05T04:07:23.1052209Z ##[endgroup]
check	Post Run actions/checkout@3d3c42e5aac5ba805825da76410c181273ba90b1	﻿2026-09-05T04:07:23.4252324Z Post job cleanup.
check	Post Run actions/checkout@3d3c42e5aac5ba805825da76410c181273ba90b1	2026-09-05T04:07:23.5094404Z [command]/usr/bin/git version
check	Post Run actions/checkout@3d3c42e5aac5ba805825da76410c181273ba90b1	2026-09-05T04:07:23.5137149Z git version 2.55.0
check	Post Run actions/checkout@3d3c42e5aac5ba805825da76410c181273ba90b1	2026-09-05T04:07:23.5172697Z Temporarily overriding HOME='/home/runner/work/_temp/7bd545b1-03b5-4a85-870c-a8de339ee977' before making global git config changes
check	Post Run actions/checkout@3d3c42e5aac5ba805825da76410c181273ba90b1	2026-09-05T04:07:23.5174048Z Adding repository directory to the temporary git global config as a safe directory
check	Post Run actions/checkout@3d3c42e5aac5ba805825da76410c181273ba90b1	2026-09-05T04:07:23.5177899Z [command]/usr/bin/git config --global --add safe.directory /home/runner/work/Fine-Art-Archive/Fine-Art-Archive
check	Post Run actions/checkout@3d3c42e5aac5ba805825da76410c181273ba90b1	2026-09-05T04:07:23.5206495Z Removing SSH command configuration
check	Post Run actions/checkout@3d3c42e5aac5ba805825da76410c181273ba90b1	2026-09-05T04:07:23.5213520Z [command]/usr/bin/git config --local --name-only --get-regexp core\.sshCommand
check	Post Run actions/checkout@3d3c42e5aac5ba805825da76410c181273ba90b1	2026-09-05T04:07:23.5246066Z [command]/usr/bin/git submodule foreach --recursive sh -c "git config --local --name-only --get-regexp 'core\.sshCommand' && git config --local --unset-all 'core.sshCommand' || :"
check	Post Run actions/checkout@3d3c42e5aac5ba805825da76410c181273ba90b1	2026-09-05T04:07:23.5461361Z Removing HTTP extra header
check	Post Run actions/checkout@3d3c42e5aac5ba805825da76410c181273ba90b1	2026-09-05T04:07:23.5466039Z [command]/usr/bin/git config --local --name-only --get-regexp http\.https\:\/\/github\.com\/\.extraheader
check	Post Run actions/checkout@3d3c42e5aac5ba805825da76410c181273ba90b1	2026-09-05T04:07:23.5496272Z [command]/usr/bin/git submodule foreach --recursive sh -c "git config --local --name-only --get-regexp 'http\.https\:\/\/github\.com\/\.extraheader' && git config --local --unset-all 'http.https://github.com/.extraheader' || :"
check	Post Run actions/checkout@3d3c42e5aac5ba805825da76410c181273ba90b1	2026-09-05T04:07:23.5705284Z Removing includeIf entries pointing to credentials config files
check	Post Run actions/checkout@3d3c42e5aac5ba805825da76410c181273ba90b1	2026-09-05T04:07:23.5711177Z [command]/usr/bin/git config --local --name-only --get-regexp ^includeIf\.gitdir:
check	Post Run actions/checkout@3d3c42e5aac5ba805825da76410c181273ba90b1	2026-09-05T04:07:23.5740895Z [command]/usr/bin/git submodule foreach --recursive git config --local --show-origin --name-only --get-regexp remote.origin.url
check	Complete job	﻿2026-09-05T04:07:23.6078804Z Cleaning up orphan processes
